Component: ARM Compiler 5.06 update 4 (build 422) Tool: armlink [4d35d2]

==============================================================================

Section Cross References

    system_stm32f4xx.o(i.SystemCoreClockUpdate) refers to system_stm32f4xx.o(.data) for SystemCoreClock
    system_stm32f4xx.o(i.SystemInit) refers to system_stm32f4xx.o(i.SetSysClock) for SetSysClock
    startup_stm32f427x.o(STACK) refers (Special) to heapauxi.o(.text) for __use_two_region_memory
    startup_stm32f427x.o(HEAP) refers (Special) to heapauxi.o(.text) for __use_two_region_memory
    startup_stm32f427x.o(RESET) refers (Special) to heapauxi.o(.text) for __use_two_region_memory
    startup_stm32f427x.o(RESET) refers to startup_stm32f427x.o(STACK) for __initial_sp
    startup_stm32f427x.o(RESET) refers to startup_stm32f427x.o(.text) for Reset_Handler
    startup_stm32f427x.o(RESET) refers to stm32f4xx_it.o(i.NMI_Handler) for NMI_Handler
    startup_stm32f427x.o(RESET) refers to stm32f4xx_it.o(i.HardFault_Handler) for HardFault_Handler
    startup_stm32f427x.o(RESET) refers to stm32f4xx_it.o(i.MemManage_Handler) for MemManage_Handler
    startup_stm32f427x.o(RESET) refers to stm32f4xx_it.o(i.BusFault_Handler) for BusFault_Handler
    startup_stm32f427x.o(RESET) refers to stm32f4xx_it.o(i.UsageFault_Handler) for UsageFault_Handler
    startup_stm32f427x.o(RESET) refers to stm32f4xx_it.o(i.SVC_Handler) for SVC_Handler
    startup_stm32f427x.o(RESET) refers to stm32f4xx_it.o(i.DebugMon_Handler) for DebugMon_Handler
    startup_stm32f427x.o(RESET) refers to os_cpu_a.o(.text) for PendSV_Handler
    startup_stm32f427x.o(RESET) refers to times.o(i.SysTick_Handler) for SysTick_Handler
    startup_stm32f427x.o(RESET) refers to iic.o(i.DMA1_Stream0_IRQHandler) for DMA1_Stream0_IRQHandler
    startup_stm32f427x.o(RESET) refers to iic.o(i.DMA1_Stream6_IRQHandler) for DMA1_Stream6_IRQHandler
    startup_stm32f427x.o(RESET) refers to socket.o(i.USART1_IRQHandler) for USART1_IRQHandler
    startup_stm32f427x.o(RESET) refers to rtk_base.o(i.USART3_IRQHandler) for USART3_IRQHandler
    startup_stm32f427x.o(RESET) refers to esp32.o(i.UART4_IRQHandler) for UART4_IRQHandler
    startup_stm32f427x.o(RESET) refers to usbh_usr.o(i.OTG_FS_IRQHandler) for OTG_FS_IRQHandler
    startup_stm32f427x.o(RESET) refers to rtk_base.o(i.UART8_IRQHandler) for UART8_IRQHandler
    startup_stm32f427x.o(.text) refers (Special) to heapauxi.o(.text) for __use_two_region_memory
    startup_stm32f427x.o(.text) refers to system_stm32f4xx.o(i.SystemInit) for SystemInit
    startup_stm32f427x.o(.text) refers to __main.o(!!!main) for __main
    startup_stm32f427x.o(.text) refers to startup_stm32f427x.o(HEAP) for Heap_Mem
    startup_stm32f427x.o(.text) refers to startup_stm32f427x.o(STACK) for Stack_Mem
    stm32f4xx_adc.o(i.ADC_DeInit) refers to stm32f4xx_rcc.o(i.RCC_APB2PeriphResetCmd) for RCC_APB2PeriphResetCmd
    stm32f4xx_can.o(i.CAN_DeInit) refers to stm32f4xx_rcc.o(i.RCC_APB1PeriphResetCmd) for RCC_APB1PeriphResetCmd
    stm32f4xx_can.o(i.CAN_GetITStatus) refers to stm32f4xx_can.o(i.CheckITStatus) for CheckITStatus
    stm32f4xx_cryp.o(i.CRYP_DeInit) refers to stm32f4xx_rcc.o(i.RCC_AHB2PeriphResetCmd) for RCC_AHB2PeriphResetCmd
    stm32f4xx_cryp_aes.o(i.CRYP_AES_CBC) refers to stm32f4xx_cryp.o(i.CRYP_KeyStructInit) for CRYP_KeyStructInit
    stm32f4xx_cryp_aes.o(i.CRYP_AES_CBC) refers to stm32f4xx_cryp.o(i.CRYP_FIFOFlush) for CRYP_FIFOFlush
    stm32f4xx_cryp_aes.o(i.CRYP_AES_CBC) refers to stm32f4xx_cryp.o(i.CRYP_Init) for CRYP_Init
    stm32f4xx_cryp_aes.o(i.CRYP_AES_CBC) refers to stm32f4xx_cryp.o(i.CRYP_KeyInit) for CRYP_KeyInit
    stm32f4xx_cryp_aes.o(i.CRYP_AES_CBC) refers to stm32f4xx_cryp.o(i.CRYP_Cmd) for CRYP_Cmd
    stm32f4xx_cryp_aes.o(i.CRYP_AES_CBC) refers to stm32f4xx_cryp.o(i.CRYP_GetFlagStatus) for CRYP_GetFlagStatus
    stm32f4xx_cryp_aes.o(i.CRYP_AES_CBC) refers to stm32f4xx_cryp.o(i.CRYP_IVInit) for CRYP_IVInit
    stm32f4xx_cryp_aes.o(i.CRYP_AES_CBC) refers to stm32f4xx_cryp.o(i.CRYP_GetCmdStatus) for CRYP_GetCmdStatus
    stm32f4xx_cryp_aes.o(i.CRYP_AES_CBC) refers to stm32f4xx_cryp.o(i.CRYP_DataIn) for CRYP_DataIn
    stm32f4xx_cryp_aes.o(i.CRYP_AES_CBC) refers to stm32f4xx_cryp.o(i.CRYP_DataOut) for CRYP_DataOut
    stm32f4xx_cryp_aes.o(i.CRYP_AES_CCM) refers to stm32f4xx_cryp.o(i.CRYP_KeyStructInit) for CRYP_KeyStructInit
    stm32f4xx_cryp_aes.o(i.CRYP_AES_CCM) refers to stm32f4xx_cryp.o(i.CRYP_FIFOFlush) for CRYP_FIFOFlush
    stm32f4xx_cryp_aes.o(i.CRYP_AES_CCM) refers to stm32f4xx_cryp.o(i.CRYP_KeyInit) for CRYP_KeyInit
    stm32f4xx_cryp_aes.o(i.CRYP_AES_CCM) refers to stm32f4xx_cryp.o(i.CRYP_IVInit) for CRYP_IVInit
    stm32f4xx_cryp_aes.o(i.CRYP_AES_CCM) refers to stm32f4xx_cryp.o(i.CRYP_Init) for CRYP_Init
    stm32f4xx_cryp_aes.o(i.CRYP_AES_CCM) refers to stm32f4xx_cryp.o(i.CRYP_PhaseConfig) for CRYP_PhaseConfig
    stm32f4xx_cryp_aes.o(i.CRYP_AES_CCM) refers to stm32f4xx_cryp.o(i.CRYP_DataIn) for CRYP_DataIn
[...]
    USBH_MSC_ModeSense6                      0x08006595   Thumb Code   192  usbh_msc_scsi.o(i.USBH_MSC_ModeSense6)
    USBH_MSC_Read10                          0x08006665   Thumb Code   242  usbh_msc_scsi.o(i.USBH_MSC_Read10)
    USBH_MSC_ReadCapacity10                  0x08006765   Thumb Code   202  usbh_msc_scsi.o(i.USBH_MSC_ReadCapacity10)
    USBH_MSC_RequestSense                    0x08006841   Thumb Code   208  usbh_msc_scsi.o(i.USBH_MSC_RequestSense)
    USBH_MSC_TestUnitReady                   0x08006921   Thumb Code   162  usbh_msc_scsi.o(i.USBH_MSC_TestUnitReady)
    USBH_MSC_Write10                         0x080069d1   Thumb Code   218  usbh_msc_scsi.o(i.USBH_MSC_Write10)
    USBH_Modify_Channel                      0x08006ab5   Thumb Code   100  usbh_hcs.o(i.USBH_Modify_Channel)
    USBH_OTG_ISR_Handler                     0x08006b19   Thumb Code   168  usb_hcd_int.o(i.USBH_OTG_ISR_Handler)
    USBH_Open_Channel                        0x08006bc1   Thumb Code   154  usbh_hcs.o(i.USBH_Open_Channel)
    USBH_ParseCfgDesc                        0x08006c5d   Thumb Code   300  usbh_stdreq.o(i.USBH_ParseCfgDesc)
    USBH_PortDisabled                        0x08006e65   Thumb Code    12  usbh_core.o(i.USBH_PortDisabled)
    USBH_PortEnabled                         0x08006e71   Thumb Code    12  usbh_core.o(i.USBH_PortEnabled)
    USBH_Process                             0x08006e7d   Thumb Code   468  usbh_core.o(i.USBH_Process)
    USBH_SOF                                 0x08007051   Thumb Code     6  usbh_core.o(i.USBH_SOF)
    USBH_SetAddress                          0x08007057   Thumb Code    38  usbh_stdreq.o(i.USBH_SetAddress)
    USBH_SetCfg                              0x0800707d   Thumb Code    38  usbh_stdreq.o(i.USBH_SetCfg)
    USBH_UDISK_Read                          0x080070bd   Thumb Code    82  usbh_usr.o(i.USBH_UDISK_Read)
    USBH_UDISK_Status                        0x0800711d   Thumb Code    12  usbh_usr.o(i.USBH_UDISK_Status)
    USBH_UDISK_Write                         0x0800712d   Thumb Code    82  usbh_usr.o(i.USBH_UDISK_Write)
    USBH_USR_Configuration_DescAvailable     0x0800718d   Thumb Code    42  usbh_usr.o(i.USBH_USR_Configuration_DescAvailable)
    USBH_USR_DeInit                          0x080071d9   Thumb Code     8  usbh_usr.o(i.USBH_USR_DeInit)
    USBH_USR_DeviceAddressAssigned           0x080071e5   Thumb Code    10  usbh_usr.o(i.USBH_USR_DeviceAddressAssigned)
    USBH_USR_DeviceAttached                  0x08007205   Thumb Code    10  usbh_usr.o(i.USBH_USR_DeviceAttached)
    USBH_USR_DeviceDisconnected              0x08007229   Thumb Code    10  usbh_usr.o(i.USBH_USR_DeviceDisconnected)
    USBH_USR_DeviceNotSupported              0x08007245   Thumb Code    10  usbh_usr.o(i.USBH_USR_DeviceNotSupported)
    USBH_USR_DeviceSpeedDetected             0x08007269   Thumb Code    46  usbh_usr.o(i.USBH_USR_DeviceSpeedDetected)
    USBH_USR_Device_DescAvailable            0x080072e1   Thumb Code    24  usbh_usr.o(i.USBH_USR_Device_DescAvailable)
    USBH_USR_EnumerationDone                 0x08007319   Thumb Code    10  usbh_usr.o(i.USBH_USR_EnumerationDone)
    USBH_USR_Init                            0x08007339   Thumb Code    22  usbh_usr.o(i.USBH_USR_Init)
    USBH_USR_MSC_Application                 0x080073a9   Thumb Code    56  usbh_usr.o(i.USBH_USR_MSC_Application)
    USBH_USR_Manufacturer_String             0x080073fd   Thumb Code    14  usbh_usr.o(i.USBH_USR_Manufacturer_String)
    USBH_USR_OverCurrentDetected             0x08007421   Thumb Code    10  usbh_usr.o(i.USBH_USR_OverCurrentDetected)
    USBH_USR_Product_String                  0x08007441   Thumb Code    14  usbh_usr.o(i.USBH_USR_Product_String)
    USBH_USR_ResetDevice                     0x08007461   Thumb Code    10  usbh_usr.o(i.USBH_USR_ResetDevice)
    USBH_USR_SerialNum_String                0x0800747d   Thumb Code    14  usbh_usr.o(i.USBH_USR_SerialNum_String)
    USBH_USR_UnrecoveredError                0x080074a1   Thumb Code    10  usbh_usr.o(i.USBH_USR_UnrecoveredError)
    USBH_USR_UserInput                       0x080074c5   Thumb Code    12  usbh_usr.o(i.USBH_USR_UserInput)
    USB_OTG_BSP_ConfigVBUS                   0x080074e5   Thumb Code     2  usb_bsp.o(i.USB_OTG_BSP_ConfigVBUS)
    USB_OTG_BSP_DriveVBUS                    0x080074e7   Thumb Code     2  usb_bsp.o(i.USB_OTG_BSP_DriveVBUS)
    USB_OTG_BSP_EnableInterrupt              0x080074e9   Thumb Code    36  usb_bsp.o(i.USB_OTG_BSP_EnableInterrupt)
    USB_OTG_BSP_Init                         0x0800750d   Thumb Code   116  usb_bsp.o(i.USB_OTG_BSP_Init)
    USB_OTG_BSP_mDelay                       0x08007585   Thumb Code    18  usb_bsp.o(i.USB_OTG_BSP_mDelay)
    USB_OTG_BSP_uDelay                       0x08007597   Thumb Code    34  usb_bsp.o(i.USB_OTG_BSP_uDelay)
    USB_OTG_CoreInit                         0x080075b9   Thumb Code   294  usb_core.o(i.USB_OTG_CoreInit)
    USB_OTG_CoreInitHost                     0x080076df   Thumb Code   214  usb_core.o(i.USB_OTG_CoreInitHost)
    USB_OTG_DisableGlobalInt                 0x08007825   Thumb Code    34  usb_core.o(i.USB_OTG_DisableGlobalInt)
    USB_OTG_DriveVbus                        0x08007847   Thumb Code    92  usb_core.o(i.USB_OTG_DriveVbus)
    USB_OTG_EnableGlobalInt                  0x080078d7   Thumb Code    34  usb_core.o(i.USB_OTG_EnableGlobalInt)
    USB_OTG_EnableHostInt                    0x080078f9   Thumb Code   132  usb_core.o(i.USB_OTG_EnableHostInt)
    USB_OTG_FlushRxFifo                      0x0800797d   Thumb Code    70  usb_core.o(i.USB_OTG_FlushRxFifo)
    USB_OTG_FlushTxFifo                      0x080079c9   Thumb Code    80  usb_core.o(i.USB_OTG_FlushTxFifo)
    USB_OTG_GetMode                          0x08007a1d   Thumb Code    12  usb_core.o(i.USB_OTG_GetMode)
    USB_OTG_HC_DoPing                        0x08007a29   Thumb Code    90  usb_core.o(i.USB_OTG_HC_DoPing)
    USB_OTG_HC_Halt                          0x08007a83   Thumb Code   154  usb_core.o(i.USB_OTG_HC_Halt)
    USB_OTG_HC_Init                          0x08007b1d   Thumb Code   568  usb_core.o(i.USB_OTG_HC_Init)
    USB_OTG_HC_StartXfer                     0x08007d55   Thumb Code   502  usb_core.o(i.USB_OTG_HC_StartXfer)
    USB_OTG_InitFSLSPClkSel                  0x08007f4b   Thumb Code    24  usb_core.o(i.USB_OTG_InitFSLSPClkSel)
    USB_OTG_IsEvenFrame                      0x08007f63   Thumb Code    16  usb_core.o(i.USB_OTG_IsEvenFrame)
    USB_OTG_IsHostMode                       0x08007f73   Thumb Code    20  usb_core.o(i.USB_OTG_IsHostMode)
    USB_OTG_ReadCoreItr                      0x08007f87   Thumb Code    16  usb_core.o(i.USB_OTG_ReadCoreItr)
    USB_OTG_ReadHPRT0                        0x08007f97   Thumb Code    48  usb_core.o(i.USB_OTG_ReadHPRT0)
    USB_OTG_ReadHostAllChannels_intr         0x08007fc7   Thumb Code     8  usb_core.o(i.USB_OTG_ReadHostAllChannels_intr)
    USB_OTG_ReadPacket                       0x08007fcf   Thumb Code    40  usb_core.o(i.USB_OTG_ReadPacket)
    USB_OTG_ResetPort                        0x08007ff7   Thumb Code    64  usb_core.o(i.USB_OTG_ResetPort)
    USB_OTG_SelectCore                       0x08008039   Thumb Code   204  usb_core.o(i.USB_OTG_SelectCore)
    USB_OTG_SetCurrentMode                   0x08008109   Thumb Code    78  usb_core.o(i.USB_OTG_SetCurrentMode)
    USB_OTG_WritePacket                      0x08008f21   Thumb Code    64  usb_core.o(i.USB_OTG_WritePacket)
    USH_User_App                             0x08008f61   Thumb Code     4  usbh_usr.o(i.USH_User_App)
    UsageFault_Handler                       0x08008f65   Thumb Code     4  stm32f4xx_it.o(i.UsageFault_Handler)
    Wifi_Esp_Init                            0x08008f69   Thumb Code    28  esp32.o(i.Wifi_Esp_Init)
    _is_digit                                0x08008f91   Thumb Code    14  __printf_wp.o(i._is_digit)
    _sys_exit                                0x08008f9f   Thumb Code     6  uart.o(i._sys_exit)
    async_notify                             0x08008fa5   Thumb Code   144  socket.o(i.async_notify)
    cycleCounterInit                         0x080090f9   Thumb Code    46  times.o(i.cycleCounterInit)
    disk_initialize                          0x08009139   Thumb Code    48  diskio.o(i.disk_initialize)
    disk_read                                0x08009169   Thumb Code    66  diskio.o(i.disk_read)
    disk_status                              0x080091ab   Thumb Code    38  diskio.o(i.disk_status)
    disk_write                               0x080091d1   Thumb Code    84  diskio.o(i.disk_write)
    esp_date_task                            0x08009225   Thumb Code   122  main.o(i.esp_date_task)
    f_mount                                  0x080092e5   Thumb Code    86  ff.o(i.f_mount)
    fm25v_init                               0x080096f5   Thumb Code    20  fm25v.o(i.fm25v_init)
    fputc                                    0x08009711   Thumb Code    22  uart.o(i.fputc)
    get_gga_send_glag                        0x0800972d   Thumb Code     8  ntrip.o(i.get_gga_send_glag)
    get_httprequest_flag                     0x08009739   Thumb Code     6  httprequest.o(i.get_httprequest_flag)
    get_httprequest_retry_cb                 0x08009745   Thumb Code     6  httprequest.o(i.get_httprequest_retry_cb)
    get_ntrip_connect_status                 0x08009799   Thumb Code     8  ntrip.o(i.get_ntrip_connect_status)
    get_ntrip_header_send_flag               0x080097a5   Thumb Code     8  ntrip.o(i.get_ntrip_header_send_flag)
    get_qxwz_config                          0x080097b1   Thumb Code     4  qxwz_rtcm.o(i.get_qxwz_config)
    get_sdk_timestamp                        0x080097b9   Thumb Code     4  qxwz_rtcm.o(i.get_sdk_timestamp)
    get_soc_close_status                     0x080097c1   Thumb Code     8  qxwz_socket.o(i.get_soc_close_status)
    isc_hmacsha384_init                      0x08009a79   Thumb Code   120  sha384.o(i.isc_hmacsha384_init)
    isc_hmacsha384_sign                      0x08009af1   Thumb Code   110  sha384.o(i.isc_hmacsha384_sign)
    isc_hmacsha384_update                    0x08009b5f   Thumb Code    20  sha384.o(i.isc_hmacsha384_update)
    isc_sha384_final                         0x08009b75   Thumb Code   174  sha384.o(i.isc_sha384_final)
    isc_sha384_init                          0x08009c29   Thumb Code    42  sha384.o(i.isc_sha384_init)
    isc_sha384_update                        0x08009c59   Thumb Code    20  sha384.o(i.isc_sha384_update)
    isc_sha512_last                          0x08009c6d   Thumb Code   378  sha384.o(i.isc_sha512_last)
    isc_sha512_transform                     0x08009ded   Thumb Code  9346  sha384.o(i.isc_sha512_transform)
    isc_sha512_update                        0x0800c26f   Thumb Code   344  sha384.o(i.isc_sha512_update)
    key_task                                 0x0800c3c9   Thumb Code    24  main.o(i.key_task)
    led_task                                 0x0800c3e5   Thumb Code    36  main.o(i.led_task)
    main                                     0x0800c411   Thumb Code   212  main.o(i.main)
    makekvpair                               0x0800c51d   Thumb Code    16  httprequest.o(i.makekvpair)
    oem_rtcm_task                            0x0800c62d   Thumb Code   422  main.o(i.oem_rtcm_task)
    qxwz_api_sign                            0x0800c8ed   Thumb Code   210  qxwz_webservice.o(i.qxwz_api_sign)
    qxwz_ntrip_disconnect                    0x0800ccf5   Thumb Code    54  ntrip.o(i.qxwz_ntrip_disconnect)
    qxwz_ntrip_on_data_received              0x0800d0a1   Thumb Code   250  ntrip.o(i.qxwz_ntrip_on_data_received)
    qxwz_ntrip_tick                          0x0800d431   Thumb Code   238  ntrip.o(i.qxwz_ntrip_tick)
    qxwz_on_soc_data_received                0x0800d5c9   Thumb Code   154  qxwz_socket.o(i.qxwz_on_soc_data_received)
    qxwz_prefs_flags_get                     0x0800d6c9   Thumb Code     6  prefs.o(i.qxwz_prefs_flags_get)
    qxwz_sign_sha384                         0x0800d6d5   Thumb Code    98  sha384.o(i.qxwz_sign_sha384)
    qxwz_soc_close                           0x0800d741   Thumb Code    54  socket.o(i.qxwz_soc_close)
    qxwz_soc_close_complete                  0x0800d7d1   Thumb Code    20  qxwz_socket.o(i.qxwz_soc_close_complete)
    qxwz_soc_connect                         0x0800d7e9   Thumb Code    86  socket.o(i.qxwz_soc_connect)
    qxwz_soc_connect_complete                0x0800d895   Thumb Code   258  qxwz_socket.o(i.qxwz_soc_connect_complete)
    qxwz_soc_create                          0x0800da69   Thumb Code    40  socket.o(i.qxwz_soc_create)
    qxwz_soc_error                           0x0800dac9   Thumb Code   102  qxwz_socket.o(i.qxwz_soc_error)
    qxwz_soc_local_close                     0x0800dbd1   Thumb Code    36  qxwz_socket.o(i.qxwz_soc_local_close)
    qxwz_soc_local_connect                   0x0800dbf9   Thumb Code    46  qxwz_socket.o(i.qxwz_soc_local_connect)
    qxwz_soc_send                            0x0800dc2d   Thumb Code   136  socket.o(i.qxwz_soc_send)
    qxwz_soc_send_complete                   0x0800dd1d   Thumb Code   336  qxwz_socket.o(i.qxwz_soc_send_complete)
    qxwz_tick                                0x0800df45   Thumb Code    24  qxwz_rtcm.o(i.qxwz_tick)
    restart_connect                          0x0800df61   Thumb Code    18  socket.o(i.restart_connect)
    rtcm_callnextsetp_method                 0x0800df7d   Thumb Code    18  qxwz_rtcm.o(i.rtcm_callnextsetp_method)
    rtcm_task                                0x0800df95   Thumb Code    62  main.o(i.rtcm_task)
    rtcm_time_cnt                            0x0800dfdd   Thumb Code   182  rtk_base.o(i.rtcm_time_cnt)
    rtk_date_task                            0x0800e099   Thumb Code    74  main.o(i.rtk_date_task)
    set_gga_send_flag                        0x0800e1b5   Thumb Code     6  ntrip.o(i.set_gga_send_flag)
    set_httprequest_flag                     0x0800e1c1   Thumb Code     6  httprequest.o(i.set_httprequest_flag)
    set_ntrip_connect_status                 0x0800e1cd   Thumb Code    22  ntrip.o(i.set_ntrip_connect_status)
    set_ntrip_connecting_flag                0x0800e1e9   Thumb Code    12  ntrip.o(i.set_ntrip_connecting_flag)
    set_ntrip_header_send_flag               0x0800e1f9   Thumb Code     6  ntrip.o(i.set_ntrip_header_send_flag)
    socket_getcallback                       0x0800e205   Thumb Code    98  qxwz_socket.o(i.socket_getcallback)
    socket_push_callback                     0x0800e2c5   Thumb Code    10  qxwz_socket.o(i.socket_push_callback)
    socket_remove_callback                   0x0800e2d5   Thumb Code    26  qxwz_socket.o(i.socket_remove_callback)
    socket_tick                              0x0800e2f5   Thumb Code   478  qxwz_socket.o(i.socket_tick)
    start_task                               0x0800e5f1   Thumb Code   148  main.o(i.start_task)
    stm32_spi2select                         0x0800e6c9   Thumb Code    44  spi.o(i.stm32_spi2select)
    stm32_spi3select                         0x0800e6f5   Thumb Code    44  spi.o(i.stm32_spi3select)
    tickit_task                              0x0800e775   Thumb Code    46  main.o(i.tickit_task)
    timer_tick                               0x0800e7ad   Thumb Code    46  socket.o(i.timer_tick)
    wait_creg                                0x0800e9bd   Thumb Code   150  socket.o(i.wait_creg)
    wifi_reg                                 0x0800ea85   Thumb Code   198  esp32.o(i.wifi_reg)
    wifi_send_comd                           0x0800ec85   Thumb Code   128  esp32.o(i.wifi_send_comd)
    wifi_soc_send                            0x0800ed25   Thumb Code   112  esp32.o(i.wifi_soc_send)
    wifi_tick_time                           0x0800edf1   Thumb Code    44  esp32.o(i.wifi_tick_time)
    _get_lc_ctype                            0x0800ee2d   Thumb Code    44  lc_ctype_c.o(locale$$code)
    _fp_init                                 0x0800ee59   Thumb Code    10  fpinit.o(x$fpl$fpinit)
    __fplib_config_fpu_vfp                   0x0800ee61   Thumb Code     0  fpinit.o(x$fpl$fpinit)
    __fplib_config_pureend_doubles           0x0800ee61   Thumb Code     0  fpinit.o(x$fpl$fpinit)
    OSUnMapTbl                               0x0800ee62   Data         256  os_core.o(.constdata)
    Region$$Table$$Base                      0x0800f5c4   Number         0  anon$$obj.o(Region$$Table)
    Region$$Table$$Limit                     0x0800f5e4   Number         0  anon$$obj.o(Region$$Table)
    __ctype                                  0x0800f5f1   Data           0  lc_ctype_c.o(locale$$data)
    SystemCoreClock                          0x20000000   Data           4  system_stm32f4xx.o(.data)
    AHBPrescTable                            0x20000004   Data          16  system_stm32f4xx.o(.data)
    USR_Callbacks                            0x20000028   Data          72  usbh_usr.o(.data)
    MSC_Setup                                0x20000088   Data           8  usbh_msc_core.o(.data)
    MSCErrorCount                            0x20000090   Data           1  usbh_msc_core.o(.data)
    USBH_MSC_cb                              0x20000094   Data          16  usbh_msc_core.o(.data)
    USBH_HCD_INT_cb                          0x200000a8   Data          20  usbh_core.o(.data)
    USBH_HCD_INT_fops                        0x200000bc   Data           4  usbh_core.o(.data)
    suspend_flag                             0x200000c0   Data           4  usbh_core.o(.data)
    OSCtxSwCtr                               0x200000cc   Data           4  os_core.o(.data)
    OSEventFreeList                          0x200000d0   Data           4  os_core.o(.data)
    OSFlagFreeList                           0x200000d4   Data           4  os_core.o(.data)
    OSCPUUsage                               0x200000d8   Data           1  os_core.o(.data)
    OSIdleCtrMax                             0x200000dc   Data           4  os_core.o(.data)
    OSIdleCtrRun                             0x200000e0   Data           4  os_core.o(.data)
    OSStatRdy                                0x200000e4   Data           1  os_core.o(.data)
    OSIntNesting                             0x200000e5   Data           1  os_core.o(.data)
    OSLockNesting                            0x200000e6   Data           1  os_core.o(.data)
    OSPrioCur                                0x200000e7   Data           1  os_core.o(.data)
    OSPrioHighRdy                            0x200000e8   Data           1  os_core.o(.data)
    OSRdyGrp                                 0x200000e9   Data           1  os_core.o(.data)
    OSRdyTbl                                 0x200000ea   Data           8  os_core.o(.data)
    OSRunning                                0x200000f2   Data           1  os_core.o(.data)
    OSTaskCtr                                0x200000f3   Data           1  os_core.o(.data)
    OSIdleCtr                                0x200000f4   Data           4  os_core.o(.data)
    OSTCBCur                                 0x200000f8   Data           4  os_core.o(.data)
    OSTCBFreeList                            0x200000fc   Data           4  os_core.o(.data)
    OSTCBHighRdy                             0x20000100   Data           4  os_core.o(.data)
    OSTCBList                                0x20000104   Data           4  os_core.o(.data)
    OSTickStepState                          0x20000108   Data           1  os_core.o(.data)
    OSQFreeList                              0x2000010c   Data           4  os_core.o(.data)
    OSTime                                   0x20000110   Data           4  os_core.o(.data)
    OSTmrFree                                0x20000114   Data           2  os_core.o(.data)
    OSTmrUsed                                0x20000116   Data           2  os_core.o(.data)
    OSTmrTime                                0x20000118   Data           4  os_core.o(.data)
    OSTmrSem                                 0x2000011c   Data           4  os_core.o(.data)
    OSTmrSemSignal                           0x20000120   Data           4  os_core.o(.data)
    OSTmrFreeList                            0x20000124   Data           4  os_core.o(.data)
    OSInterrputSum                           0x20000128   Data           4  os_cpu_c.o(.data)
    Read_Point_num                           0x200001d8   Data           2  iic.o(.data)
    Write_Point_num                          0x200001da   Data           2  iic.o(.data)
    Time_statr_flag                          0x200001ec   Data           1  times.o(.data)
    Time_out_flag                            0x200001ed   Data           1  times.o(.data)
    Time_wait_cnt                            0x200001f0   Data           4  times.o(.data)
    frameCounter                             0x200001f4   Data           2  times.o(.data)
    __stdout                                 0x2000045c   Data           4  uart.o(.data)
    StopCondition                            0x20000468   Data           4  stm32_eval_sdio_sd.o(.data)
    TransferError                            0x2000046c   Data           1  stm32_eval_sdio_sd.o(.data)
    TransferEnd                              0x20000470   Data           4  stm32_eval_sdio_sd.o(.data)
    DMAEndOfTransfer                         0x20000474   Data           4  stm32_eval_sdio_sd.o(.data)
    OEM_RTCM_Semp                            0x200024c8   Data           4  rtk_base.o(.data)
    RTK_DATE_Semp                            0x200024cc   Data           4  rtk_base.o(.data)
    rtcm_buf_cnt                             0x200024d6   Data           7  rtk_base.o(.data)
    ESP_DATE_Semp                            0x20002a44   Data           4  esp32.o(.data)
    WIFI_CHAN_ON_FLAG                        0x20002a55   Data           4  esp32.o(.data)
    recv_IIII_cnt                            0x20002fc0   Data           1  socket.o(.data)
    recv_CLOSED_cnt                          0x20002fc1   Data           1  socket.o(.data)
    timer_cnt                                0x20002fc4   Data           4  socket.o(.data)
    uart_irq_time_need                       0x20002fc8   Data           4  socket.o(.data)
    test                                     0x20003550   Data           4  main.o(.data)
    STAT                                     0x20003554   Data           1  main.o(.data)
    buff                                     0x20003555   Data          18  main.o(.data)
    qxwz_prefs_flags                         0x20003578   Data           4  prefs.o(.data)
    qxwz_current_time                        0x20003584   Data           4  qxwz_rtcm.o(.data)
    qxwz_last_send_gga_time                  0x20003588   Data           4  qxwz_rtcm.o(.data)
    qxwz_last_ntrip_send_gga_time            0x2000358c   Data           4  qxwz_rtcm.o(.data)
    qxwz_is_data_received                    0x20003590   Data           1  qxwz_rtcm.o(.data)
    qxwz_ICY_received                        0x20003591   Data           1  qxwz_rtcm.o(.data)
    nextstep                                 0x20003594   Data           4  qxwz_rtcm.o(.data)
    qxwz_rtcm_flag                           0x20003598   Data           1  qxwz_rtcm.o(.data)
    qxwz_ntrip_callback                      0x2000359c   Data           8  qxwz_rtcm.o(.data)
    socket_data                              0x200035a4   Data        2056  qxwz_socket.o(.data)
    sendLength                               0x20003db0   Data           4  qxwz_socket.o(.data)
    client_info                              0x20003dcc   Data           4  ntrip.o(.data)
    USBH_MSC_CBWData                         0x20003dd8   Data          32  usbh_msc_bot.o(.bss)
    USBH_MSC_CSWData                         0x20003df8   Data          16  usbh_msc_bot.o(.bss)
    USBH_MSC_BOTXferParam                    0x20003e08   Data          16  usbh_msc_bot.o(.bss)
    MSC_Machine                              0x20003e18   Data          74  usbh_msc_core.o(.bss)
    USBH_MSC_Param                           0x20003e64   Data          16  usbh_msc_scsi.o(.bss)
    USBH_DataInBuffer                        0x20003e74   Data         512  usbh_msc_scsi.o(.bss)
    USBH_DataOutBuffer                       0x20004074   Data         512  usbh_msc_scsi.o(.bss)
    USBH_CfgDesc                             0x20004274   Data         512  usbh_stdreq.o(.bss)
    OSEventTbl                               0x20004474   Data         200  os_core.o(.bss)
    OSFlagTbl                                0x2000453c   Data          80  os_core.o(.bss)
    OSTaskStatStk                            0x2000458c   Data         512  os_core.o(.bss)
    OSTaskIdleStk                            0x2000478c   Data         512  os_core.o(.bss)
    OSTCBPrioTbl                             0x2000498c   Data         256  os_core.o(.bss)
    OSTCBTbl                                 0x20004a8c   Data        1008  os_core.o(.bss)
    OSQTbl                                   0x20004e7c   Data         120  os_core.o(.bss)
    OSTmrTbl                                 0x20004ef4   Data         640  os_core.o(.bss)
    OSTmrTaskStk                             0x20005174   Data         512  os_core.o(.bss)
    OSTmrWheelTbl                            0x20005374   Data          64  os_core.o(.bss)
    TIME_FLAG                                0x200053b4   Data          36  times.o(.bss)
    SDCardInfo                               0x20005408   Data          80  stm32_eval_sdio_sd.o(.bss)
    SDIO_InitStructure                       0x20005458   Data          24  stm32_eval_sdio_sd.o(.bss)
    SDIO_CmdInitStructure                    0x20005470   Data          20  stm32_eval_sdio_sd.o(.bss)
    SDIO_DataInitStructure                   0x20005484   Data          24  stm32_eval_sdio_sd.o(.bss)
    GPGGA                                    0x200054a0   Data          56  rtk_base.o(.bss)
    RTKPOSA                                  0x200054d8   Data          24  rtk_base.o(.bss)
    rtcm_msg                                 0x200054f0   Data        2828  rtk_base.o(.bss)
    rtk_date_mesg                            0x20005ffc   Data        2052  rtk_base.o(.bss)
    esp_mesg                                 0x20006864   Data        1028  esp32.o(.bss)
    USB_OTG_Core                             0x20007500   Data        1456  main.o(.bss)
    USB_Host                                 0x20007ab0   Data         148  main.o(.bss)
    START_TASK_STK                           0x20007b44   Data        1024  main.o(.bss)
    TICKIT_TASK_STK                          0x20007f44   Data        1024  main.o(.bss)
    LED_TASK_STK                             0x20008344   Data        1024  main.o(.bss)
    KEY_TASK_STK                             0x20008744   Data        1024  main.o(.bss)
    OEM_RTCM_TASK_STK                        0x20008b44   Data       20480  main.o(.bss)
    RTK_DATE_TASK_STK                        0x2000db44   Data       16384  main.o(.bss)
    ESP_DATE_TASK_STK                        0x20011b44   Data       16384  main.o(.bss)
    RTCM_TASK_STK                            0x20015b44   Data        8192  main.o(.bss)
    fs                                       0x20017b44   Data         560  main.o(.bss)
    g_qxwz_appkey                            0x20017d88   Data         100  qxwz_rtcm.o(.bss)
    g_qxwz_appsecret                         0x20017dec   Data         100  qxwz_rtcm.o(.bss)
    g_qxwz_device_ID                         0x20017e50   Data         100  qxwz_rtcm.o(.bss)
    g_qxwz_device_Type                       0x20017eb4   Data         100  qxwz_rtcm.o(.bss)
    qxwz_rtcm_config                         0x20017f18   Data          16  qxwz_rtcm.o(.bss)
    qxwz_global_cache                        0x20017f4c   Data        1024  qxwz_rtcm.o(.bss)
    server_timestamp                         0x2001834c   Data          20  qxwz_rtcm.o(.bss)
    qxwz_rtcm_useraccount                    0x20018360   Data         352  qxwz_rtcm.o(.bss)
    qxwz_rtcm_ntrip_config                   0x200184c0   Data          36  qxwz_rtcm.o(.bss)
    trackId                                  0x200184e4   Data          30  qxwz_rtcm.o(.bss)
    qxwz_callback_info                       0x20018504   Data          12  qxwz_socket.o(.bss)
    __libspace_start                         0x20018534   Data          96  libspace.o(.bss)
    __temporary_stack_top$libspace           0x20018594   Data           0  libspace.o(.bss)



==============================================================================

Memory Map of the image

  Image Entry point : 0x080001ad

  Load Region LR_IROM1 (Base: 0x08000000, Size: 0x000134cc, Max: 0x00200000, ABSOLUTE, COMPRESSED[0x0000fcf8])

    Execution Region ER_IROM1 (Base: 0x08000000, Size: 0x0000f6f4, Max: 0x00200000, ABSOLUTE)

    Base Addr    Size         Type   Attr      Idx    E Section Name        Object

    0x08000000   0x000001ac   Data   RO          220    RESET               startup_stm32f427x.o
    0x080001ac   0x00000008   Code   RO         9919  * !!!main             c_w.l(__main.o)
    0x080001b4   0x00000034   Code   RO        10430    !!!scatter          c_w.l(__scatter.o)
    0x080001e8   0x00000064   Code   RO        10428    !!dclz77c           c_w.l(__dclz77c.o)
    0x0800024c   0x0000001c   Code   RO        10432    !!handler_zi        c_w.l(__scatter_zi.o)
    0x08000268   0x00000000   Code   RO         9883    .ARM.Collect$$_printf_percent$$00000000  c_w.l(_printf_percent.o)
    0x08000268   0x00000006   Code   RO         9881    .ARM.Collect$$_printf_percent$$00000009  c_w.l(_printf_d.o)
    0x0800026e   0x00000006   Code   RO         9882    .ARM.Collect$$_printf_percent$$0000000A  c_w.l(_printf_u.o)
    0x08000274   0x00000006   Code   RO         9880    .ARM.Collect$$_printf_percent$$0000000C  c_w.l(_printf_x.o)
    0x0800027a   0x00000006   Code   RO         9879    .ARM.Collect$$_printf_percent$$00000014  c_w.l(_printf_s.o)
    0x08000280   0x00000004   Code   RO        10051    .ARM.Collect$$_printf_percent$$00000017  c_w.l(_printf_percent_end.o)
    0x08000284   0x00000002   Code   RO        10278    .ARM.Collect$$libinit$$00000000  c_w.l(libinit.o)
    0x08000286   0x00000004   Code   RO        10058    .ARM.Collect$$libinit$$00000001  c_w.l(libinit2.o)
    0x0800028a   0x00000000   Code   RO        10061    .ARM.Collect$$libinit$$00000004  c_w.l(libinit2.o)
    0x0800028a   0x00000000   Code   RO        10064    .ARM.Collect$$libinit$$0000000A  c_w.l(libinit2.o)
    0x0800028a   0x00000000   Code   RO        10066    .ARM.Collect$$libinit$$0000000C  c_w.l(libinit2.o)
    0x0800028a   0x00000000   Code   RO        10068    .ARM.Collect$$libinit$$0000000E  c_w.l(libinit2.o)
    0x0800028a   0x00000006   Code   RO        10069    .ARM.Collect$$libinit$$0000000F  c_w.l(libinit2.o)
    0x08000290   0x00000000   Code   RO        10071    .ARM.Collect$$libinit$$00000011  c_w.l(libinit2.o)
    0x08000290   0x0000000c   Code   RO        10072    .ARM.Collect$$libinit$$00000012  c_w.l(libinit2.o)
    0x0800029c   0x00000000   Code   RO        10073    .ARM.Collect$$libinit$$00000013  c_w.l(libinit2.o)
    0x0800029c   0x00000000   Code   RO        10075    .ARM.Collect$$libinit$$00000015  c_w.l(libinit2.o)
    0x0800029c   0x00000000   Code   RO        10077    .ARM.Collect$$libinit$$00000017  c_w.l(libinit2.o)
    0x0800029c   0x00000000   Code   RO        10079    .ARM.Collect$$libinit$$00000019  c_w.l(libinit2.o)
    0x0800029c   0x00000000   Code   RO        10081    .ARM.Collect$$libinit$$0000001B  c_w.l(libinit2.o)
    0x0800029c   0x00000000   Code   RO        10083    .ARM.Collect$$libinit$$0000001D  c_w.l(libinit2.o)
    0x0800029c   0x00000000   Code   RO        10085    .ARM.Collect$$libinit$$0000001F  c_w.l(libinit2.o)
    0x0800029c   0x00000000   Code   RO        10087    .ARM.Collect$$libinit$$00000021  c_w.l(libinit2.o)
    0x0800029c   0x00000000   Code   RO        10089    .ARM.Collect$$libinit$$00000023  c_w.l(libinit2.o)
    0x0800029c   0x00000000   Code   RO        10091    .ARM.Collect$$libinit$$00000025  c_w.l(libinit2.o)
    0x0800029c   0x00000000   Code   RO        10095    .ARM.Collect$$libinit$$0000002C  c_w.l(libinit2.o)
    0x0800029c   0x00000000   Code   RO        10097    .ARM.Collect$$libinit$$0000002E  c_w.l(libinit2.o)
    0x0800029c   0x00000000   Code   RO        10099    .ARM.Collect$$libinit$$00000030  c_w.l(libinit2.o)
    0x0800029c   0x00000000   Code   RO        10101    .ARM.Collect$$libinit$$00000032  c_w.l(libinit2.o)
    0x0800029c   0x00000002   Code   RO        10102    .ARM.Collect$$libinit$$00000033  c_w.l(libinit2.o)
    0x0800029e   0x00000002   Code   RO        10379    .ARM.Collect$$libshutdown$$00000000  c_w.l(libshutdown.o)
    0x080002a0   0x00000000   Code   RO        10411    .ARM.Collect$$libshutdown$$00000002  c_w.l(libshutdown2.o)
    0x080002a0   0x00000000   Code   RO        10413    .ARM.Collect$$libshutdown$$00000004  c_w.l(libshutdown2.o)
    0x080002a0   0x00000000   Code   RO        10416    .ARM.Collect$$libshutdown$$00000007  c_w.l(libshutdown2.o)
    0x080002a0   0x00000000   Code   RO        10419    .ARM.Collect$$libshutdown$$0000000A  c_w.l(libshutdown2.o)
    0x080002a0   0x00000000   Code   RO        10421    .ARM.Collect$$libshutdown$$0000000C  c_w.l(libshutdown2.o)
    0x080002a0   0x00000000   Code   RO        10424    .ARM.Collect$$libshutdown$$0000000F  c_w.l(libshutdown2.o)
    0x080002a0   0x00000002   Code   RO        10425    .ARM.Collect$$libshutdown$$00000010  c_w.l(libshutdown2.o)
    0x080002a2   0x00000000   Code   RO        10027    .ARM.Collect$$rtentry$$00000000  c_w.l(__rtentry.o)
    0x080002a2   0x00000000   Code   RO        10198    .ARM.Collect$$rtentry$$00000002  c_w.l(__rtentry2.o)
    0x080002a2   0x00000006   Code   RO        10210    .ARM.Collect$$rtentry$$00000004  c_w.l(__rtentry4.o)
    0x080002a8   0x00000000   Code   RO        10200    .ARM.Collect$$rtentry$$00000009  c_w.l(__rtentry2.o)
    0x080002a8   0x00000004   Code   RO        10201    .ARM.Collect$$rtentry$$0000000A  c_w.l(__rtentry2.o)
    0x080002ac   0x00000000   Code   RO        10203    .ARM.Collect$$rtentry$$0000000C  c_w.l(__rtentry2.o)
    0x080002ac   0x00000008   Code   RO        10204    .ARM.Collect$$rtentry$$0000000D  c_w.l(__rtentry2.o)
    0x080002b4   0x00000002   Code   RO        10285    .ARM.Collect$$rtexit$$00000000  c_w.l(rtexit.o)
    0x080002b6   0x00000000   Code   RO        10347    .ARM.Collect$$rtexit$$00000002  c_w.l(rtexit2.o)
    0x080002b6   0x00000004   Code   RO        10348    .ARM.Collect$$rtexit$$00000003  c_w.l(rtexit2.o)
    0x080002ba   0x00000006   Code   RO        10349    .ARM.Collect$$rtexit$$00000004  c_w.l(rtexit2.o)
    0x080002c0   0x00000040   Code   RO          221    .text               startup_stm32f427x.o
    0x08000300   0x000000c8   Code   RO         7147    .text               os_cpu_a.o
    0x080003c8   0x00000002   Code   RO         9812    .text               c_w.l(use_no_semi_2.o)
    0x080003ca   0x000000ee   Code   RO         9814    .text               c_w.l(lludivv7m.o)
    0x080004b8   0x00000018   Code   RO         9824    .text               c_w.l(noretval__2printf.o)
    0x080004d0   0x00000028   Code   RO         9826    .text               c_w.l(noretval__2sprintf.o)
    0x080004f8   0x00000034   Code   RO         9828    .text               c_w.l(noretval__2snprintf.o)
    0x0800052c   0x0000004e   Code   RO         9832    .text               c_w.l(_printf_pad.o)
    0x0800057a   0x00000052   Code   RO         9834    .text               c_w.l(_printf_str.o)
    0x080005cc   0x00000078   Code   RO         9836    .text               c_w.l(_printf_dec.o)
    0x08000644   0x00000058   Code   RO         9841    .text               c_w.l(_printf_hex_int.o)
    0x0800069c   0x00000188   Code   RO         9876    .text               c_w.l(__printf_flags_ss_wp.o)
    0x08000824   0x0000001a   Code   RO         9884    .text               c_w.l(atoi.o)
    0x0800083e   0x00000024   Code   RO         9895    .text               c_w.l(strstr.o)
    0x08000862   0x00000016   Code   RO         9899    .text               c_w.l(strrchr.o)
    0x08000878   0x0000003e   Code   RO         9901    .text               c_w.l(strlen.o)
    0x080008b6   0x00000018   Code   RO         9903    .text               c_w.l(strcat.o)
    0x080008ce   0x0000008a   Code   RO         9905    .text               c_w.l(rt_memcpy_v6.o)
    0x08000958   0x00000064   Code   RO         9907    .text               c_w.l(rt_memcpy_w.o)
    0x080009bc   0x00000010   Code   RO         9909    .text               c_w.l(aeabi_memset.o)
    0x080009cc   0x00000044   Code   RO         9911    .text               c_w.l(rt_memclr.o)
    0x08000a10   0x0000004e   Code   RO         9913    .text               c_w.l(rt_memclr_w.o)
    0x08000a5e   0x00000002   PAD
    0x08000a60   0x00000080   Code   RO         9915    .text               c_w.l(strcmpv7m.o)
    0x08000ae0   0x00000006   Code   RO         9917    .text               c_w.l(heapauxi.o)
    0x08000ae6   0x00000002   Code   RO        10025    .text               c_w.l(use_no_semi.o)
    0x08000ae8   0x00000008   Code   RO        10035    .text               c_w.l(rt_errno_addr_intlibspace.o)
    0x08000af0   0x000000b2   Code   RO        10039    .text               c_w.l(_printf_intcommon.o)
    0x08000ba2   0x00000002   PAD
    0x08000ba4   0x00000030   Code   RO        10041    .text               c_w.l(_printf_char_common.o)
    0x08000bd4   0x0000000a   Code   RO        10043    .text               c_w.l(_sputc.o)
    0x08000bde   0x00000010   Code   RO        10045    .text               c_w.l(_snputc.o)
    0x08000bee   0x0000002c   Code   RO        10047    .text               c_w.l(_printf_char.o)
    0x08000c1a   0x00000002   PAD
    0x08000c1c   0x00000024   Code   RO        10049    .text               c_w.l(_printf_char_file.o)
    0x08000c40   0x00000070   Code   RO        10054    .text               c_w.l(strtol.o)
    0x08000cb0   0x00000008   Code   RO        10194    .text               c_w.l(libspace.o)
    0x08000cb8   0x00000010   Code   RO        10212    .text               c_w.l(rt_ctype_table.o)
    0x08000cc8   0x0000009e   Code   RO        10222    .text               c_w.l(_strtoul.o)
    0x08000d66   0x00000008   Code   RO        10226    .text               c_w.l(ferror.o)
    0x08000d6e   0x0000004a   Code   RO        10249    .text               c_w.l(sys_stackheap_outer.o)
    0x08000db8   0x00000008   Code   RO        10254    .text               c_w.l(rt_locale_intlibspace.o)
    0x08000dc0   0x0000001c   Code   RO        10256    .text               c_w.l(_chval.o)
    0x08000ddc   0x00000012   Code   RO        10263    .text               c_w.l(exit.o)
    0x08000dee   0x00000004   Code   RO            4    i.BusFault_Handler  stm32f4xx_it.o
    0x08000df2   0x00000002   PAD
    0x08000df4   0x0000003c   Code   RO         8624    i.CRC_Octets        crc24.o
    0x08000e30   0x00000014   Code   RO         8233    i.Clean_ESP_date    esp32.o
    0x08000e44   0x0000001c   Code   RO         8234    i.Clear_cmd_buff    esp32.o
    0x08000e60   0x0000002c   Code   RO         7604    i.CmdError          stm32_eval_sdio_sd.o
    0x08000e8c   0x00000134   Code   RO         7605    i.CmdResp1Error     stm32_eval_sdio_sd.o
    0x08000fc0   0x0000004c   Code   RO         7606    i.CmdResp2Error     stm32_eval_sdio_sd.o
    0x0800100c   0x00000038   Code   RO         7607    i.CmdResp3Error     stm32_eval_sdio_sd.o
    0x08001044   0x0000009c   Code   RO         7608    i.CmdResp6Error     stm32_eval_sdio_sd.o
    0x080010e0   0x0000004c   Code   RO         7609    i.CmdResp7Error     stm32_eval_sdio_sd.o
    0x0800112c   0x0000003c   Code   RO         7247    i.DMA1_Stream0_IRQHandler  iic.o
    0x08001168   0x00000060   Code   RO         7248    i.DMA1_Stream6_IRQHandler  iic.o
    0x080011c8   0x00000034   Code   RO         1301    i.DMA_ClearFlag     stm32f4xx_dma.o
    0x080011fc   0x00000016   Code   RO         1303    i.DMA_Cmd           stm32f4xx_dma.o
    0x08001212   0x00000002   PAD
    0x08001214   0x00000158   Code   RO         1304    i.DMA_DeInit        stm32f4xx_dma.o
    0x0800136c   0x00000016   Code   RO         1307    i.DMA_FlowControllerConfig  stm32f4xx_dma.o
    0x08001382   0x00000002   PAD
    0x08001384   0x00000044   Code   RO         1312    i.DMA_GetFlagStatus  stm32f4xx_dma.o
    0x080013c8   0x0000003a   Code   RO         1314    i.DMA_ITConfig      stm32f4xx_dma.o
    0x08001402   0x00000002   PAD
    0x08001404   0x00000058   Code   RO         1315    i.DMA_Init          stm32f4xx_dma.o
    0x0800145c   0x00000002   Code   RO            5    i.DebugMon_Handler  stm32f4xx_it.o
    0x0800145e   0x00000002   PAD
    0x08001460   0x000001e4   Code   RO         8235    i.ESP_uart_buff     esp32.o
    0x08001644   0x00000194   Code   RO         7610    i.FindSCR           stm32_eval_sdio_sd.o
    0x080017d8   0x00000070   Code   RO         7860    i.Fram_read         fm25v.o
    0x08001848   0x00000090   Code   RO         1965    i.GPIO_Init         stm32f4xx_gpio.o
    0x080018d8   0x00000046   Code   RO         1966    i.GPIO_PinAFConfig  stm32f4xx_gpio.o
    0x0800191e   0x00000012   Code   RO         1969    i.GPIO_ReadInputDataBit  stm32f4xx_gpio.o
    0x08001930   0x00000012   Code   RO         1971    i.GPIO_ReadOutputDataBit  stm32f4xx_gpio.o
    0x08001942   0x00000004   Code   RO         1972    i.GPIO_ResetBits    stm32f4xx_gpio.o
    0x08001946   0x00000004   Code   RO         1973    i.GPIO_SetBits      stm32f4xx_gpio.o
    0x0800194a   0x00000012   Code   RO         1974    i.GPIO_StructInit   stm32f4xx_gpio.o
    0x0800195c   0x0000000a   Code   RO         1977    i.GPIO_WriteBit     stm32f4xx_gpio.o
    0x08001966   0x00000018   Code   RO         7559    i.GPIOx_Init        gpio.o
    0x0800197e   0x00000010   Code   RO         7560    i.GPIOx_Read_Input  gpio.o
    0x0800198e   0x00000052   Code   RO         7562    i.GPIOx_Write       gpio.o
    0x080019e0   0x0000000a   Code   RO         5315    i.HCD_GetCurrentFrame  usb_hcd.o
    0x080019ea   0x00000014   Code   RO         5316    i.HCD_GetCurrentSpeed  usb_hcd.o
    0x080019fe   0x0000000a   Code   RO         5318    i.HCD_GetURB_State  usb_hcd.o
    0x08001a08   0x0000000c   Code   RO         5319    i.HCD_GetXferCnt    usb_hcd.o
    0x08001a14   0x00000060   Code   RO         5321    i.HCD_Init          usb_hcd.o
    0x08001a74   0x00000008   Code   RO         5322    i.HCD_IsDeviceConnected  usb_hcd.o
    0x08001a7c   0x00000008   Code   RO         5323    i.HCD_IsPortEnabled  usb_hcd.o
    0x08001a84   0x0000000e   Code   RO         5324    i.HCD_ResetPort     usb_hcd.o
    0x08001a92   0x00000020   Code   RO         5325    i.HCD_SubmitRequest  usb_hcd.o
    0x08001ab2   0x00000004   Code   RO            6    i.HardFault_Handler  stm32f4xx_it.o
    0x08001ab6   0x00000018   Code   RO         2268    i.I2C_GenerateSTOP  stm32f4xx_i2c.o
    0x08001ace   0x0000003a   Code   RO         2269    i.I2C_GetFlagStatus  stm32f4xx_i2c.o
    0x08001b08   0x00000010   Code   RO         7913    i.Key_Init          key.o
    0x08001b18   0x000000c0   Code   RO         7914    i.Key_Scan          key.o
    0x08001bd8   0x0000005c   Code   RO         7948    i.LED_Init          led.o
    0x08001c34   0x00000010   Code   RO         7949    i.LED_Out           led.o
    0x08001c44   0x00000054   Code   RO         7984    i.MPU9250_Init      mpu9250.o
    0x08001c98   0x00000004   Code   RO            7    i.MemManage_Handler  stm32f4xx_it.o
    0x08001c9c   0x00000040   Code   RO         7986    i.Mpu9250_Write_Reg  mpu9250.o
    0x08001cdc   0x00000002   Code   RO            8    i.NMI_Handler       stm32f4xx_it.o
    0x08001cde   0x00000002   PAD
    0x08001ce0   0x00000078   Code   RO          228    i.NVIC_Init         misc.o
    0x08001d58   0x00000014   Code   RO          229    i.NVIC_PriorityGroupConfig  misc.o
    0x08001d6c   0x00000118   Code   RO         8134    i.OEM_Init_output   rtk_base.o
    0x08001e84   0x00000168   Code   RO         8135    i.OEM_RTK_BASE      rtk_base.o
    0x08001fec   0x00000030   Code   RO         6282    i.OSInit            os_core.o
    0x0800201c   0x0000000c   Code   RO         7153    i.OSInitHookBegin   os_cpu_c.o
    0x08002028   0x00000002   Code   RO         7154    i.OSInitHookEnd     os_cpu_c.o
    0x0800202a   0x00000002   PAD
    0x0800202c   0x00000024   Code   RO         6283    i.OSIntEnter        os_core.o
    0x08002050   0x00000090   Code   RO         6284    i.OSIntExit         os_core.o
    0x080020e0   0x00000040   Code   RO         6285    i.OSSchedLock       os_core.o
    0x08002120   0x00000060   Code   RO         6286    i.OSSchedUnlock     os_core.o
    0x08002180   0x0000004c   Code   RO         6827    i.OSSemCreate       os_sem.o
    0x080021cc   0x000000ec   Code   RO         6829    i.OSSemPend         os_sem.o
    0x080022b8   0x00000058   Code   RO         6831    i.OSSemPost         os_sem.o
    0x08002310   0x00000048   Code   RO         6287    i.OSStart           os_core.o
    0x08002358   0x00000002   Code   RO         7155    i.OSTCBInitHook     os_cpu_c.o
    0x0800235a   0x00000002   PAD
    0x0800235c   0x000000a0   Code   RO         6893    i.OSTaskCreate      os_task.o
    0x080023fc   0x000000b8   Code   RO         6894    i.OSTaskCreateExt   os_task.o
    0x080024b4   0x00000002   Code   RO         7156    i.OSTaskCreateHook  os_cpu_c.o
    0x080024b6   0x00000002   PAD
    0x080024b8   0x00000154   Code   RO         6895    i.OSTaskDel         os_task.o
    0x0800260c   0x00000002   Code   RO         7157    i.OSTaskDelHook     os_cpu_c.o
    0x0800260e   0x00000002   Code   RO         7158    i.OSTaskIdleHook    os_cpu_c.o
    0x08002610   0x00000070   Code   RO         6898    i.OSTaskNameSet     os_task.o
    0x08002680   0x00000002   Code   RO         7159    i.OSTaskReturnHook  os_cpu_c.o
    0x08002682   0x00000002   Code   RO         7160    i.OSTaskStatHook    os_cpu_c.o
    0x08002684   0x0000008c   Code   RO         6903    i.OSTaskStkChk      os_task.o
    0x08002710   0x000001b0   Code   RO         7161    i.OSTaskStkInit     os_cpu_c.o
    0x080028c0   0x000000a8   Code   RO         6904    i.OSTaskSuspend     os_task.o
    0x08002968   0x00000002   Code   RO         7162    i.OSTaskSwHook      os_cpu_c.o
    0x0800296a   0x00000002   PAD
    0x0800296c   0x00000078   Code   RO         7000    i.OSTimeDly         os_time.o
    0x080029e4   0x00000060   Code   RO         7001    i.OSTimeDlyHMSM     os_time.o
    0x08002a44   0x000000ec   Code   RO         6289    i.OSTimeTick        os_core.o
    0x08002b30   0x00000024   Code   RO         7163    i.OSTimeTickHook    os_cpu_c.o
    0x08002b54   0x00000014   Code   RO         7052    i.OSTmrSignal       os_tmr.o
    0x08002b68   0x000000b8   Code   RO         7058    i.OSTmr_Init        os_tmr.o
    0x08002c20   0x00000050   Code   RO         7059    i.OSTmr_InitTask    os_tmr.o
    0x08002c70   0x0000006c   Code   RO         7060    i.OSTmr_Link        os_tmr.o
    0x08002cdc   0x00000080   Code   RO         7061    i.OSTmr_Task        os_tmr.o
    0x08002d5c   0x00000044   Code   RO         7062    i.OSTmr_Unlink      os_tmr.o
    0x08002da0   0x00000002   Code   RO         6291    i.OS_Dummy          os_core.o
    0x08002da2   0x00000002   PAD
    0x08002da4   0x00000084   Code   RO         6292    i.OS_EventTaskRdy   os_core.o
    0x08002e28   0x0000002a   Code   RO         6293    i.OS_EventTaskRemove  os_core.o
    0x08002e52   0x00000002   PAD
    0x08002e54   0x0000007c   Code   RO         6294    i.OS_EventTaskWait  os_core.o
    0x08002ed0   0x0000001c   Code   RO         6295    i.OS_EventWaitListInit  os_core.o
    0x08002eec   0x00000058   Code   RO         6511    i.OS_FlagInit       os_flag.o
    0x08002f44   0x00000024   Code   RO         6513    i.OS_FlagUnlink     os_flag.o
    0x08002f68   0x00000054   Code   RO         6296    i.OS_InitEventList  os_core.o
    0x08002fbc   0x00000054   Code   RO         6297    i.OS_InitMisc       os_core.o
    0x08003010   0x00000044   Code   RO         6298    i.OS_InitRdyList    os_core.o
    0x08003054   0x00000080   Code   RO         6299    i.OS_InitTCBList    os_core.o
    0x080030d4   0x00000050   Code   RO         6300    i.OS_InitTaskIdle   os_core.o
    0x08003124   0x00000050   Code   RO         6301    i.OS_InitTaskStat   os_core.o
    0x08003174   0x00000012   Code   RO         6302    i.OS_MemClr         os_core.o
    0x08003186   0x00000002   PAD
    0x08003188   0x00000050   Code   RO         6752    i.OS_QInit          os_q.o
    0x080031d8   0x00000074   Code   RO         6304    i.OS_Sched          os_core.o
    0x0800324c   0x0000002c   Code   RO         6305    i.OS_SchedNew       os_core.o
    0x08003278   0x00000134   Code   RO         6307    i.OS_TCBInit        os_core.o
    0x080033ac   0x00000028   Code   RO         6308    i.OS_TaskIdle       os_core.o
    0x080033d4   0x00000018   Code   RO         6905    i.OS_TaskReturn     os_task.o
    0x080033ec   0x00000088   Code   RO         6309    i.OS_TaskStat       os_core.o
    0x08003474   0x0000003c   Code   RO         6310    i.OS_TaskStatStkChk  os_core.o
    0x080034b0   0x0000001a   Code   RO         6906    i.OS_TaskStkClr     os_task.o
    0x080034ca   0x00000002   PAD
    0x080034cc   0x00000010   Code   RO         5551    i.OTG_FS_IRQHandler  usbh_usr.o
    0x080034dc   0x00000020   Code   RO         2903    i.RCC_AHB1PeriphClockCmd  stm32f4xx_rcc.o
    0x080034fc   0x00000020   Code   RO         2906    i.RCC_AHB2PeriphClockCmd  stm32f4xx_rcc.o
    0x0800351c   0x00000020   Code   RO         2912    i.RCC_APB1PeriphClockCmd  stm32f4xx_rcc.o
    0x0800353c   0x00000020   Code   RO         2914    i.RCC_APB1PeriphResetCmd  stm32f4xx_rcc.o
    0x0800355c   0x00000020   Code   RO         2915    i.RCC_APB2PeriphClockCmd  stm32f4xx_rcc.o
    0x0800357c   0x00000020   Code   RO         2917    i.RCC_APB2PeriphResetCmd  stm32f4xx_rcc.o
    0x0800359c   0x000000e8   Code   RO         2924    i.RCC_GetClocksFreq  stm32f4xx_rcc.o
    0x08003684   0x0000005c   Code   RO         8136    i.RTK_BASE_Init     rtk_base.o
    0x080036e0   0x00000020   Code   RO         8137    i.RTK_find_string   rtk_base.o
    0x08003700   0x000000a8   Code   RO         8138    i.RTK_send_cmd      rtk_base.o
    0x080037a8   0x0000003c   Code   RO         8139    i.RTK_tick_time     rtk_base.o
    0x080037e4   0x0000011c   Code   RO         7612    i.SDEnWideBus       stm32_eval_sdio_sd.o
    0x08003900   0x0000000c   Code   RO         3840    i.SDIO_ClearFlag    stm32f4xx_sdio.o
    0x0800390c   0x0000000c   Code   RO         3842    i.SDIO_ClockCmd     stm32f4xx_sdio.o
    0x08003918   0x0000000c   Code   RO         3845    i.SDIO_DMACmd       stm32f4xx_sdio.o
    0x08003924   0x00000034   Code   RO         3846    i.SDIO_DataConfig   stm32f4xx_sdio.o
    0x08003958   0x00000016   Code   RO         3848    i.SDIO_DeInit       stm32f4xx_sdio.o
    0x0800396e   0x00000002   PAD
    0x08003970   0x0000000c   Code   RO         3849    i.SDIO_GetCommandResponse  stm32f4xx_sdio.o
    0x0800397c   0x00000018   Code   RO         3852    i.SDIO_GetFlagStatus  stm32f4xx_sdio.o
    0x08003994   0x00000010   Code   RO         3854    i.SDIO_GetPowerState  stm32f4xx_sdio.o
    0x080039a4   0x00000018   Code   RO         3855    i.SDIO_GetResponse  stm32f4xx_sdio.o
    0x080039bc   0x00000020   Code   RO         3856    i.SDIO_ITConfig     stm32f4xx_sdio.o
    0x080039dc   0x00000030   Code   RO         3857    i.SDIO_Init         stm32f4xx_sdio.o
    0x08003a0c   0x0000000c   Code   RO         3858    i.SDIO_ReadData     stm32f4xx_sdio.o
    0x08003a18   0x0000002c   Code   RO         3860    i.SDIO_SendCommand  stm32f4xx_sdio.o
    0x08003a44   0x0000000c   Code   RO         3862    i.SDIO_SetPowerState  stm32f4xx_sdio.o
    0x08003a50   0x00000020   Code   RO         7614    i.SD_Detect         stm32_eval_sdio_sd.o
    0x08003a70   0x00000090   Code   RO         7615    i.SD_EnableWideBusOperation  stm32_eval_sdio_sd.o
    0x08003b00   0x0000031c   Code   RO         7617    i.SD_GetCardInfo    stm32_eval_sdio_sd.o
    0x08003e1c   0x00000026   Code   RO         7619    i.SD_GetState       stm32_eval_sdio_sd.o
    0x08003e42   0x0000001e   Code   RO         7620    i.SD_GetStatus      stm32_eval_sdio_sd.o
    0x08003e60   0x00000084   Code   RO         7623    i.SD_Init           stm32_eval_sdio_sd.o
    0x08003ee4   0x0000013c   Code   RO         7624    i.SD_InitializeCards  stm32_eval_sdio_sd.o
    0x08004020   0x0000008c   Code   RO         7625    i.SD_LowLevel_DMA_RxConfig  stm32_eval_sdio_sd.o
    0x080040ac   0x00000090   Code   RO         7626    i.SD_LowLevel_DMA_TxConfig  stm32_eval_sdio_sd.o
    0x0800413c   0x000000c4   Code   RO         7628    i.SD_LowLevel_Init  stm32_eval_sdio_sd.o
    0x08004200   0x000001a0   Code   RO         7630    i.SD_PowerON        stm32_eval_sdio_sd.o
    0x080043a0   0x000000e0   Code   RO         7633    i.SD_ReadBlock      stm32_eval_sdio_sd.o
    0x08004480   0x00000034   Code   RO         7635    i.SD_SelectDeselect  stm32_eval_sdio_sd.o
    0x080044b4   0x00000054   Code   RO         7637    i.SD_SendStatus     stm32_eval_sdio_sd.o
    0x08004508   0x000000dc   Code   RO         7641    i.SD_WriteBlock     stm32_eval_sdio_sd.o
    0x080045e4   0x00000010   Code   RO         8067    i.SOUNCE_Init       souce.o
    0x080045f4   0x00000018   Code   RO         4064    i.SPI_Cmd           stm32f4xx_spi.o
    0x0800460c   0x00000012   Code   RO         4072    i.SPI_I2S_GetFlagStatus  stm32f4xx_spi.o
    0x0800461e   0x00000006   Code   RO         4075    i.SPI_I2S_ReceiveData  stm32f4xx_spi.o
    0x08004624   0x00000004   Code   RO         4076    i.SPI_I2S_SendData  stm32f4xx_spi.o
    0x08004628   0x0000003c   Code   RO         4077    i.SPI_Init          stm32f4xx_spi.o
    0x08004664   0x00000050   Code   RO         7307    i.SPI_ReadWriteByte  spi.o
    0x080046b4   0x00000078   Code   RO         7308    i.SPIx_Init         spi.o
    0x0800472c   0x0000003a   Code   RO         7309    i.SPIx_Init_Cs      spi.o
    0x08004766   0x00000002   Code   RO            9    i.SVC_Handler       stm32f4xx_it.o
    0x08004768   0x00000120   Code   RO          180    i.SetSysClock       system_stm32f4xx.o
    0x08004888   0x00000034   Code   RO         7399    i.SysTick_Handler   times.o
    0x080048bc   0x00000068   Code   RO          182    i.SystemInit        system_stm32f4xx.o
    0x08004924   0x000000c0   Code   RO         8236    i.UART4_IRQHandler  esp32.o
    0x080049e4   0x00000500   Code   RO         8140    i.UART8_IRQHandler  rtk_base.o
    0x08004ee4   0x00000028   Code   RO         7486    i.UART_SendString   uart.o
    0x08004f0c   0x00000196   Code   RO         7487    i.UARTx_Init        uart.o
    0x080050a2   0x00000002   PAD
    0x080050a4   0x000000b0   Code   RO         8407    i.USART1_IRQHandler  socket.o
    0x08005154   0x000000b4   Code   RO         8141    i.USART3_IRQHandler  rtk_base.o
    0x08005208   0x00000012   Code   RO         4852    i.USART_ClearFlag   stm32f4xx_usart.o
    0x0800521a   0x00000018   Code   RO         4856    i.USART_Cmd         stm32f4xx_usart.o
    0x08005232   0x0000001a   Code   RO         4859    i.USART_GetFlagStatus  stm32f4xx_usart.o
    0x0800524c   0x00000054   Code   RO         4860    i.USART_GetITStatus  stm32f4xx_usart.o
    0x080052a0   0x0000004a   Code   RO         4862    i.USART_ITConfig    stm32f4xx_usart.o
    0x080052ea   0x00000002   PAD
    0x080052ec   0x000000d4   Code   RO         4863    i.USART_Init        stm32f4xx_usart.o
    0x080053c0   0x0000000a   Code   RO         4870    i.USART_ReceiveData  stm32f4xx_usart.o
    0x080053ca   0x00000008   Code   RO         4873    i.USART_SendData    stm32f4xx_usart.o
    0x080053d2   0x00000030   Code   RO         7490    i.USARTx_SendBytes  uart.o
    0x08005402   0x00000026   Code   RO         6029    i.USBH_Alloc_Channel  usbh_hcs.o
    0x08005428   0x00000060   Code   RO         6082    i.USBH_BulkReceiveData  usbh_ioreq.o
    0x08005488   0x0000005e   Code   RO         6083    i.USBH_BulkSendData  usbh_ioreq.o
    0x080054e6   0x0000004c   Code   RO         6166    i.USBH_ClrFeature   usbh_stdreq.o
    0x08005532   0x0000000c   Code   RO         5928    i.USBH_Connected    usbh_core.o
    0x0800553e   0x00000046   Code   RO         6084    i.USBH_CtlReceiveData  usbh_ioreq.o
    0x08005584   0x00000064   Code   RO         6085    i.USBH_CtlReq       usbh_ioreq.o
    0x080055e8   0x0000006e   Code   RO         6086    i.USBH_CtlSendData  usbh_ioreq.o
    0x08005656   0x00000042   Code   RO         6087    i.USBH_CtlSendSetup  usbh_ioreq.o
    0x08005698   0x0000001c   Code   RO         6030    i.USBH_DeAllocate_AllChannel  usbh_hcs.o
    0x080056b4   0x0000003a   Code   RO         5929    i.USBH_DeInit       usbh_core.o
    0x080056ee   0x00000028   Code   RO         5930    i.USBH_Disconnected  usbh_core.o
    0x08005716   0x0000002e   Code   RO         5931    i.USBH_ErrorHandle  usbh_core.o
    0x08005744   0x0000001e   Code   RO         6031    i.USBH_Free_Channel  usbh_hcs.o
    0x08005762   0x00000044   Code   RO         6167    i.USBH_GetDescriptor  usbh_stdreq.o
    0x080057a6   0x00000028   Code   RO         6032    i.USBH_GetFreeChannel  usbh_hcs.o
    0x080057ce   0x00000012   Code   RO         6168    i.USBH_GetNextDesc  usbh_stdreq.o
    0x080057e0   0x0000006c   Code   RO         6169    i.USBH_Get_CfgDesc  usbh_stdreq.o
    0x0800584c   0x00000038   Code   RO         6170    i.USBH_Get_DevDesc  usbh_stdreq.o
    0x08005884   0x0000003c   Code   RO         6171    i.USBH_Get_StringDesc  usbh_stdreq.o
    0x080058c0   0x0000022c   Code   RO         5932    i.USBH_HandleControl  usbh_core.o
    0x08005aec   0x000001e0   Code   RO         5933    i.USBH_HandleEnum   usbh_core.o
    0x08005ccc   0x00000046   Code   RO         5934    i.USBH_Init         usbh_core.o
    0x08005d12   0x00000002   PAD
    0x08005d14   0x00000060   Code   RO         5762    i.USBH_MSC_BOT_Abort  usbh_msc_bot.o
    0x08005d74   0x00000014   Code   RO         5811    i.USBH_MSC_ClassRequest  usbh_msc_core.o
    0x08005d88   0x00000080   Code   RO         5763    i.USBH_MSC_DecodeCSW  usbh_msc_bot.o
    0x08005e08   0x00000044   Code   RO         5812    i.USBH_MSC_ErrorHandle  usbh_msc_core.o
    0x08005e4c   0x0000002c   Code   RO         5813    i.USBH_MSC_GETMaxLUN  usbh_msc_core.o
    0x08005e78   0x00000184   Code   RO         5814    i.USBH_MSC_Handle   usbh_msc_core.o
    0x08005ffc   0x00000408   Code   RO         5764    i.USBH_MSC_HandleBOTXfer  usbh_msc_bot.o
    0x08006404   0x00000044   Code   RO         5765    i.USBH_MSC_Init     usbh_msc_bot.o
    0x08006448   0x0000004c   Code   RO         5815    i.USBH_MSC_InterfaceDeInit  usbh_msc_core.o
    0x08006494   0x00000100   Code   RO         5816    i.USBH_MSC_InterfaceInit  usbh_msc_core.o
    0x08006594   0x000000d0   Code   RO         5867    i.USBH_MSC_ModeSense6  usbh_msc_scsi.o
    0x08006664   0x00000100   Code   RO         5868    i.USBH_MSC_Read10   usbh_msc_scsi.o
    0x08006764   0x000000dc   Code   RO         5869    i.USBH_MSC_ReadCapacity10  usbh_msc_scsi.o
    0x08006840   0x000000e0   Code   RO         5870    i.USBH_MSC_RequestSense  usbh_msc_scsi.o
    0x08006920   0x000000b0   Code   RO         5871    i.USBH_MSC_TestUnitReady  usbh_msc_scsi.o
    0x080069d0   0x000000e4   Code   RO         5872    i.USBH_MSC_Write10  usbh_msc_scsi.o
    0x08006ab4   0x00000064   Code   RO         6033    i.USBH_Modify_Channel  usbh_hcs.o
    0x08006b18   0x000000a8   Code   RO         5402    i.USBH_OTG_ISR_Handler  usb_hcd_int.o
    0x08006bc0   0x0000009a   Code   RO         6034    i.USBH_Open_Channel  usbh_hcs.o
    0x08006c5a   0x00000002   PAD
    0x08006c5c   0x00000134   Code   RO         6172    i.USBH_ParseCfgDesc  usbh_stdreq.o
    0x08006d90   0x00000058   Code   RO         6173    i.USBH_ParseDevDesc  usbh_stdreq.o
    0x08006de8   0x00000020   Code   RO         6174    i.USBH_ParseEPDesc  usbh_stdreq.o
    0x08006e08   0x00000026   Code   RO         6175    i.USBH_ParseInterfaceDesc  usbh_stdreq.o
    0x08006e2e   0x00000036   Code   RO         6176    i.USBH_ParseStringDesc  usbh_stdreq.o
    0x08006e64   0x0000000c   Code   RO         5935    i.USBH_PortDisabled  usbh_core.o
    0x08006e70   0x0000000c   Code   RO         5936    i.USBH_PortEnabled  usbh_core.o
    0x08006e7c   0x000001d4   Code   RO         5937    i.USBH_Process      usbh_core.o
    0x08007050   0x00000006   Code   RO         5938    i.USBH_SOF          usbh_core.o
    0x08007056   0x00000026   Code   RO         6177    i.USBH_SetAddress   usbh_stdreq.o
    0x0800707c   0x00000026   Code   RO         6178    i.USBH_SetCfg       usbh_stdreq.o
    0x080070a2   0x00000018   Code   RO         6092    i.USBH_SubmitSetupRequest  usbh_ioreq.o
    0x080070ba   0x00000002   PAD
    0x080070bc   0x00000060   Code   RO         5552    i.USBH_UDISK_Read   usbh_usr.o
    0x0800711c   0x00000010   Code   RO         5553    i.USBH_UDISK_Status  usbh_usr.o
    0x0800712c   0x00000060   Code   RO         5554    i.USBH_UDISK_Write  usbh_usr.o
    0x0800718c   0x0000004c   Code   RO         5555    i.USBH_USR_Configuration_DescAvailable  usbh_usr.o
    0x080071d8   0x0000000c   Code   RO         5556    i.USBH_USR_DeInit   usbh_usr.o
    0x080071e4   0x00000020   Code   RO         5557    i.USBH_USR_DeviceAddressAssigned  usbh_usr.o
    0x08007204   0x00000024   Code   RO         5558    i.USBH_USR_DeviceAttached  usbh_usr.o
    0x08007228   0x0000001c   Code   RO         5559    i.USBH_USR_DeviceDisconnected  usbh_usr.o
    0x08007244   0x00000024   Code   RO         5560    i.USBH_USR_DeviceNotSupported  usbh_usr.o
    0x08007268   0x00000078   Code   RO         5561    i.USBH_USR_DeviceSpeedDetected  usbh_usr.o
    0x080072e0   0x00000038   Code   RO         5562    i.USBH_USR_Device_DescAvailable  usbh_usr.o
    0x08007318   0x00000020   Code   RO         5563    i.USBH_USR_EnumerationDone  usbh_usr.o
    0x08007338   0x00000070   Code   RO         5564    i.USBH_USR_Init     usbh_usr.o
    0x080073a8   0x00000054   Code   RO         5565    i.USBH_USR_MSC_Application  usbh_usr.o
    0x080073fc   0x00000024   Code   RO         5566    i.USBH_USR_Manufacturer_String  usbh_usr.o
    0x08007420   0x00000020   Code   RO         5567    i.USBH_USR_OverCurrentDetected  usbh_usr.o
    0x08007440   0x00000020   Code   RO         5568    i.USBH_USR_Product_String  usbh_usr.o
    0x08007460   0x0000001c   Code   RO         5569    i.USBH_USR_ResetDevice  usbh_usr.o
    0x0800747c   0x00000024   Code   RO         5570    i.USBH_USR_SerialNum_String  usbh_usr.o
    0x080074a0   0x00000024   Code   RO         5571    i.USBH_USR_UnrecoveredError  usbh_usr.o
    0x080074c4   0x00000020   Code   RO         5572    i.USBH_USR_UserInput  usbh_usr.o
    0x080074e4   0x00000002   Code   RO         5480    i.USB_OTG_BSP_ConfigVBUS  usb_bsp.o
    0x080074e6   0x00000002   Code   RO         5482    i.USB_OTG_BSP_DriveVBUS  usb_bsp.o
    0x080074e8   0x00000024   Code   RO         5483    i.USB_OTG_BSP_EnableInterrupt  usb_bsp.o
    0x0800750c   0x00000078   Code   RO         5484    i.USB_OTG_BSP_Init  usb_bsp.o
    0x08007584   0x00000012   Code   RO         5487    i.USB_OTG_BSP_mDelay  usb_bsp.o
    0x08007596   0x00000022   Code   RO         5488    i.USB_OTG_BSP_uDelay  usb_bsp.o
    0x080075b8   0x00000126   Code   RO         5110    i.USB_OTG_CoreInit  usb_core.o
    0x080076de   0x000000d6   Code   RO         5111    i.USB_OTG_CoreInitHost  usb_core.o
    0x080077b4   0x00000070   Code   RO         5112    i.USB_OTG_CoreReset  usb_core.o
    0x08007824   0x00000022   Code   RO         5113    i.USB_OTG_DisableGlobalInt  usb_core.o
    0x08007846   0x0000005c   Code   RO         5114    i.USB_OTG_DriveVbus  usb_core.o
    0x080078a2   0x00000034   Code   RO         5115    i.USB_OTG_EnableCommonInt  usb_core.o
    0x080078d6   0x00000022   Code   RO         5116    i.USB_OTG_EnableGlobalInt  usb_core.o
    0x080078f8   0x00000084   Code   RO         5117    i.USB_OTG_EnableHostInt  usb_core.o
    0x0800797c   0x0000004c   Code   RO         5118    i.USB_OTG_FlushRxFifo  usb_core.o
    0x080079c8   0x00000054   Code   RO         5119    i.USB_OTG_FlushTxFifo  usb_core.o
    0x08007a1c   0x0000000c   Code   RO         5120    i.USB_OTG_GetMode   usb_core.o
    0x08007a28   0x0000005a   Code   RO         5121    i.USB_OTG_HC_DoPing  usb_core.o
    0x08007a82   0x0000009a   Code   RO         5122    i.USB_OTG_HC_Halt   usb_core.o
    0x08007b1c   0x00000238   Code   RO         5123    i.USB_OTG_HC_Init   usb_core.o
    0x08007d54   0x000001f6   Code   RO         5124    i.USB_OTG_HC_StartXfer  usb_core.o
    0x08007f4a   0x00000018   Code   RO         5125    i.USB_OTG_InitFSLSPClkSel  usb_core.o
    0x08007f62   0x00000010   Code   RO         5127    i.USB_OTG_IsEvenFrame  usb_core.o
    0x08007f72   0x00000014   Code   RO         5128    i.USB_OTG_IsHostMode  usb_core.o
    0x08007f86   0x00000010   Code   RO         5129    i.USB_OTG_ReadCoreItr  usb_core.o
    0x08007f96   0x00000030   Code   RO         5130    i.USB_OTG_ReadHPRT0  usb_core.o
    0x08007fc6   0x00000008   Code   RO         5131    i.USB_OTG_ReadHostAllChannels_intr  usb_core.o
    0x08007fce   0x00000028   Code   RO         5133    i.USB_OTG_ReadPacket  usb_core.o
    0x08007ff6   0x00000040   Code   RO         5134    i.USB_OTG_ResetPort  usb_core.o
    0x08008036   0x00000002   PAD
    0x08008038   0x000000d0   Code   RO         5135    i.USB_OTG_SelectCore  usb_core.o
    0x08008108   0x0000004e   Code   RO         5136    i.USB_OTG_SetCurrentMode  usb_core.o
    0x08008156   0x00000002   PAD
    0x08008158   0x0000002c   Code   RO         5403    i.USB_OTG_USBH_handle_Disconnect_ISR  usb_hcd_int.o
    0x08008184   0x00000046   Code   RO         5404    i.USB_OTG_USBH_handle_IncompletePeriodicXfer_ISR  usb_hcd_int.o
    0x080081ca   0x00000056   Code   RO         5405    i.USB_OTG_USBH_handle_hc_ISR  usb_hcd_int.o
    0x08008220   0x0000041e   Code   RO         5406    i.USB_OTG_USBH_handle_hc_n_In_ISR  usb_hcd_int.o
    0x0800863e   0x000003b8   Code   RO         5407    i.USB_OTG_USBH_handle_hc_n_Out_ISR  usb_hcd_int.o
    0x080089f6   0x0000012e   Code   RO         5408    i.USB_OTG_USBH_handle_nptxfempty_ISR  usb_hcd_int.o
    0x08008b24   0x0000013c   Code   RO         5409    i.USB_OTG_USBH_handle_port_ISR  usb_hcd_int.o
    0x08008c60   0x0000012e   Code   RO         5410    i.USB_OTG_USBH_handle_ptxfempty_ISR  usb_hcd_int.o
    0x08008d8e   0x00000164   Code   RO         5411    i.USB_OTG_USBH_handle_rx_qlvl_ISR  usb_hcd_int.o
    0x08008ef2   0x00000002   PAD
    0x08008ef4   0x0000002c   Code   RO         5412    i.USB_OTG_USBH_handle_sof_ISR  usb_hcd_int.o
    0x08008f20   0x00000040   Code   RO         5138    i.USB_OTG_WritePacket  usb_core.o
    0x08008f60   0x00000004   Code   RO         5573    i.USH_User_App      usbh_usr.o
    0x08008f64   0x00000004   Code   RO           10    i.UsageFault_Handler  stm32f4xx_it.o
    0x08008f68   0x00000028   Code   RO         8237    i.Wifi_Esp_Init     esp32.o
    0x08008f90   0x0000000e   Code   RO         9869    i._is_digit         c_w.l(__printf_wp.o)
    0x08008f9e   0x00000006   Code   RO         7491    i._sys_exit         uart.o
    0x08008fa4   0x000000a8   Code   RO         8408    i.async_notify      socket.o
    0x0800904c   0x00000090   Code   RO         8701    i.check_fs          ff.o
    0x080090dc   0x0000001c   Code   RO         8409    i.clear_buf         socket.o
    0x080090f8   0x00000040   Code   RO         7400    i.cycleCounterInit  times.o
    0x08009138   0x00000030   Code   RO         8639    i.disk_initialize   diskio.o
    0x08009168   0x00000042   Code   RO         8641    i.disk_read         diskio.o
    0x080091aa   0x00000026   Code   RO         8642    i.disk_status       diskio.o
    0x080091d0   0x00000054   Code   RO         8643    i.disk_write        diskio.o
    0x08009224   0x000000a0   Code   RO         8963    i.esp_date_task     main.o
    0x080092c4   0x00000020   Code   RO         8238    i.esp_find_string   esp32.o
    0x080092e4   0x0000005c   Code   RO         8719    i.f_mount           ff.o
    0x08009340   0x00000020   Code   RO         8411    i.find_string       socket.o
    0x08009360   0x00000394   Code   RO         8731    i.find_volume       ff.o
    0x080096f4   0x0000001c   Code   RO         7862    i.fm25v_init        fm25v.o
    0x08009710   0x0000001c   Code   RO         7492    i.fputc             uart.o
    0x0800972c   0x0000000c   Code   RO         9405    i.get_gga_send_glag  rtcm.lib(ntrip.o)
    0x08009738   0x0000000c   Code   RO         9351    i.get_httprequest_flag  rtcm.lib(httprequest.o)
    0x08009744   0x0000000c   Code   RO         9352    i.get_httprequest_retry_cb  rtcm.lib(httprequest.o)
    0x08009750   0x00000048   Code   RO         8735    i.get_ldnumber      ff.o
    0x08009798   0x0000000c   Code   RO         9406    i.get_ntrip_connect_status  rtcm.lib(ntrip.o)
    0x080097a4   0x0000000c   Code   RO         9407    i.get_ntrip_header_send_flag  rtcm.lib(ntrip.o)
    0x080097b0   0x00000008   Code   RO         9072    i.get_qxwz_config   rtcm.lib(qxwz_rtcm.o)
    0x080097b8   0x00000008   Code   RO         9073    i.get_sdk_timestamp  rtcm.lib(qxwz_rtcm.o)
    0x080097c0   0x0000000c   Code   RO         9247    i.get_soc_close_status  rtcm.lib(qxwz_socket.o)
    0x080097cc   0x000000c8   Code   RO         8414    i.gsm_ack_exception  socket.o
    0x08009894   0x000001e4   Code   RO         8415    i.init_gsm_gprs     socket.o
    0x08009a78   0x00000078   Code   RO         9701    i.isc_hmacsha384_init  rtcm.lib(sha384.o)
    0x08009af0   0x0000006e   Code   RO         9703    i.isc_hmacsha384_sign  rtcm.lib(sha384.o)
    0x08009b5e   0x00000014   Code   RO         9704    i.isc_hmacsha384_update  rtcm.lib(sha384.o)
    0x08009b72   0x00000002   PAD
    0x08009b74   0x000000b4   Code   RO         9708    i.isc_sha384_final  rtcm.lib(sha384.o)
    0x08009c28   0x00000030   Code   RO         9709    i.isc_sha384_init   rtcm.lib(sha384.o)
    0x08009c58   0x00000014   Code   RO         9710    i.isc_sha384_update  rtcm.lib(sha384.o)
    0x08009c6c   0x00000180   Code   RO         9711    i.isc_sha512_last   rtcm.lib(sha384.o)
    0x08009dec   0x00002482   Code   RO         9712    i.isc_sha512_transform  rtcm.lib(sha384.o)
    0x0800c26e   0x00000158   Code   RO         9713    i.isc_sha512_update  rtcm.lib(sha384.o)
    0x0800c3c6   0x00000002   PAD
    0x0800c3c8   0x0000001c   Code   RO         8964    i.key_task          main.o
    0x0800c3e4   0x0000002c   Code   RO         8965    i.led_task          main.o
    0x0800c410   0x0000010c   Code   RO         8966    i.main              main.o
    0x0800c51c   0x00000010   Code   RO         9353    i.makekvpair        rtcm.lib(httprequest.o)
    0x0800c52c   0x00000034   Code   RO         8740    i.move_window       ff.o
    0x0800c560   0x000000cc   Code   RO         9408    i.ntrip_auth_sign   rtcm.lib(ntrip.o)
    0x0800c62c   0x000001b8   Code   RO         8967    i.oem_rtcm_task     main.o
    0x0800c7e4   0x00000108   Code   RO         8416    i.query_uart_buf    socket.o
    0x0800c8ec   0x000000e0   Code   RO         9567    i.qxwz_api_sign     rtcm.lib(qxwz_webservice.o)
    0x0800c9cc   0x00000328   Code   RO         9410    i.qxwz_ntrip_connect  rtcm.lib(ntrip.o)
    0x0800ccf4   0x00000044   Code   RO         9411    i.qxwz_ntrip_disconnect  rtcm.lib(ntrip.o)
    0x0800cd38   0x00000368   Code   RO         9412    i.qxwz_ntrip_handle_data  rtcm.lib(ntrip.o)
    0x0800d0a0   0x00000190   Code   RO         9414    i.qxwz_ntrip_on_data_received  rtcm.lib(ntrip.o)
    0x0800d230   0x00000014   Code   RO         9415    i.qxwz_ntrip_report_diff_data  rtcm.lib(ntrip.o)
    0x0800d244   0x00000014   Code   RO         9416    i.qxwz_ntrip_report_status  rtcm.lib(ntrip.o)
    0x0800d258   0x000001d8   Code   RO         9419    i.qxwz_ntrip_send_header  rtcm.lib(ntrip.o)
    0x0800d430   0x00000198   Code   RO         9422    i.qxwz_ntrip_tick   rtcm.lib(ntrip.o)
    0x0800d5c8   0x00000100   Code   RO         9248    i.qxwz_on_soc_data_received  rtcm.lib(qxwz_socket.o)
    0x0800d6c8   0x0000000c   Code   RO         9047    i.qxwz_prefs_flags_get  rtcm.lib(prefs.o)
    0x0800d6d4   0x0000006c   Code   RO         9715    i.qxwz_sign_sha384  rtcm.lib(sha384.o)
    0x0800d740   0x00000090   Code   RO         8417    i.qxwz_soc_close    socket.o
    0x0800d7d0   0x00000018   Code   RO         9249    i.qxwz_soc_close_complete  rtcm.lib(qxwz_socket.o)
    0x0800d7e8   0x000000ac   Code   RO         8418    i.qxwz_soc_connect  socket.o
    0x0800d894   0x000001d4   Code   RO         9250    i.qxwz_soc_connect_complete  rtcm.lib(qxwz_socket.o)
    0x0800da68   0x00000060   Code   RO         8419    i.qxwz_soc_create   socket.o
    0x0800dac8   0x000000bc   Code   RO         9251    i.qxwz_soc_error    rtcm.lib(qxwz_socket.o)
    0x0800db84   0x0000004c   Code   RO         8420    i.qxwz_soc_init     socket.o
    0x0800dbd0   0x00000028   Code   RO         9252    i.qxwz_soc_local_close  rtcm.lib(qxwz_socket.o)
    0x0800dbf8   0x00000034   Code   RO         9253    i.qxwz_soc_local_connect  rtcm.lib(qxwz_socket.o)
    0x0800dc2c   0x000000f0   Code   RO         8421    i.qxwz_soc_send     socket.o
    0x0800dd1c   0x00000228   Code   RO         9254    i.qxwz_soc_send_complete  rtcm.lib(qxwz_socket.o)
    0x0800df44   0x0000001c   Code   RO         9088    i.qxwz_tick         rtcm.lib(qxwz_rtcm.o)
    0x0800df60   0x0000001c   Code   RO         8422    i.restart_connect   socket.o
    0x0800df7c   0x00000018   Code   RO         9089    i.rtcm_callnextsetp_method  rtcm.lib(qxwz_rtcm.o)
    0x0800df94   0x00000048   Code   RO         8968    i.rtcm_task         main.o
    0x0800dfdc   0x000000bc   Code   RO         8142    i.rtcm_time_cnt     rtk_base.o
    0x0800e098   0x00000054   Code   RO         8969    i.rtk_date_task     main.o
    0x0800e0ec   0x000000ac   Code   RO         8423    i.send_at_command   socket.o
    0x0800e198   0x0000001c   Code   RO         8424    i.set_ate0          socket.o
    0x0800e1b4   0x0000000c   Code   RO         9423    i.set_gga_send_flag  rtcm.lib(ntrip.o)
    0x0800e1c0   0x0000000c   Code   RO         9357    i.set_httprequest_flag  rtcm.lib(httprequest.o)
    0x0800e1cc   0x0000001c   Code   RO         9424    i.set_ntrip_connect_status  rtcm.lib(ntrip.o)
    0x0800e1e8   0x00000010   Code   RO         9425    i.set_ntrip_connecting_flag  rtcm.lib(ntrip.o)
    0x0800e1f8   0x0000000c   Code   RO         9426    i.set_ntrip_header_send_flag  rtcm.lib(ntrip.o)
    0x0800e204   0x000000c0   Code   RO         9256    i.socket_getcallback  rtcm.lib(qxwz_socket.o)
    0x0800e2c4   0x00000010   Code   RO         9257    i.socket_push_callback  rtcm.lib(qxwz_socket.o)
    0x0800e2d4   0x00000020   Code   RO         9258    i.socket_remove_callback  rtcm.lib(qxwz_socket.o)
    0x0800e2f4   0x000002e8   Code   RO         9259    i.socket_tick       rtcm.lib(qxwz_socket.o)
    0x0800e5dc   0x00000014   Code   RO         8425    i.start_at_ack_timer  socket.o
    0x0800e5f0   0x000000d8   Code   RO         8970    i.start_task        main.o
    0x0800e6c8   0x0000002c   Code   RO         7311    i.stm32_spi2select  spi.o
    0x0800e6f4   0x0000002c   Code   RO         7312    i.stm32_spi3select  spi.o
    0x0800e720   0x00000052   Code   RO         8745    i.sync_window       ff.o
    0x0800e772   0x00000002   PAD
    0x0800e774   0x00000038   Code   RO         8971    i.tickit_task       main.o
    0x0800e7ac   0x00000040   Code   RO         8426    i.timer_tick        socket.o
    0x0800e7ec   0x000000e0   Code   RO         7406    i.times_Flag        times.o
    0x0800e8cc   0x0000003c   Code   RO         7407    i.times_tick        times.o
    0x0800e908   0x000000b4   Code   RO         8427    i.uart_recv_exception  socket.o
    0x0800e9bc   0x000000c8   Code   RO         8428    i.wait_creg         socket.o
    0x0800ea84   0x00000200   Code   RO         8239    i.wifi_reg          esp32.o
    0x0800ec84   0x000000a0   Code   RO         8240    i.wifi_send_comd    esp32.o
    0x0800ed24   0x000000cc   Code   RO         8241    i.wifi_soc_send     esp32.o
    0x0800edf0   0x0000003c   Code   RO         8242    i.wifi_tick_time    esp32.o
    0x0800ee2c   0x0000002c   Code   RO        10261    locale$$code        c_w.l(lc_ctype_c.o)
    0x0800ee58   0x0000000a   Code   RO        10245    x$fpl$fpinit        fz_wm.l(fpinit.o)
    0x0800ee62   0x00000100   Data   RO         6312    .constdata          os_core.o
    0x0800ef62   0x00000079   Data   RO         9261    .constdata          rtcm.lib(qxwz_socket.o)
    0x0800efdb   0x00000097   Data   RO         9428    .constdata          rtcm.lib(ntrip.o)
    0x0800f072   0x00000006   PAD
    0x0800f078   0x000002c0   Data   RO         9716    .constdata          rtcm.lib(sha384.o)
    0x0800f338   0x00000028   Data   RO         9842    .constdata          c_w.l(_printf_hex_int.o)
    0x0800f360   0x00000011   Data   RO         9877    .constdata          c_w.l(__printf_flags_ss_wp.o)
    0x0800f371   0x00000003   PAD
    0x0800f374   0x00000054   Data   RO         8973    .conststring        main.o
    0x0800f3c8   0x00000041   Data   RO         9262    .conststring        rtcm.lib(qxwz_socket.o)
    0x0800f409   0x00000003   PAD
    0x0800f40c   0x000001b7   Data   RO         9429    .conststring        rtcm.lib(ntrip.o)
    0x0800f5c3   0x00000001   PAD
    0x0800f5c4   0x00000020   Data   RO        10426    Region$$Table       anon$$obj.o
    0x0800f5e4   0x00000110   Data   RO        10260    locale$$data        c_w.l(lc_ctype_c.o)


    Execution Region RW_IRAM1 (Base: 0x20000000, Size: 0x00018b98, Max: 0x00030000, ABSOLUTE, COMPRESSED[0x00000604])

    Base Addr    Size         Type   Attr      Idx    E Section Name        Object

    0x20000000   0x00000014   Data   RW          183    .data               system_stm32f4xx.o
    0x20000014   0x00000010   Data   RW         2956    .data               stm32f4xx_rcc.o
    0x20000024   0x0000004c   Data   RW         5574    .data               usbh_usr.o
    0x20000070   0x00000015   Data   RW         5767    .data               usbh_msc_bot.o
    0x20000085   0x00000003   PAD
    0x20000088   0x0000001d   Data   RW         5818    .data               usbh_msc_core.o
    0x200000a5   0x00000001   Data   RW         5874    .data               usbh_msc_scsi.o
    0x200000a6   0x00000002   PAD
    0x200000a8   0x0000001e   Data   RW         5941    .data               usbh_core.o
    0x200000c6   0x00000003   Data   RW         6182    .data               usbh_stdreq.o
    0x200000c9   0x00000003   PAD
    0x200000cc   0x0000005c   Data   RW         6313    .data               os_core.o
    0x20000128   0x00000006   Data   RW         7164    .data               os_cpu_c.o
    0x2000012e   0x00000002   PAD
    0x20000130   0x000000ac   Data   RW         7253    .data               iic.o
    0x200001dc   0x00000020   Data   RW         7409    .data               times.o
    0x200001fc   0x00000264   Data   RW         7493    .data               uart.o
    0x20000460   0x00000018   Data   RW         7645    .data               stm32_eval_sdio_sd.o
    0x20000478   0x00000560   Data   RW         7863    .data               fm25v.o
    0x200009d8   0x00000568   Data   RW         7915    .data               key.o
    0x20000f40   0x00000560   Data   RW         7950    .data               led.o
    0x200014a0   0x00000560   Data   RW         7988    .data               mpu9250.o
    0x20001a00   0x00000560   Data   RW         8069    .data               souce.o
    0x20001f60   0x00000584   Data   RW         8144    .data               rtk_base.o
    0x200024e4   0x00000579   Data   RW         8244    .data               esp32.o
    0x20002a5d   0x00000003   PAD
    0x20002a60   0x00000588   Data   RW         8430    .data               socket.o
    0x20002fe8   0x00000006   Data   RW         8747    .data               ff.o
    0x20002fee   0x00000002   PAD
    0x20002ff0   0x00000588   Data   RW         8974    .data               main.o
    0x20003578   0x00000004   Data   RW         9049    .data               rtcm.lib(prefs.o)
    0x2000357c   0x00000028   Data   RW         9093    .data               rtcm.lib(qxwz_rtcm.o)
    0x200035a4   0x00000810   Data   RW         9263    .data               rtcm.lib(qxwz_socket.o)
    0x20003db4   0x00000005   Data   RW         9359    .data               rtcm.lib(httprequest.o)
    0x20003db9   0x00000003   PAD
    0x20003dbc   0x0000001c   Data   RW         9430    .data               rtcm.lib(ntrip.o)
    0x20003dd8   0x00000040   Zero   RW         5766    .bss                usbh_msc_bot.o
    0x20003e18   0x0000004a   Zero   RW         5817    .bss                usbh_msc_core.o
    0x20003e62   0x00000002   PAD
    0x20003e64   0x00000410   Zero   RW         5873    .bss                usbh_msc_scsi.o
    0x20004274   0x00000200   Zero   RW         6181    .bss                usbh_stdreq.o
    0x20004474   0x00000f40   Zero   RW         6311    .bss                os_core.o
    0x200053b4   0x00000024   Zero   RW         7408    .bss                times.o
    0x200053d8   0x000000c4   Zero   RW         7644    .bss                stm32_eval_sdio_sd.o
    0x2000549c   0x00000004   PAD
    0x200054a0   0x000013c4   Zero   RW         8143    .bss                rtk_base.o
    0x20006864   0x00000468   Zero   RW         8243    .bss                esp32.o
    0x20006ccc   0x00000832   Zero   RW         8429    .bss                socket.o
    0x200074fe   0x00000002   PAD
    0x20007500   0x00010886   Zero   RW         8972    .bss                main.o
    0x20017d86   0x00000002   PAD
    0x20017d88   0x0000077a   Zero   RW         9090    .bss                rtcm.lib(qxwz_rtcm.o)
    0x20018502   0x00000002   PAD
    0x20018504   0x0000000c   Zero   RW         9260    .bss                rtcm.lib(qxwz_socket.o)
    0x20018510   0x00000024   Zero   RW         9427    .bss                rtcm.lib(ntrip.o)
    0x20018534   0x00000060   Zero   RW        10195    .bss                c_w.l(libspace.o)
    0x20018594   0x00000004   PAD
    0x20018598   0x00000200   Zero   RW          219    HEAP                startup_stm32f427x.o
    0x20018798   0x00000400   Zero   RW          218    STACK               startup_stm32f427x.o


==============================================================================

Image component sizes


      Code (inc. data)   RO Data    RW Data    ZI Data      Debug   Object Name

        60          6          0          0          0        677   crc24.o
       236          0          0          0          0       4069   diskio.o
      1732        696          0       1401       1128       8768   esp32.o
      1358         26          0          6          0       7490   ff.o
       140         18          0       1376          0       5557   fm25v.o
         0          0          0          0          0       1924   fm_qx.o
       122          0          0          0          0       2442   gpio.o
       156         40          0        172          0       2289   iic.o
       208         18          0       1384          0       2210   key.o
       108         16          0       1376          0       2345   led.o
      1368        222         84       1416      67718      33402   main.o
       140         24          0          0          0       1719   misc.o
       148         16          0       1376          0       2573   mpu9250.o
      2270        412        256         92       3904      24012   os_core.o
       200         32          0          0          0        316   os_cpu_a.o
       496         16          0          6          0      14999   os_cpu_c.o
       124         14          0          0          0       9406   os_flag.o
        80          8          0          0          0        583   os_q.o
       400         22          0          0          0       2474   os_sem.o
      1154        116          0          0          0       6908   os_task.o
       216         30          0          0          0       1440   os_time.o
       588         98          0          0          0       3939   os_tmr.o
      2640        588          0       1412       5060       9396   rtk_base.o
      2772       1058          0       1416       2098      16325   socket.o
        16          4          0       1376          0       1538   souce.o
       346          0          0          0          0       4277   spi.o
        64         26        428          0       1536        864   startup_stm32f427x.o
      4368        240          0         24        196      27136   stm32_eval_sdio_sd.o
       654         54          0          0          0       6112   stm32f4xx_dma.o
       286          0          0          0          0       5762   stm32f4xx_gpio.o
        82          0          0          0          0       1907   stm32f4xx_i2c.o
        22          0          0          0          0     319947   stm32f4xx_it.o
       424         54          0         16          0       6846   stm32f4xx_rcc.o
       334         70          0          0          0      10190   stm32f4xx_sdio.o
       112          0          0          0          0       3810   stm32f4xx_spi.o
       456          8          0          0          0       6511   stm32f4xx_usart.o
       392         32          0         20          0       1901   system_stm32f4xx.o
       400         52          0         32         36       3722   times.o
       528          6          0        612          0       5856   uart.o
       212          4          0          0          0       4100   usb_bsp.o
      3036         18          0          0          0      38911   usb_core.o
       210          0          0          0          0       6071   usb_hcd.o
      3694         16          0          0          0      10775   usb_hcd_int.o
      1760         48          0         30          0      10809   usbh_core.o
       390          0          0          0          0       4816   usbh_hcs.o
       560          0          0          0          0       5878   usbh_ioreq.o
      1324        106          0         21         64       7153   usbh_msc_bot.o
       852         58          0         29         74       6269   usbh_msc_core.o
      1312         88          0          1       1040       7576   usbh_msc_scsi.o
       982         12          0          3        512      11109   usbh_stdreq.o
      1084        562          0         76          0      25565   usbh_usr.o

    ----------------------------------------------------------------------
     40664       4934        800      13688      83376     710674   Object Totals
         0          0         32          0          0          0   (incl. Generated)
        48          0          0         15         10          0   (incl. Padding)

    ----------------------------------------------------------------------

      Code (inc. data)   RO Data    RW Data    ZI Data      Debug   Library Member Name

       100          0          0          0          0          0   __dclz77c.o
         8          0          0          0          0         68   __main.o
       392          4         17          0          0         92   __printf_flags_ss_wp.o
        14          0          0          0          0         68   __printf_wp.o
         0          0          0          0          0          0   __rtentry.o
        12          0          0          0          0          0   __rtentry2.o
         6          0          0          0          0          0   __rtentry4.o
        52          8          0          0          0          0   __scatter.o
        28          0          0          0          0          0   __scatter_zi.o
        28          0          0          0          0         68   _chval.o
        44          0          0          0          0        108   _printf_char.o
        48          6          0          0          0         96   _printf_char_common.o
        36          4          0          0          0         80   _printf_char_file.o
         6          0          0          0          0          0   _printf_d.o
       120         16          0          0          0         92   _printf_dec.o
        88          4         40          0          0         88   _printf_hex_int.o
       178          0          0          0          0         88   _printf_intcommon.o
        78          0          0          0          0        108   _printf_pad.o
         0          0          0          0          0          0   _printf_percent.o
         4          0          0          0          0          0   _printf_percent_end.o
         6          0          0          0          0          0   _printf_s.o
        82          0          0          0          0         80   _printf_str.o
         6          0          0          0          0          0   _printf_u.o
         6          0          0          0          0          0   _printf_x.o
        16          0          0          0          0         68   _snputc.o
        10          0          0          0          0         68   _sputc.o
       158          0          0          0          0         92   _strtoul.o
        16          0          0          0          0         68   aeabi_memset.o
        26          0          0          0          0         80   atoi.o
        18          0          0          0          0         80   exit.o
         8          0          0          0          0         68   ferror.o
         6          0          0          0          0        152   heapauxi.o
        44         10        272          0          0         76   lc_ctype_c.o
         2          0          0          0          0          0   libinit.o
        24          0          0          0          0          0   libinit2.o
         2          0          0          0          0          0   libshutdown.o
         2          0          0          0          0          0   libshutdown2.o
         8          4          0          0         96         68   libspace.o
       238          0          0          0          0        100   lludivv7m.o
        24          4          0          0          0         84   noretval__2printf.o
        52          4          0          0          0         84   noretval__2snprintf.o
        40          6          0          0          0         84   noretval__2sprintf.o
        16          4          0          0          0         76   rt_ctype_table.o
         8          4          0          0          0         68   rt_errno_addr_intlibspace.o
         8          4          0          0          0         68   rt_locale_intlibspace.o
        68          0          0          0          0         68   rt_memclr.o
        78          0          0          0          0         80   rt_memclr_w.o
       138          0          0          0          0         68   rt_memcpy_v6.o
       100          0          0          0          0         80   rt_memcpy_w.o
         2          0          0          0          0          0   rtexit.o
        10          0          0          0          0          0   rtexit2.o
        24          0          0          0          0         68   strcat.o
       128          0          0          0          0         68   strcmpv7m.o
        62          0          0          0          0         76   strlen.o
        22          0          0          0          0         68   strrchr.o
        36          0          0          0          0         80   strstr.o
       112          0          0          0          0         88   strtol.o
        74          0          0          0          0         80   sys_stackheap_outer.o
         2          0          0          0          0         68   use_no_semi.o
         2          0          0          0          0         68   use_no_semi_2.o
        10          0          0          0          0        116   fpinit.o
        52         18          0          5          0       2614   httprequest.o
      3376       1232        590         28         36      14007   ntrip.o
        12          6          0          4          0       1118   prefs.o
        68         18          0         40       1914      14651   qxwz_rtcm.o
      2576       1004        186       2064         12      11155   qxwz_socket.o
       224         14          0          0          0       1432   qxwz_webservice.o
     10680         76        704          0          0      13273   sha384.o

    ----------------------------------------------------------------------
     19934       2450       1822       2144       2064      61746   Library Totals
        10          0         13          3          6          0   (incl. Padding)

    ----------------------------------------------------------------------

      Code (inc. data)   RO Data    RW Data    ZI Data      Debug   Library Name

      2926         82        329          0         96       3380   c_w.l
        10          0          0          0          0        116   fz_wm.l
     16988       2368       1480       2141       1962      58250   rtcm.lib

    ----------------------------------------------------------------------
     19934       2450       1822       2144       2064      61746   Library Totals

    ----------------------------------------------------------------------

==============================================================================


      Code (inc. data)   RO Data    RW Data    ZI Data      Debug   

     60598       7384       2622      15832      85440     733104   Grand Totals
     60598       7384       2622       1540      85440     733104   ELF Image Totals (compressed)
     60598       7384       2622       1540          0          0   ROM Totals

==============================================================================

    Total RO  Size (Code + RO Data)                63220 (  61.74kB)
    Total RW  Size (RW Data + ZI Data)            101272 (  98.90kB)
    Total ROM Size (Code + RO Data + RW Data)      64760 (  63.24kB)

==============================================================================

