Component: ARM Compiler 5.06 update 4 (build 422) Tool: armlink [4d35d2]

==============================================================================

Section Cross References

    stm32f4xx_it.o(i.OTG_FS_IRQHandler) refers to usb_dcd_int.o(i.USBD_OTG_ISR_Handler) for USBD_OTG_ISR_Handler
    stm32f4xx_it.o(i.OTG_FS_IRQHandler) refers to main.o(.bss) for USB_OTG_dev
    system_stm32f4xx.o(i.SystemCoreClockUpdate) refers to system_stm32f4xx.o(.data) for SystemCoreClock
    system_stm32f4xx.o(i.SystemInit) refers to system_stm32f4xx.o(i.SetSysClock) for SetSysClock
    startup_stm32f40_41xxx.o(STACK) refers (Special) to heapauxi.o(.text) for __use_two_region_memory
    startup_stm32f40_41xxx.o(HEAP) refers (Special) to heapauxi.o(.text) for __use_two_region_memory
    startup_stm32f40_41xxx.o(RESET) refers (Special) to heapauxi.o(.text) for __use_two_region_memory
    startup_stm32f40_41xxx.o(RESET) refers to startup_stm32f40_41xxx.o(STACK) for __initial_sp
    startup_stm32f40_41xxx.o(RESET) refers to startup_stm32f40_41xxx.o(.text) for Reset_Handler
    startup_stm32f40_41xxx.o(RESET) refers to stm32f4xx_it.o(i.NMI_Handler) for NMI_Handler
    startup_stm32f40_41xxx.o(RESET) refers to stm32f4xx_it.o(i.HardFault_Handler) for HardFault_Handler
    startup_stm32f40_41xxx.o(RESET) refers to stm32f4xx_it.o(i.MemManage_Handler) for MemManage_Handler
    startup_stm32f40_41xxx.o(RESET) refers to stm32f4xx_it.o(i.BusFault_Handler) for BusFault_Handler
    startup_stm32f40_41xxx.o(RESET) refers to stm32f4xx_it.o(i.UsageFault_Handler) for UsageFault_Handler
    startup_stm32f40_41xxx.o(RESET) refers to stm32f4xx_it.o(i.SVC_Handler) for SVC_Handler
    startup_stm32f40_41xxx.o(RESET) refers to stm32f4xx_it.o(i.DebugMon_Handler) for DebugMon_Handler
    startup_stm32f40_41xxx.o(RESET) refers to os_cpu_a.o(.text) for PendSV_Handler
    startup_stm32f40_41xxx.o(RESET) refers to times.o(i.SysTick_Handler) for SysTick_Handler
    startup_stm32f40_41xxx.o(RESET) refers to stm32f4xx_it.o(i.OTG_FS_IRQHandler) for OTG_FS_IRQHandler
    startup_stm32f40_41xxx.o(.text) refers (Special) to heapauxi.o(.text) for __use_two_region_memory
    startup_stm32f40_41xxx.o(.text) refers to system_stm32f4xx.o(i.SystemInit) for SystemInit
    startup_stm32f40_41xxx.o(.text) refers to __main.o(!!!main) for __main
    startup_stm32f40_41xxx.o(.text) refers to startup_stm32f40_41xxx.o(HEAP) for Heap_Mem
    startup_stm32f40_41xxx.o(.text) refers to startup_stm32f40_41xxx.o(STACK) for Stack_Mem
    stm32f4xx_adc.o(i.ADC_DeInit) refers to stm32f4xx_rcc.o(i.RCC_APB2PeriphResetCmd) for RCC_APB2PeriphResetCmd
    stm32f4xx_can.o(i.CAN_DeInit) refers to stm32f4xx_rcc.o(i.RCC_APB1PeriphResetCmd) for RCC_APB1PeriphResetCmd
    stm32f4xx_can.o(i.CAN_GetITStatus) refers to stm32f4xx_can.o(i.CheckITStatus) for CheckITStatus
    stm32f4xx_cryp.o(i.CRYP_DeInit) refers to stm32f4xx_rcc.o(i.RCC_AHB2PeriphResetCmd) for RCC_AHB2PeriphResetCmd
    stm32f4xx_cryp_aes.o(i.CRYP_AES_CBC) refers to stm32f4xx_cryp.o(i.CRYP_KeyStructInit) for CRYP_KeyStructInit
    stm32f4xx_cryp_aes.o(i.CRYP_AES_CBC) refers to stm32f4xx_cryp.o(i.CRYP_FIFOFlush) for CRYP_FIFOFlush
    stm32f4xx_cryp_aes.o(i.CRYP_AES_CBC) refers to stm32f4xx_cryp.o(i.CRYP_Init) for CRYP_Init
    stm32f4xx_cryp_aes.o(i.CRYP_AES_CBC) refers to stm32f4xx_cryp.o(i.CRYP_KeyInit) for CRYP_KeyInit
    stm32f4xx_cryp_aes.o(i.CRYP_AES_CBC) refers to stm32f4xx_cryp.o(i.CRYP_Cmd) for CRYP_Cmd
    stm32f4xx_cryp_aes.o(i.CRYP_AES_CBC) refers to stm32f4xx_cryp.o(i.CRYP_GetFlagStatus) for CRYP_GetFlagStatus
    stm32f4xx_cryp_aes.o(i.CRYP_AES_CBC) refers to stm32f4xx_cryp.o(i.CRYP_IVInit) for CRYP_IVInit
    stm32f4xx_cryp_aes.o(i.CRYP_AES_CBC) refers to stm32f4xx_cryp.o(i.CRYP_GetCmdStatus) for CRYP_GetCmdStatus
    stm32f4xx_cryp_aes.o(i.CRYP_AES_CBC) refers to stm32f4xx_cryp.o(i.CRYP_DataIn) for CRYP_DataIn
    stm32f4xx_cryp_aes.o(i.CRYP_AES_CBC) refers to stm32f4xx_cryp.o(i.CRYP_DataOut) for CRYP_DataOut
    stm32f4xx_cryp_aes.o(i.CRYP_AES_CCM) refers to stm32f4xx_cryp.o(i.CRYP_KeyStructInit) for CRYP_KeyStructInit
    stm32f4xx_cryp_aes.o(i.CRYP_AES_CCM) refers to stm32f4xx_cryp.o(i.CRYP_FIFOFlush) for CRYP_FIFOFlush
    stm32f4xx_cryp_aes.o(i.CRYP_AES_CCM) refers to stm32f4xx_cryp.o(i.CRYP_KeyInit) for CRYP_KeyInit
    stm32f4xx_cryp_aes.o(i.CRYP_AES_CCM) refers to stm32f4xx_cryp.o(i.CRYP_IVInit) for CRYP_IVInit
    stm32f4xx_cryp_aes.o(i.CRYP_AES_CCM) refers to stm32f4xx_cryp.o(i.CRYP_Init) for CRYP_Init
    stm32f4xx_cryp_aes.o(i.CRYP_AES_CCM) refers to stm32f4xx_cryp.o(i.CRYP_PhaseConfig) for CRYP_PhaseConfig
    stm32f4xx_cryp_aes.o(i.CRYP_AES_CCM) refers to stm32f4xx_cryp.o(i.CRYP_DataIn) for CRYP_DataIn
    stm32f4xx_cryp_aes.o(i.CRYP_AES_CCM) refers to stm32f4xx_cryp.o(i.CRYP_Cmd) for CRYP_Cmd
    stm32f4xx_cryp_aes.o(i.CRYP_AES_CCM) refers to stm32f4xx_cryp.o(i.CRYP_GetCmdStatus) for CRYP_GetCmdStatus
[...]
    SPI_DEV3                                 0x200004c0   Data          56  led.o(.data)
    SPI_DEV4                                 0x200004f8   Data          56  led.o(.data)
    SPI_DEV5                                 0x20000530   Data          56  led.o(.data)
    SPI_DEV6                                 0x20000568   Data          56  led.o(.data)
    Seril_A                                  0x200005a0   Data          68  led.o(.data)
    Seril_B                                  0x200005e4   Data          68  led.o(.data)
    Seril_C                                  0x20000628   Data          68  led.o(.data)
    Seril_D                                  0x2000066c   Data          68  led.o(.data)
    Seril_E                                  0x200006b0   Data          68  led.o(.data)
    Seril_F                                  0x200006f4   Data          68  led.o(.data)
    FMXV_CS                                  0x20000738   Data          16  led.o(.data)
    FM25V                                    0x20000748   Data           4  led.o(.data)
    FM25V_CS                                 0x2000074c   Data           4  led.o(.data)
    KEY_Gpio                                 0x20000750   Data          20  led.o(.data)
    KEY_GPIO                                 0x20000764   Data           4  led.o(.data)
    MPUX_CS                                  0x20000768   Data          16  led.o(.data)
    MPU9250                                  0x20000778   Data           4  led.o(.data)
    MPU9250_CS                               0x2000077c   Data           4  led.o(.data)
    POW_Gpio1                                0x20000780   Data          20  led.o(.data)
    POW_GPIO1                                0x20000794   Data           4  led.o(.data)
    POW_Gpio2                                0x20000798   Data          20  led.o(.data)
    POW_GPIO2                                0x200007ac   Data           4  led.o(.data)
    STAT_Gpio1                               0x200007b0   Data          20  led.o(.data)
    STAT_GPIO1                               0x200007c4   Data           4  led.o(.data)
    STAT_Gpio2                               0x200007c8   Data          20  led.o(.data)
    STAT_GPIO2                               0x200007dc   Data           4  led.o(.data)
    POW_Gpio                                 0x200007e0   Data          20  led.o(.data)
    POW_GPIO                                 0x200007f4   Data           4  led.o(.data)
    SOUCE_PER                                0x200007f8   Data           4  led.o(.data)
    .data                                    0x200007fc   Section     1108  souce.o(.data)
    IIC1                                     0x200007fc   Data         168  souce.o(.data)
    SPI_DEV1                                 0x200008a4   Data          56  souce.o(.data)
    SPI_DEV2                                 0x200008dc   Data          56  souce.o(.data)
    SPI_DEV3                                 0x20000914   Data          56  souce.o(.data)
    SPI_DEV4                                 0x2000094c   Data          56  souce.o(.data)
    SPI_DEV5                                 0x20000984   Data          56  souce.o(.data)
    SPI_DEV6                                 0x200009bc   Data          56  souce.o(.data)
    Seril_A                                  0x200009f4   Data          68  souce.o(.data)
    Seril_B                                  0x20000a38   Data          68  souce.o(.data)
    Seril_C                                  0x20000a7c   Data          68  souce.o(.data)
    Seril_D                                  0x20000ac0   Data          68  souce.o(.data)
    Seril_E                                  0x20000b04   Data          68  souce.o(.data)
    Seril_F                                  0x20000b48   Data          68  souce.o(.data)
    FMXV_CS                                  0x20000b8c   Data          16  souce.o(.data)
    FM25V                                    0x20000b9c   Data           4  souce.o(.data)
    FM25V_CS                                 0x20000ba0   Data           4  souce.o(.data)
    KEY_Gpio                                 0x20000ba4   Data          20  souce.o(.data)
    KEY_GPIO                                 0x20000bb8   Data           4  souce.o(.data)
    MPUX_CS                                  0x20000bbc   Data          16  souce.o(.data)
    MPU9250                                  0x20000bcc   Data           4  souce.o(.data)
    MPU9250_CS                               0x20000bd0   Data           4  souce.o(.data)
    POW_Gpio1                                0x20000bd4   Data          20  souce.o(.data)
    POW_GPIO1                                0x20000be8   Data           4  souce.o(.data)
    POW_Gpio2                                0x20000bec   Data          20  souce.o(.data)
    POW_GPIO2                                0x20000c00   Data           4  souce.o(.data)
    STAT_Gpio1                               0x20000c04   Data          20  souce.o(.data)
    STAT_GPIO1                               0x20000c18   Data           4  souce.o(.data)
    STAT_Gpio2                               0x20000c1c   Data          20  souce.o(.data)
    STAT_GPIO2                               0x20000c30   Data           4  souce.o(.data)
    POW_Gpio                                 0x20000c34   Data          20  souce.o(.data)
    POW_GPIO                                 0x20000c48   Data           4  souce.o(.data)
    SOUCE_PER                                0x20000c4c   Data           4  souce.o(.data)
    .data                                    0x20000c50   Section     1108  main.o(.data)
    IIC1                                     0x20000c50   Data         168  main.o(.data)
    SPI_DEV1                                 0x20000cf8   Data          56  main.o(.data)
    SPI_DEV2                                 0x20000d30   Data          56  main.o(.data)
    SPI_DEV3                                 0x20000d68   Data          56  main.o(.data)
    SPI_DEV4                                 0x20000da0   Data          56  main.o(.data)
    SPI_DEV5                                 0x20000dd8   Data          56  main.o(.data)
    SPI_DEV6                                 0x20000e10   Data          56  main.o(.data)
    Seril_A                                  0x20000e48   Data          68  main.o(.data)
    Seril_B                                  0x20000e8c   Data          68  main.o(.data)
    Seril_C                                  0x20000ed0   Data          68  main.o(.data)
    Seril_D                                  0x20000f14   Data          68  main.o(.data)
    Seril_E                                  0x20000f58   Data          68  main.o(.data)
    Seril_F                                  0x20000f9c   Data          68  main.o(.data)
    FMXV_CS                                  0x20000fe0   Data          16  main.o(.data)
    FM25V                                    0x20000ff0   Data           4  main.o(.data)
    FM25V_CS                                 0x20000ff4   Data           4  main.o(.data)
    KEY_Gpio                                 0x20000ff8   Data          20  main.o(.data)
    KEY_GPIO                                 0x2000100c   Data           4  main.o(.data)
    MPUX_CS                                  0x20001010   Data          16  main.o(.data)
    MPU9250                                  0x20001020   Data           4  main.o(.data)
    MPU9250_CS                               0x20001024   Data           4  main.o(.data)
    POW_Gpio1                                0x20001028   Data          20  main.o(.data)
    POW_GPIO1                                0x2000103c   Data           4  main.o(.data)
    POW_Gpio2                                0x20001040   Data          20  main.o(.data)
    POW_GPIO2                                0x20001054   Data           4  main.o(.data)
    STAT_Gpio1                               0x20001058   Data          20  main.o(.data)
    STAT_GPIO1                               0x2000106c   Data           4  main.o(.data)
    STAT_Gpio2                               0x20001070   Data          20  main.o(.data)
    STAT_GPIO2                               0x20001084   Data           4  main.o(.data)
    POW_Gpio                                 0x20001088   Data          20  main.o(.data)
    POW_GPIO                                 0x2000109c   Data           4  main.o(.data)
    SOUCE_PER                                0x200010a0   Data           4  main.o(.data)
    .bss                                     0x200010a4   Section      643  usbd_cdc_core.o(.bss)
    .bss                                     0x20001328   Section       16  usbd_cdc_vcp.o(.bss)
    .bss                                     0x20001338   Section      255  usbd_desc.o(.bss)
    .bss                                     0x20001438   Section     3904  os_core.o(.bss)
    .bss                                     0x20002378   Section       36  times.o(.bss)
    .bss                                     0x2000239c   Section     2036  main.o(.bss)
    .bss                                     0x20002b90   Section       96  libspace.o(.bss)
    HEAP                                     0x20002bf0   Section      512  startup_stm32f40_41xxx.o(HEAP)
    Heap_Mem                                 0x20002bf0   Data         512  startup_stm32f40_41xxx.o(HEAP)
    STACK                                    0x20002df0   Section     1024  startup_stm32f40_41xxx.o(STACK)
    Stack_Mem                                0x20002df0   Data        1024  startup_stm32f40_41xxx.o(STACK)
    __initial_sp                             0x200031f0   Data           0  startup_stm32f40_41xxx.o(STACK)

    Global Symbols

    Symbol Name                              Value     Ov Type        Size  Object(Section)

    BuildAttributes$$THM_ISAv4$E$P$D$K$B$S$7EM$VFPi3$EXTD16$VFPS$VFMA$PE$A:L22UL41UL21$X:L11$S22US41US21$IEEE1$IW$USESV6$~STKCKD$USESV7$~SHL$OSPACE$ROPI$EBA8$UX$STANDARDLIB$REQ8$PRES8$EABIv2 0x00000000   Number         0  anon$$obj.o ABSOLUTE
    __ARM_use_no_argv                        0x00000000   Number         0  main.o ABSOLUTE
    __ARM_exceptions_init                     - Undefined Weak Reference
    __alloca_initialize                       - Undefined Weak Reference
    __arm_preinit_                            - Undefined Weak Reference
    __cpp_initialize__aeabi_                  - Undefined Weak Reference
    __cxa_finalize                            - Undefined Weak Reference
    __rt_locale                               - Undefined Weak Reference
    __sigvec_lookup                           - Undefined Weak Reference
    _atexit_init                              - Undefined Weak Reference
    _call_atexit_fns                          - Undefined Weak Reference
    _clock_init                               - Undefined Weak Reference
    _fp_trap_init                             - Undefined Weak Reference
    _fp_trap_shutdown                         - Undefined Weak Reference
    _get_lc_collate                           - Undefined Weak Reference
    _get_lc_ctype                             - Undefined Weak Reference
    _get_lc_monetary                          - Undefined Weak Reference
    _get_lc_numeric                           - Undefined Weak Reference
    _get_lc_time                              - Undefined Weak Reference
    _getenv_init                              - Undefined Weak Reference
    _handle_redirection                       - Undefined Weak Reference
    _init_alloc                               - Undefined Weak Reference
    _init_user_alloc                          - Undefined Weak Reference
    _initio                                   - Undefined Weak Reference
    _mutex_acquire                            - Undefined Weak Reference
    _mutex_release                            - Undefined Weak Reference
    _printf_post_padding                      - Undefined Weak Reference
    _printf_pre_padding                       - Undefined Weak Reference
    _printf_truncate_signed                   - Undefined Weak Reference
    _printf_truncate_unsigned                 - Undefined Weak Reference
    _rand_init                                - Undefined Weak Reference
    _signal_finish                            - Undefined Weak Reference
    _signal_init                              - Undefined Weak Reference
    _terminate_alloc                          - Undefined Weak Reference
    _terminate_user_alloc                     - Undefined Weak Reference
    _terminateio                              - Undefined Weak Reference
    __Vectors_Size                           0x00000188   Number         0  startup_stm32f40_41xxx.o ABSOLUTE
    __Vectors                                0x08000000   Data           4  startup_stm32f40_41xxx.o(RESET)
    __Vectors_End                            0x08000188   Data           0  startup_stm32f40_41xxx.o(RESET)
    __main                                   0x08000189   Thumb Code     8  __main.o(!!!main)
    __scatterload                            0x08000191   Thumb Code     0  __scatter.o(!!!scatter)
    __scatterload_rt2                        0x08000191   Thumb Code    44  __scatter.o(!!!scatter)
    __scatterload_rt2_thumb_only             0x08000191   Thumb Code     0  __scatter.o(!!!scatter)
    __scatterload_null                       0x0800019f   Thumb Code     0  __scatter.o(!!!scatter)
    __decompress                             0x080001c5   Thumb Code   100  __dclz77c.o(!!dclz77c)
    __decompress2                            0x080001c5   Thumb Code     0  __dclz77c.o(!!dclz77c)
    __scatterload_zeroinit                   0x08000229   Thumb Code    28  __scatter_zi.o(!!handler_zi)
    _printf_d                                0x08000245   Thumb Code     0  _printf_d.o(.ARM.Collect$$_printf_percent$$00000009)
    _printf_percent                          0x08000245   Thumb Code     0  _printf_percent.o(.ARM.Collect$$_printf_percent$$00000000)
    _printf_percent_end                      0x0800024b   Thumb Code     0  _printf_percent_end.o(.ARM.Collect$$_printf_percent$$00000017)
    __rt_lib_init                            0x0800024f   Thumb Code     0  libinit.o(.ARM.Collect$$libinit$$00000000)
    __rt_lib_init_fp_1                       0x08000251   Thumb Code     0  libinit2.o(.ARM.Collect$$libinit$$00000001)
    __rt_lib_init_alloca_1                   0x08000255   Thumb Code     0  libinit2.o(.ARM.Collect$$libinit$$0000002E)
    __rt_lib_init_argv_1                     0x08000255   Thumb Code     0  libinit2.o(.ARM.Collect$$libinit$$0000002C)
    __rt_lib_init_atexit_1                   0x08000255   Thumb Code     0  libinit2.o(.ARM.Collect$$libinit$$0000001B)
    __rt_lib_init_clock_1                    0x08000255   Thumb Code     0  libinit2.o(.ARM.Collect$$libinit$$00000021)
    __rt_lib_init_cpp_1                      0x08000255   Thumb Code     0  libinit2.o(.ARM.Collect$$libinit$$00000032)
    __rt_lib_init_exceptions_1               0x08000255   Thumb Code     0  libinit2.o(.ARM.Collect$$libinit$$00000030)
    __rt_lib_init_fp_trap_1                  0x08000255   Thumb Code     0  libinit2.o(.ARM.Collect$$libinit$$0000001F)
    __rt_lib_init_getenv_1                   0x08000255   Thumb Code     0  libinit2.o(.ARM.Collect$$libinit$$00000023)
    __rt_lib_init_heap_1                     0x08000255   Thumb Code     0  libinit2.o(.ARM.Collect$$libinit$$0000000A)
    __rt_lib_init_lc_collate_1               0x08000255   Thumb Code     0  libinit2.o(.ARM.Collect$$libinit$$00000011)
    __rt_lib_init_lc_ctype_1                 0x08000255   Thumb Code     0  libinit2.o(.ARM.Collect$$libinit$$00000013)
    __rt_lib_init_lc_monetary_1              0x08000255   Thumb Code     0  libinit2.o(.ARM.Collect$$libinit$$00000015)
    __rt_lib_init_lc_numeric_1               0x08000255   Thumb Code     0  libinit2.o(.ARM.Collect$$libinit$$00000017)
    __rt_lib_init_lc_time_1                  0x08000255   Thumb Code     0  libinit2.o(.ARM.Collect$$libinit$$00000019)
    __rt_lib_init_preinit_1                  0x08000255   Thumb Code     0  libinit2.o(.ARM.Collect$$libinit$$00000004)
    __rt_lib_init_rand_1                     0x08000255   Thumb Code     0  libinit2.o(.ARM.Collect$$libinit$$0000000E)
    __rt_lib_init_return                     0x08000255   Thumb Code     0  libinit2.o(.ARM.Collect$$libinit$$00000033)
    __rt_lib_init_signal_1                   0x08000255   Thumb Code     0  libinit2.o(.ARM.Collect$$libinit$$0000001D)
    __rt_lib_init_stdio_1                    0x08000255   Thumb Code     0  libinit2.o(.ARM.Collect$$libinit$$00000025)
    __rt_lib_init_user_alloc_1               0x08000255   Thumb Code     0  libinit2.o(.ARM.Collect$$libinit$$0000000C)
    __rt_lib_shutdown                        0x08000257   Thumb Code     0  libshutdown.o(.ARM.Collect$$libshutdown$$00000000)
    __rt_lib_shutdown_cpp_1                  0x08000259   Thumb Code     0  libshutdown2.o(.ARM.Collect$$libshutdown$$00000002)
    __rt_lib_shutdown_fp_trap_1              0x08000259   Thumb Code     0  libshutdown2.o(.ARM.Collect$$libshutdown$$00000007)
    __rt_lib_shutdown_heap_1                 0x08000259   Thumb Code     0  libshutdown2.o(.ARM.Collect$$libshutdown$$0000000F)
    __rt_lib_shutdown_return                 0x08000259   Thumb Code     0  libshutdown2.o(.ARM.Collect$$libshutdown$$00000010)
    __rt_lib_shutdown_signal_1               0x08000259   Thumb Code     0  libshutdown2.o(.ARM.Collect$$libshutdown$$0000000A)
    __rt_lib_shutdown_stdio_1                0x08000259   Thumb Code     0  libshutdown2.o(.ARM.Collect$$libshutdown$$00000004)
    __rt_lib_shutdown_user_alloc_1           0x08000259   Thumb Code     0  libshutdown2.o(.ARM.Collect$$libshutdown$$0000000C)
    __rt_entry                               0x0800025b   Thumb Code     0  __rtentry.o(.ARM.Collect$$rtentry$$00000000)
    __rt_entry_presh_1                       0x0800025b   Thumb Code     0  __rtentry2.o(.ARM.Collect$$rtentry$$00000002)
    __rt_entry_sh                            0x0800025b   Thumb Code     0  __rtentry4.o(.ARM.Collect$$rtentry$$00000004)
    __rt_entry_li                            0x08000261   Thumb Code     0  __rtentry2.o(.ARM.Collect$$rtentry$$0000000A)
    __rt_entry_postsh_1                      0x08000261   Thumb Code     0  __rtentry2.o(.ARM.Collect$$rtentry$$00000009)
    __rt_entry_main                          0x08000265   Thumb Code     0  __rtentry2.o(.ARM.Collect$$rtentry$$0000000D)
    __rt_entry_postli_1                      0x08000265   Thumb Code     0  __rtentry2.o(.ARM.Collect$$rtentry$$0000000C)
    __rt_exit                                0x0800026d   Thumb Code     0  rtexit.o(.ARM.Collect$$rtexit$$00000000)
    __rt_exit_ls                             0x0800026f   Thumb Code     0  rtexit2.o(.ARM.Collect$$rtexit$$00000003)
    __rt_exit_prels_1                        0x0800026f   Thumb Code     0  rtexit2.o(.ARM.Collect$$rtexit$$00000002)
    __rt_exit_exit                           0x08000273   Thumb Code     0  rtexit2.o(.ARM.Collect$$rtexit$$00000004)
    Reset_Handler                            0x08000279   Thumb Code     8  startup_stm32f40_41xxx.o(.text)
    ADC_IRQHandler                           0x08000293   Thumb Code     0  startup_stm32f40_41xxx.o(.text)
    CAN1_RX0_IRQHandler                      0x08000293   Thumb Code     0  startup_stm32f40_41xxx.o(.text)
    CAN1_RX1_IRQHandler                      0x08000293   Thumb Code     0  startup_stm32f40_41xxx.o(.text)
    CAN1_SCE_IRQHandler                      0x08000293   Thumb Code     0  startup_stm32f40_41xxx.o(.text)
    CAN1_TX_IRQHandler                       0x08000293   Thumb Code     0  startup_stm32f40_41xxx.o(.text)
    CAN2_RX0_IRQHandler                      0x08000293   Thumb Code     0  startup_stm32f40_41xxx.o(.text)
    CAN2_RX1_IRQHandler                      0x08000293   Thumb Code     0  startup_stm32f40_41xxx.o(.text)
    CAN2_SCE_IRQHandler                      0x08000293   Thumb Code     0  startup_stm32f40_41xxx.o(.text)
    CAN2_TX_IRQHandler                       0x08000293   Thumb Code     0  startup_stm32f40_41xxx.o(.text)
    CRYP_IRQHandler                          0x08000293   Thumb Code     0  startup_stm32f40_41xxx.o(.text)
    DCMI_IRQHandler                          0x08000293   Thumb Code     0  startup_stm32f40_41xxx.o(.text)
    DMA1_Stream0_IRQHandler                  0x08000293   Thumb Code     0  startup_stm32f40_41xxx.o(.text)
    DMA1_Stream1_IRQHandler                  0x08000293   Thumb Code     0  startup_stm32f40_41xxx.o(.text)
    DMA1_Stream2_IRQHandler                  0x08000293   Thumb Code     0  startup_stm32f40_41xxx.o(.text)
    DMA1_Stream3_IRQHandler                  0x08000293   Thumb Code     0  startup_stm32f40_41xxx.o(.text)
    DMA1_Stream4_IRQHandler                  0x08000293   Thumb Code     0  startup_stm32f40_41xxx.o(.text)
    DMA1_Stream5_IRQHandler                  0x08000293   Thumb Code     0  startup_stm32f40_41xxx.o(.text)
    DMA1_Stream6_IRQHandler                  0x08000293   Thumb Code     0  startup_stm32f40_41xxx.o(.text)
    DMA1_Stream7_IRQHandler                  0x08000293   Thumb Code     0  startup_stm32f40_41xxx.o(.text)
    DMA2_Stream0_IRQHandler                  0x08000293   Thumb Code     0  startup_stm32f40_41xxx.o(.text)
    DMA2_Stream1_IRQHandler                  0x08000293   Thumb Code     0  startup_stm32f40_41xxx.o(.text)
    DMA2_Stream2_IRQHandler                  0x08000293   Thumb Code     0  startup_stm32f40_41xxx.o(.text)
    DMA2_Stream3_IRQHandler                  0x08000293   Thumb Code     0  startup_stm32f40_41xxx.o(.text)
    DMA2_Stream4_IRQHandler                  0x08000293   Thumb Code     0  startup_stm32f40_41xxx.o(.text)
    DMA2_Stream5_IRQHandler                  0x08000293   Thumb Code     0  startup_stm32f40_41xxx.o(.text)
    DMA2_Stream6_IRQHandler                  0x08000293   Thumb Code     0  startup_stm32f40_41xxx.o(.text)
    DMA2_Stream7_IRQHandler                  0x08000293   Thumb Code     0  startup_stm32f40_41xxx.o(.text)
    ETH_IRQHandler                           0x08000293   Thumb Code     0  startup_stm32f40_41xxx.o(.text)
    ETH_WKUP_IRQHandler                      0x08000293   Thumb Code     0  startup_stm32f40_41xxx.o(.text)
    EXTI0_IRQHandler                         0x08000293   Thumb Code     0  startup_stm32f40_41xxx.o(.text)
    EXTI15_10_IRQHandler                     0x08000293   Thumb Code     0  startup_stm32f40_41xxx.o(.text)
    EXTI1_IRQHandler                         0x08000293   Thumb Code     0  startup_stm32f40_41xxx.o(.text)
    EXTI2_IRQHandler                         0x08000293   Thumb Code     0  startup_stm32f40_41xxx.o(.text)
    EXTI3_IRQHandler                         0x08000293   Thumb Code     0  startup_stm32f40_41xxx.o(.text)
    EXTI4_IRQHandler                         0x08000293   Thumb Code     0  startup_stm32f40_41xxx.o(.text)
    EXTI9_5_IRQHandler                       0x08000293   Thumb Code     0  startup_stm32f40_41xxx.o(.text)
    FLASH_IRQHandler                         0x08000293   Thumb Code     0  startup_stm32f40_41xxx.o(.text)
    FPU_IRQHandler                           0x08000293   Thumb Code     0  startup_stm32f40_41xxx.o(.text)
    FSMC_IRQHandler                          0x08000293   Thumb Code     0  startup_stm32f40_41xxx.o(.text)
    HASH_RNG_IRQHandler                      0x08000293   Thumb Code     0  startup_stm32f40_41xxx.o(.text)
    I2C1_ER_IRQHandler                       0x08000293   Thumb Code     0  startup_stm32f40_41xxx.o(.text)
    I2C1_EV_IRQHandler                       0x08000293   Thumb Code     0  startup_stm32f40_41xxx.o(.text)
    I2C2_ER_IRQHandler                       0x08000293   Thumb Code     0  startup_stm32f40_41xxx.o(.text)
    I2C2_EV_IRQHandler                       0x08000293   Thumb Code     0  startup_stm32f40_41xxx.o(.text)
    I2C3_ER_IRQHandler                       0x08000293   Thumb Code     0  startup_stm32f40_41xxx.o(.text)
    I2C3_EV_IRQHandler                       0x08000293   Thumb Code     0  startup_stm32f40_41xxx.o(.text)
    OTG_FS_WKUP_IRQHandler                   0x08000293   Thumb Code     0  startup_stm32f40_41xxx.o(.text)
    OTG_HS_EP1_IN_IRQHandler                 0x08000293   Thumb Code     0  startup_stm32f40_41xxx.o(.text)
    OTG_HS_EP1_OUT_IRQHandler                0x08000293   Thumb Code     0  startup_stm32f40_41xxx.o(.text)
    OTG_HS_IRQHandler                        0x08000293   Thumb Code     0  startup_stm32f40_41xxx.o(.text)
    OTG_HS_WKUP_IRQHandler                   0x08000293   Thumb Code     0  startup_stm32f40_41xxx.o(.text)
    PVD_IRQHandler                           0x08000293   Thumb Code     0  startup_stm32f40_41xxx.o(.text)
    RCC_IRQHandler                           0x08000293   Thumb Code     0  startup_stm32f40_41xxx.o(.text)
    RTC_Alarm_IRQHandler                     0x08000293   Thumb Code     0  startup_stm32f40_41xxx.o(.text)
    RTC_WKUP_IRQHandler                      0x08000293   Thumb Code     0  startup_stm32f40_41xxx.o(.text)
    SDIO_IRQHandler                          0x08000293   Thumb Code     0  startup_stm32f40_41xxx.o(.text)
    SPI1_IRQHandler                          0x08000293   Thumb Code     0  startup_stm32f40_41xxx.o(.text)
    SPI2_IRQHandler                          0x08000293   Thumb Code     0  startup_stm32f40_41xxx.o(.text)
    SPI3_IRQHandler                          0x08000293   Thumb Code     0  startup_stm32f40_41xxx.o(.text)
    TAMP_STAMP_IRQHandler                    0x08000293   Thumb Code     0  startup_stm32f40_41xxx.o(.text)
    TIM1_BRK_TIM9_IRQHandler                 0x08000293   Thumb Code     0  startup_stm32f40_41xxx.o(.text)
    TIM1_CC_IRQHandler                       0x08000293   Thumb Code     0  startup_stm32f40_41xxx.o(.text)
    TIM1_TRG_COM_TIM11_IRQHandler            0x08000293   Thumb Code     0  startup_stm32f40_41xxx.o(.text)
    TIM1_UP_TIM10_IRQHandler                 0x08000293   Thumb Code     0  startup_stm32f40_41xxx.o(.text)
    TIM2_IRQHandler                          0x08000293   Thumb Code     0  startup_stm32f40_41xxx.o(.text)
    TIM3_IRQHandler                          0x08000293   Thumb Code     0  startup_stm32f40_41xxx.o(.text)
    TIM4_IRQHandler                          0x08000293   Thumb Code     0  startup_stm32f40_41xxx.o(.text)
    TIM5_IRQHandler                          0x08000293   Thumb Code     0  startup_stm32f40_41xxx.o(.text)
    TIM6_DAC_IRQHandler                      0x08000293   Thumb Code     0  startup_stm32f40_41xxx.o(.text)
    TIM7_IRQHandler                          0x08000293   Thumb Code     0  startup_stm32f40_41xxx.o(.text)
    TIM8_BRK_TIM12_IRQHandler                0x08000293   Thumb Code     0  startup_stm32f40_41xxx.o(.text)
    TIM8_CC_IRQHandler                       0x08000293   Thumb Code     0  startup_stm32f40_41xxx.o(.text)
    TIM8_TRG_COM_TIM14_IRQHandler            0x08000293   Thumb Code     0  startup_stm32f40_41xxx.o(.text)
    TIM8_UP_TIM13_IRQHandler                 0x08000293   Thumb Code     0  startup_stm32f40_41xxx.o(.text)
    UART4_IRQHandler                         0x08000293   Thumb Code     0  startup_stm32f40_41xxx.o(.text)
    UART5_IRQHandler                         0x08000293   Thumb Code     0  startup_stm32f40_41xxx.o(.text)
    USART1_IRQHandler                        0x08000293   Thumb Code     0  startup_stm32f40_41xxx.o(.text)
    USART2_IRQHandler                        0x08000293   Thumb Code     0  startup_stm32f40_41xxx.o(.text)
    USART3_IRQHandler                        0x08000293   Thumb Code     0  startup_stm32f40_41xxx.o(.text)
    USART6_IRQHandler                        0x08000293   Thumb Code     0  startup_stm32f40_41xxx.o(.text)
    WWDG_IRQHandler                          0x08000293   Thumb Code     0  startup_stm32f40_41xxx.o(.text)
    __user_initial_stackheap                 0x08000295   Thumb Code     0  startup_stm32f40_41xxx.o(.text)
    OS_CPU_SR_Save                           0x080002b9   Thumb Code     0  os_cpu_a.o(.text)
    OS_CPU_SR_Restore                        0x080002c1   Thumb Code     0  os_cpu_a.o(.text)
    OSStartHighRdy                           0x080002c7   Thumb Code     0  os_cpu_a.o(.text)
    OSCtxSw                                  0x080002eb   Thumb Code     0  os_cpu_a.o(.text)
    OSIntCtxSw                               0x080002f9   Thumb Code     0  os_cpu_a.o(.text)
    PendSV_Handler                           0x08000309   Thumb Code     0  os_cpu_a.o(.text)
    __use_no_semihosting                     0x08000381   Thumb Code     2  use_no_semi_2.o(.text)
    __2printf                                0x08000385   Thumb Code    20  noretval__2printf.o(.text)
    __printf                                 0x0800039d   Thumb Code   104  __printf.o(.text)
    _printf_int_dec                          0x08000405   Thumb Code   104  _printf_dec.o(.text)
    __use_two_region_memory                  0x0800047d   Thumb Code     2  heapauxi.o(.text)
    __rt_heap_escrow$2region                 0x0800047f   Thumb Code     2  heapauxi.o(.text)
    __rt_heap_expand$2region                 0x08000481   Thumb Code     2  heapauxi.o(.text)
    __I$use$semihosting                      0x08000483   Thumb Code     0  use_no_semi.o(.text)
    __use_no_semihosting_swi                 0x08000483   Thumb Code     2  use_no_semi.o(.text)
    _printf_int_common                       0x08000485   Thumb Code   178  _printf_intcommon.o(.text)
    _printf_char_file                        0x08000539   Thumb Code    32  _printf_char_file.o(.text)
    _printf_char_common                      0x08000567   Thumb Code    32  _printf_char_common.o(.text)
    ferror                                   0x0800058d   Thumb Code     8  ferror.o(.text)
    __user_setup_stackheap                   0x08000595   Thumb Code    74  sys_stackheap_outer.o(.text)
    exit                                     0x080005df   Thumb Code    18  exit.o(.text)
    __user_libspace                          0x080005f1   Thumb Code     8  libspace.o(.text)
    __user_perproc_libspace                  0x080005f1   Thumb Code     0  libspace.o(.text)
    __user_perthread_libspace                0x080005f1   Thumb Code     0  libspace.o(.text)
    BusFault_Handler                         0x080005f9   Thumb Code     4  stm32f4xx_it.o(i.BusFault_Handler)
    DCD_EP_Close                             0x080005fd   Thumb Code    74  usb_dcd.o(i.DCD_EP_Close)
    DCD_EP_ClrStall                          0x08000647   Thumb Code    72  usb_dcd.o(i.DCD_EP_ClrStall)
    DCD_EP_Open                              0x0800068f   Thumb Code   104  usb_dcd.o(i.DCD_EP_Open)
    DCD_EP_PrepareRx                         0x080006f7   Thumb Code    82  usb_dcd.o(i.DCD_EP_PrepareRx)
    DCD_EP_SetAddress                        0x08000749   Thumb Code    28  usb_dcd.o(i.DCD_EP_SetAddress)
    DCD_EP_Stall                             0x08000765   Thumb Code    72  usb_dcd.o(i.DCD_EP_Stall)
    DCD_EP_Tx                                0x080007ad   Thumb Code    78  usb_dcd.o(i.DCD_EP_Tx)
    DCD_Init                                 0x08000eb1   Thumb Code   156  usb_dcd.o(i.DCD_Init)
    DebugMon_Handler                         0x08001079   Thumb Code     2  stm32f4xx_it.o(i.DebugMon_Handler)
    GPIO_Init                                0x0800107b   Thumb Code   144  stm32f4xx_gpio.o(i.GPIO_Init)
    GPIO_PinAFConfig                         0x0800110b   Thumb Code    70  stm32f4xx_gpio.o(i.GPIO_PinAFConfig)
    GPIO_ReadOutputDataBit                   0x08001151   Thumb Code    18  stm32f4xx_gpio.o(i.GPIO_ReadOutputDataBit)
    GPIO_ResetBits                           0x08001163   Thumb Code     4  stm32f4xx_gpio.o(i.GPIO_ResetBits)
    GPIO_SetBits                             0x08001167   Thumb Code     4  stm32f4xx_gpio.o(i.GPIO_SetBits)
    GPIO_StructInit                          0x0800116b   Thumb Code    18  stm32f4xx_gpio.o(i.GPIO_StructInit)
    GPIO_WriteBit                            0x0800117d   Thumb Code    10  stm32f4xx_gpio.o(i.GPIO_WriteBit)
    GPIOx_Init                               0x08001187   Thumb Code    24  gpio.o(i.GPIOx_Init)
    GPIOx_Write                              0x0800119f   Thumb Code    82  gpio.o(i.GPIOx_Write)
    HardFault_Handler                        0x08001301   Thumb Code     4  stm32f4xx_it.o(i.HardFault_Handler)
    LED_Init                                 0x08001345   Thumb Code    36  led.o(i.LED_Init)
    LED_Out                                  0x08001379   Thumb Code    16  led.o(i.LED_Out)
    MemManage_Handler                        0x08001389   Thumb Code     4  stm32f4xx_it.o(i.MemManage_Handler)
    NMI_Handler                              0x0800138d   Thumb Code     2  stm32f4xx_it.o(i.NMI_Handler)
    NVIC_Init                                0x08001391   Thumb Code   106  misc.o(i.NVIC_Init)
    NVIC_PriorityGroupConfig                 0x08001409   Thumb Code    10  misc.o(i.NVIC_PriorityGroupConfig)
    OSInit                                   0x0800141d   Thumb Code    48  os_core.o(i.OSInit)
    OSInitHookBegin                          0x0800144d   Thumb Code     8  os_cpu_c.o(i.OSInitHookBegin)
    OSInitHookEnd                            0x08001459   Thumb Code     2  os_cpu_c.o(i.OSInitHookEnd)
    OSIntEnter                               0x0800145d   Thumb Code    28  os_core.o(i.OSIntEnter)
    OSIntExit                                0x08001481   Thumb Code   112  os_core.o(i.OSIntExit)
    OSSchedLock                              0x08001511   Thumb Code    50  os_core.o(i.OSSchedLock)
    OSSchedUnlock                            0x08001551   Thumb Code    82  os_core.o(i.OSSchedUnlock)
    OSSemCreate                              0x080015b1   Thumb Code    68  os_sem.o(i.OSSemCreate)
    OSSemPend                                0x080015fd   Thumb Code   222  os_sem.o(i.OSSemPend)
    OSSemPost                                0x080016e9   Thumb Code    88  os_sem.o(i.OSSemPost)
    OSStart                                  0x08001741   Thumb Code    48  os_core.o(i.OSStart)
    OSTCBInitHook                            0x08001789   Thumb Code     2  os_cpu_c.o(i.OSTCBInitHook)
    OSTaskCreate                             0x0800178d   Thumb Code   148  os_task.o(i.OSTaskCreate)
    OSTaskCreateExt                          0x0800182d   Thumb Code   170  os_task.o(i.OSTaskCreateExt)
    OSTaskCreateHook                         0x080018e5   Thumb Code     2  os_cpu_c.o(i.OSTaskCreateHook)
    OSTaskDel                                0x080018e9   Thumb Code   294  os_task.o(i.OSTaskDel)
    OSTaskDelHook                            0x08001a3d   Thumb Code     2  os_cpu_c.o(i.OSTaskDelHook)
    OSTaskIdleHook                           0x08001a3f   Thumb Code     2  os_cpu_c.o(i.OSTaskIdleHook)
    OSTaskNameSet                            0x08001a41   Thumb Code    98  os_task.o(i.OSTaskNameSet)
    OSTaskReturnHook                         0x08001ab1   Thumb Code     2  os_cpu_c.o(i.OSTaskReturnHook)
    OSTaskStatHook                           0x08001ab3   Thumb Code     2  os_cpu_c.o(i.OSTaskStatHook)
    OSTaskStkChk                             0x08001ab5   Thumb Code   132  os_task.o(i.OSTaskStkChk)
    OSTaskStkInit                            0x08001b41   Thumb Code   426  os_cpu_c.o(i.OSTaskStkInit)
    OSTaskSuspend                            0x08001cf1   Thumb Code   152  os_task.o(i.OSTaskSuspend)
    OSTaskSwHook                             0x08001d99   Thumb Code     2  os_cpu_c.o(i.OSTaskSwHook)
    OSTimeDly                                0x08001d9d   Thumb Code   100  os_time.o(i.OSTimeDly)
    OSTimeDlyHMSM                            0x08001e15   Thumb Code    86  os_time.o(i.OSTimeDlyHMSM)
    OSTimeGet                                0x08001e75   Thumb Code    24  os_time.o(i.OSTimeGet)
    OSTimeTick                               0x08001e91   Thumb Code   210  os_core.o(i.OSTimeTick)
    OSTimeTickHook                           0x08001f7d   Thumb Code    30  os_cpu_c.o(i.OSTimeTickHook)
    OSTmrSignal                              0x08001fa1   Thumb Code    16  os_tmr.o(i.OSTmrSignal)
    OSTmr_Init                               0x08001fb5   Thumb Code   148  os_tmr.o(i.OSTmr_Init)
    OS_Dummy                                 0x080021ed   Thumb Code     2  os_core.o(i.OS_Dummy)
    OS_EventTaskRdy                          0x080021f1   Thumb Code   114  os_core.o(i.OS_EventTaskRdy)
    OS_EventTaskRemove                       0x08002275   Thumb Code    42  os_core.o(i.OS_EventTaskRemove)
    OS_EventTaskWait                         0x080022a1   Thumb Code   112  os_core.o(i.OS_EventTaskWait)
    OS_EventWaitListInit                     0x0800231d   Thumb Code    28  os_core.o(i.OS_EventWaitListInit)
    OS_FlagInit                              0x08002339   Thumb Code    74  os_flag.o(i.OS_FlagInit)
    OS_FlagUnlink                            0x08002391   Thumb Code    36  os_flag.o(i.OS_FlagUnlink)
    OS_MemClr                                0x080025c1   Thumb Code    18  os_core.o(i.OS_MemClr)
    OS_QInit                                 0x080025d5   Thumb Code    72  os_q.o(i.OS_QInit)
    OS_Sched                                 0x08002625   Thumb Code    88  os_core.o(i.OS_Sched)
    OS_TCBInit                               0x080026c5   Thumb Code   278  os_core.o(i.OS_TCBInit)
    OS_TaskIdle                              0x080027f9   Thumb Code    34  os_core.o(i.OS_TaskIdle)
    OS_TaskReturn                            0x08002821   Thumb Code    18  os_task.o(i.OS_TaskReturn)
    OS_TaskStat                              0x08002839   Thumb Code   116  os_core.o(i.OS_TaskStat)
    OS_TaskStatStkChk                        0x080028c1   Thumb Code    54  os_core.o(i.OS_TaskStatStkChk)
    OS_TaskStkClr                            0x080028fd   Thumb Code    26  os_task.o(i.OS_TaskStkClr)
    OTG_FS_IRQHandler                        0x08002919   Thumb Code    10  stm32f4xx_it.o(i.OTG_FS_IRQHandler)
    RCC_AHB1PeriphClockCmd                   0x08002929   Thumb Code    26  stm32f4xx_rcc.o(i.RCC_AHB1PeriphClockCmd)
    RCC_AHB2PeriphClockCmd                   0x08002949   Thumb Code    26  stm32f4xx_rcc.o(i.RCC_AHB2PeriphClockCmd)
    RCC_APB1PeriphClockCmd                   0x08002969   Thumb Code    26  stm32f4xx_rcc.o(i.RCC_APB1PeriphClockCmd)
    RCC_APB1PeriphResetCmd                   0x08002989   Thumb Code    26  stm32f4xx_rcc.o(i.RCC_APB1PeriphResetCmd)
    RCC_APB2PeriphClockCmd                   0x080029a9   Thumb Code    26  stm32f4xx_rcc.o(i.RCC_APB2PeriphClockCmd)
    RCC_GetClocksFreq                        0x080029c9   Thumb Code   214  stm32f4xx_rcc.o(i.RCC_GetClocksFreq)
    SOUNCE_Init                              0x08002ab1   Thumb Code    12  souce.o(i.SOUNCE_Init)
    SVC_Handler                              0x08002ac1   Thumb Code     2  stm32f4xx_it.o(i.SVC_Handler)
    SysTick_Handler                          0x08002bb1   Thumb Code    42  times.o(i.SysTick_Handler)
    SystemInit                               0x08002be5   Thumb Code    88  system_stm32f4xx.o(i.SystemInit)
    UARTx_Init                               0x08002c4d   Thumb Code   198  uart.o(i.UARTx_Init)
    USART_ClearFlag                          0x08002d13   Thumb Code    18  stm32f4xx_usart.o(i.USART_ClearFlag)
    USART_Cmd                                0x08002d25   Thumb Code    24  stm32f4xx_usart.o(i.USART_Cmd)
    USART_GetFlagStatus                      0x08002d3d   Thumb Code    26  stm32f4xx_usart.o(i.USART_GetFlagStatus)
    USART_ITConfig                           0x08002d57   Thumb Code    74  stm32f4xx_usart.o(i.USART_ITConfig)
    USART_Init                               0x08002da1   Thumb Code   204  stm32f4xx_usart.o(i.USART_Init)
    USART_ReceiveData                        0x08002e75   Thumb Code    10  stm32f4xx_usart.o(i.USART_ReceiveData)
    USART_SendData                           0x08002e7f   Thumb Code     8  stm32f4xx_usart.o(i.USART_SendData)
    USBD_ClrCfg                              0x08002e87   Thumb Code    22  usbd_core.o(i.USBD_ClrCfg)
    USBD_CtlContinueRx                       0x08002ee5   Thumb Code    30  usbd_ioreq.o(i.USBD_CtlContinueRx)
    USBD_CtlContinueSendData                 0x08002f03   Thumb Code    30  usbd_ioreq.o(i.USBD_CtlContinueSendData)
    USBD_CtlError                            0x08002f21   Thumb Code    30  usbd_req.o(i.USBD_CtlError)
    USBD_CtlPrepareRx                        0x08002f3f   Thumb Code    46  usbd_ioreq.o(i.USBD_CtlPrepareRx)
    USBD_CtlReceiveStatus                    0x08002f6d   Thumb Code    36  usbd_ioreq.o(i.USBD_CtlReceiveStatus)
    USBD_CtlSendData                         0x08002f91   Thumb Code    46  usbd_ioreq.o(i.USBD_CtlSendData)
    USBD_CtlSendStatus                       0x08002fbf   Thumb Code    36  usbd_ioreq.o(i.USBD_CtlSendStatus)
    USBD_DeInit                              0x08003161   Thumb Code     6  usbd_core.o(i.USBD_DeInit)
    USBD_GetString                           0x08003335   Thumb Code    82  usbd_req.o(i.USBD_GetString)
    USBD_Init                                0x08003387   Thumb Code    66  usbd_core.o(i.USBD_Init)
    USBD_OTG_ISR_Handler                     0x080033ed   Thumb Code   224  usb_dcd_int.o(i.USBD_OTG_ISR_Handler)
    USBD_ParseSetupRequest                   0x080034cd   Thumb Code    72  usbd_req.o(i.USBD_ParseSetupRequest)
    USBD_SetCfg                              0x080035ef   Thumb Code    30  usbd_core.o(i.USBD_SetCfg)
    USBD_StdDevReq                           0x080037e1   Thumb Code   114  usbd_req.o(i.USBD_StdDevReq)
    USBD_StdEPReq                            0x08003855   Thumb Code   370  usbd_req.o(i.USBD_StdEPReq)
    USBD_StdItfReq                           0x080039cd   Thumb Code    76  usbd_req.o(i.USBD_StdItfReq)
    USBD_USR_ConfigStrDescriptor             0x08003a39   Thumb Code    34  usbd_desc.o(i.USBD_USR_ConfigStrDescriptor)
    USBD_USR_DeviceConfigured                0x08003a6d   Thumb Code     8  usbd_usr.o(i.USBD_USR_DeviceConfigured)
    USBD_USR_DeviceConnected                 0x08003a79   Thumb Code     8  usbd_usr.o(i.USBD_USR_DeviceConnected)
    USBD_USR_DeviceDescriptor                0x08003a85   Thumb Code    10  usbd_desc.o(i.USBD_USR_DeviceDescriptor)
    USBD_USR_DeviceDisconnected              0x08003a95   Thumb Code     8  usbd_usr.o(i.USBD_USR_DeviceDisconnected)
    USBD_USR_DeviceReset                     0x08003aa1   Thumb Code    18  usbd_usr.o(i.USBD_USR_DeviceReset)
    USBD_USR_DeviceResumed                   0x08003ab3   Thumb Code     2  usbd_usr.o(i.USBD_USR_DeviceResumed)
    USBD_USR_DeviceSuspended                 0x08003ab5   Thumb Code     8  usbd_usr.o(i.USBD_USR_DeviceSuspended)
    USBD_USR_Init                            0x08003ac1   Thumb Code     2  usbd_usr.o(i.USBD_USR_Init)
    USBD_USR_InterfaceStrDescriptor          0x08003ac5   Thumb Code    34  usbd_desc.o(i.USBD_USR_InterfaceStrDescriptor)
    USBD_USR_LangIDStrDescriptor             0x08003afd   Thumb Code    10  usbd_desc.o(i.USBD_USR_LangIDStrDescriptor)
    USBD_USR_ManufacturerStrDescriptor       0x08003b0d   Thumb Code    20  usbd_desc.o(i.USBD_USR_ManufacturerStrDescriptor)
    USBD_USR_ProductStrDescriptor            0x08003b39   Thumb Code    34  usbd_desc.o(i.USBD_USR_ProductStrDescriptor)
    USBD_USR_SerialStrDescriptor             0x08003ba9   Thumb Code    18  usbd_desc.o(i.USBD_USR_SerialStrDescriptor)
    USB_OTG_BSP_EnableInterrupt              0x08003bd1   Thumb Code    44  usb_bsp.o(i.USB_OTG_BSP_EnableInterrupt)
    USB_OTG_BSP_Init                         0x08003bfd   Thumb Code    86  usb_bsp.o(i.USB_OTG_BSP_Init)
    USB_OTG_BSP_mDelay                       0x08003c59   Thumb Code    18  usb_bsp.o(i.USB_OTG_BSP_mDelay)
    USB_OTG_BSP_uDelay                       0x08003c6b   Thumb Code    30  usb_bsp.o(i.USB_OTG_BSP_uDelay)
    USB_OTG_CoreInit                         0x08003c89   Thumb Code   294  usb_core.o(i.USB_OTG_CoreInit)
    USB_OTG_CoreInitDev                      0x08003daf   Thumb Code   526  usb_core.o(i.USB_OTG_CoreInitDev)
    USB_OTG_DisableGlobalInt                 0x0800402d   Thumb Code    34  usb_core.o(i.USB_OTG_DisableGlobalInt)
    USB_OTG_EP0Activate                      0x0800404f   Thumb Code   116  usb_core.o(i.USB_OTG_EP0Activate)
    USB_OTG_EP0StartXfer                     0x080040c3   Thumb Code   342  usb_core.o(i.USB_OTG_EP0StartXfer)
    USB_OTG_EP0_OutStart                     0x08004219   Thumb Code    98  usb_core.o(i.USB_OTG_EP0_OutStart)
    USB_OTG_EPActivate                       0x0800427b   Thumb Code   152  usb_core.o(i.USB_OTG_EPActivate)
    USB_OTG_EPClearStall                     0x08004313   Thumb Code    80  usb_core.o(i.USB_OTG_EPClearStall)
    USB_OTG_EPDeactivate                     0x08004363   Thumb Code    94  usb_core.o(i.USB_OTG_EPDeactivate)
    USB_OTG_EPSetStall                       0x080043c1   Thumb Code   100  usb_core.o(i.USB_OTG_EPSetStall)
    USB_OTG_EPStartXfer                      0x08004425   Thumb Code   510  usb_core.o(i.USB_OTG_EPStartXfer)
    USB_OTG_EnableDevInt                     0x08004657   Thumb Code   154  usb_core.o(i.USB_OTG_EnableDevInt)
    USB_OTG_EnableGlobalInt                  0x080046f1   Thumb Code    34  usb_core.o(i.USB_OTG_EnableGlobalInt)
    USB_OTG_FlushRxFifo                      0x08004715   Thumb Code    70  usb_core.o(i.USB_OTG_FlushRxFifo)
    USB_OTG_FlushTxFifo                      0x08004761   Thumb Code    80  usb_core.o(i.USB_OTG_FlushTxFifo)
    USB_OTG_GetDeviceSpeed                   0x080047b5   Thumb Code    56  usb_core.o(i.USB_OTG_GetDeviceSpeed)
    USB_OTG_GetMode                          0x080047ed   Thumb Code    12  usb_core.o(i.USB_OTG_GetMode)
    USB_OTG_InitDevSpeed                     0x080047f9   Thumb Code    24  usb_core.o(i.USB_OTG_InitDevSpeed)
    USB_OTG_IsDeviceMode                     0x08004811   Thumb Code    22  usb_core.o(i.USB_OTG_IsDeviceMode)
    USB_OTG_ReadCoreItr                      0x08004827   Thumb Code    16  usb_core.o(i.USB_OTG_ReadCoreItr)
    USB_OTG_ReadDevAllInEPItr                0x08004837   Thumb Code    16  usb_core.o(i.USB_OTG_ReadDevAllInEPItr)
    USB_OTG_ReadDevAllOutEp_itr              0x08004847   Thumb Code    16  usb_core.o(i.USB_OTG_ReadDevAllOutEp_itr)
    USB_OTG_ReadDevOutEP_itr                 0x08004857   Thumb Code    20  usb_core.o(i.USB_OTG_ReadDevOutEP_itr)
    USB_OTG_ReadPacket                       0x0800486b   Thumb Code    40  usb_core.o(i.USB_OTG_ReadPacket)
    USB_OTG_SelectCore                       0x08004895   Thumb Code   204  usb_core.o(i.USB_OTG_SelectCore)
    USB_OTG_SetCurrentMode                   0x08004965   Thumb Code    78  usb_core.o(i.USB_OTG_SetCurrentMode)
    USB_OTG_WritePacket                      0x080049b3   Thumb Code    64  usb_core.o(i.USB_OTG_WritePacket)
    UsageFault_Handler                       0x080049f3   Thumb Code     4  stm32f4xx_it.o(i.UsageFault_Handler)
    _sys_exit                                0x08004c35   Thumb Code     6  uart.o(i._sys_exit)
    fputc                                    0x08004c3d   Thumb Code    22  uart.o(i.fputc)
    led_task                                 0x08004c59   Thumb Code    42  main.o(i.led_task)
    main                                     0x08004c99   Thumb Code   140  main.o(i.main)
    start_task                               0x08004d49   Thumb Code    40  main.o(i.start_task)
    usbd_cdc_DataIn                          0x08004e95   Thumb Code   160  usbd_cdc_core.o(i.usbd_cdc_DataIn)
    usbd_cdc_DataOut                         0x08004f45   Thumb Code    48  usbd_cdc_core.o(i.usbd_cdc_DataOut)
    usbd_cdc_DeInit                          0x08004f7d   Thumb Code    40  usbd_cdc_core.o(i.usbd_cdc_DeInit)
    usbd_cdc_EP0_RxReady                     0x08004fa9   Thumb Code    38  usbd_cdc_core.o(i.usbd_cdc_EP0_RxReady)
    usbd_cdc_Init                            0x08004fe1   Thumb Code    74  usbd_cdc_core.o(i.usbd_cdc_Init)
    usbd_cdc_SOF                             0x08005039   Thumb Code    36  usbd_cdc_core.o(i.usbd_cdc_SOF)
    usbd_cdc_Setup                           0x08005061   Thumb Code   176  usbd_cdc_core.o(i.usbd_cdc_Setup)
    _fp_init                                 0x08005125   Thumb Code    10  fpinit.o(x$fpl$fpinit)
    __fplib_config_fpu_vfp                   0x0800512d   Thumb Code     0  fpinit.o(x$fpl$fpinit)
    __fplib_config_pureend_doubles           0x0800512d   Thumb Code     0  fpinit.o(x$fpl$fpinit)
    OSUnMapTbl                               0x0800512e   Data         256  os_core.o(.constdata)
    Region$$Table$$Base                      0x08005230   Number         0  anon$$obj.o(Region$$Table)
    Region$$Table$$Limit                     0x08005250   Number         0  anon$$obj.o(Region$$Table)
    SystemCoreClock                          0x20000000   Data           4  system_stm32f4xx.o(.data)
    AHBPrescTable                            0x20000004   Data          16  system_stm32f4xx.o(.data)
    CmdBuff                                  0x20000028   Data           8  usbd_cdc_core.o(.data)
    APP_Rx_ptr_in                            0x20000030   Data           4  usbd_cdc_core.o(.data)
    APP_Rx_ptr_out                           0x20000034   Data           4  usbd_cdc_core.o(.data)
    APP_Rx_length                            0x20000038   Data           4  usbd_cdc_core.o(.data)
    USB_Tx_State                             0x2000003c   Data           1  usbd_cdc_core.o(.data)
    USBD_CDC_cb                              0x20000048   Data          44  usbd_cdc_core.o(.data)
    usbd_cdc_CfgDesc                         0x20000074   Data          67  usbd_cdc_core.o(.data)
    SET_TEST_MODE                            0x200000bc   Data           4  usbd_core.o(.data)
    USBD_DCD_INT_cb                          0x200000c0   Data          44  usbd_core.o(.data)
    USBD_DCD_INT_fops                        0x200000ec   Data           4  usbd_core.o(.data)
    USBD_ep_status                           0x200000f0   Data           4  usbd_req.o(.data)
    USBD_default_cfg                         0x200000f4   Data           4  usbd_req.o(.data)
    USBD_cfg_status                          0x200000f8   Data           4  usbd_req.o(.data)
    linecoding                               0x20000100   Data           8  usbd_cdc_vcp.o(.data)
    VCP_fops                                 0x20000108   Data          20  usbd_cdc_vcp.o(.data)
    USR_desc                                 0x2000011c   Data          28  usbd_desc.o(.data)
    USBD_DeviceDesc                          0x20000138   Data          18  usbd_desc.o(.data)
    USBD_DeviceQualifierDesc                 0x2000014a   Data          10  usbd_desc.o(.data)
    USBD_LangIDDesc                          0x20000154   Data           4  usbd_desc.o(.data)
    USBD_StringSerial                        0x20000158   Data          26  usbd_desc.o(.data)
    bDeviceState                             0x20000174   Data           1  usbd_usr.o(.data)
    USR_cb                                   0x20000178   Data          28  usbd_usr.o(.data)
    OSCtxSwCtr                               0x20000194   Data           4  os_core.o(.data)
    OSEventFreeList                          0x20000198   Data           4  os_core.o(.data)
    OSFlagFreeList                           0x2000019c   Data           4  os_core.o(.data)
    OSCPUUsage                               0x200001a0   Data           1  os_core.o(.data)
    OSIdleCtrMax                             0x200001a4   Data           4  os_core.o(.data)
    OSIdleCtrRun                             0x200001a8   Data           4  os_core.o(.data)
    OSStatRdy                                0x200001ac   Data           1  os_core.o(.data)
    OSIntNesting                             0x200001ad   Data           1  os_core.o(.data)
    OSLockNesting                            0x200001ae   Data           1  os_core.o(.data)
    OSPrioCur                                0x200001af   Data           1  os_core.o(.data)
    OSPrioHighRdy                            0x200001b0   Data           1  os_core.o(.data)
    OSRdyGrp                                 0x200001b1   Data           1  os_core.o(.data)
    OSRdyTbl                                 0x200001b2   Data           8  os_core.o(.data)
    OSRunning                                0x200001ba   Data           1  os_core.o(.data)
    OSTaskCtr                                0x200001bb   Data           1  os_core.o(.data)
    OSIdleCtr                                0x200001bc   Data           4  os_core.o(.data)
    OSTCBCur                                 0x200001c0   Data           4  os_core.o(.data)
    OSTCBFreeList                            0x200001c4   Data           4  os_core.o(.data)
    OSTCBHighRdy                             0x200001c8   Data           4  os_core.o(.data)
    OSTCBList                                0x200001cc   Data           4  os_core.o(.data)
    OSTickStepState                          0x200001d0   Data           1  os_core.o(.data)
    OSQFreeList                              0x200001d4   Data           4  os_core.o(.data)
    OSTime                                   0x200001d8   Data           4  os_core.o(.data)
    OSTmrFree                                0x200001dc   Data           2  os_core.o(.data)
    OSTmrUsed                                0x200001de   Data           2  os_core.o(.data)
    OSTmrTime                                0x200001e0   Data           4  os_core.o(.data)
    OSTmrSem                                 0x200001e4   Data           4  os_core.o(.data)
    OSTmrSemSignal                           0x200001e8   Data           4  os_core.o(.data)
    OSTmrFreeList                            0x200001ec   Data           4  os_core.o(.data)
    OSInterrputSum                           0x200001f0   Data           4  os_cpu_c.o(.data)
    Time_statr_flag                          0x200001fc   Data           1  times.o(.data)
    Time_out_flag                            0x200001fd   Data           1  times.o(.data)
    Time_wait_cnt                            0x20000200   Data           4  times.o(.data)
    frameCounter                             0x20000204   Data           2  times.o(.data)
    __stdout                                 0x200003a4   Data           4  uart.o(.data)
    usbd_cdc_OtherCfgDesc                    0x200010a4   Data          67  usbd_cdc_core.o(.bss)
    USB_Rx_Buffer                            0x200010e7   Data          64  usbd_cdc_core.o(.bss)
    APP_Rx_Buffer                            0x20001127   Data         512  usbd_cdc_core.o(.bss)
    USART_InitStructure                      0x20001328   Data          16  usbd_cdc_vcp.o(.bss)
    USBD_StrDesc                             0x20001338   Data         255  usbd_desc.o(.bss)
    OSEventTbl                               0x20001438   Data         200  os_core.o(.bss)
    OSFlagTbl                                0x20001500   Data          80  os_core.o(.bss)
    OSTaskStatStk                            0x20001550   Data         512  os_core.o(.bss)
    OSTaskIdleStk                            0x20001750   Data         512  os_core.o(.bss)
    OSTCBPrioTbl                             0x20001950   Data         256  os_core.o(.bss)
    OSTCBTbl                                 0x20001a50   Data        1008  os_core.o(.bss)
    OSQTbl                                   0x20001e40   Data         120  os_core.o(.bss)
    OSTmrTbl                                 0x20001eb8   Data         640  os_core.o(.bss)
    OSTmrTaskStk                             0x20002138   Data         512  os_core.o(.bss)
    OSTmrWheelTbl                            0x20002338   Data          64  os_core.o(.bss)
    TIME_FLAG                                0x20002378   Data          36  times.o(.bss)
    USB_OTG_dev                              0x2000239c   Data        1524  main.o(.bss)
    START_TASK_STK                           0x20002990   Data         256  main.o(.bss)
    LED_TASK_STK                             0x20002a90   Data         256  main.o(.bss)
    __libspace_start                         0x20002b90   Data          96  libspace.o(.bss)
    __temporary_stack_top$libspace           0x20002bf0   Data           0  libspace.o(.bss)



==============================================================================

Memory Map of the image

  Image Entry point : 0x08000189

  Load Region LR_IROM1 (Base: 0x08000000, Size: 0x000062f4, Max: 0x00100000, ABSOLUTE, COMPRESSED[0x000055b4])

    Execution Region ER_IROM1 (Base: 0x08000000, Size: 0x00005250, Max: 0x00100000, ABSOLUTE)

    Base Addr    Size         Type   Attr      Idx    E Section Name        Object

    0x08000000   0x00000188   Data   RO          252    RESET               startup_stm32f40_41xxx.o
    0x08000188   0x00000008   Code   RO         7741  * !!!main             c_w.l(__main.o)
    0x08000190   0x00000034   Code   RO         7913    !!!scatter          c_w.l(__scatter.o)
    0x080001c4   0x00000064   Code   RO         7911    !!dclz77c           c_w.l(__dclz77c.o)
    0x08000228   0x0000001c   Code   RO         7915    !!handler_zi        c_w.l(__scatter_zi.o)
    0x08000244   0x00000000   Code   RO         7736    .ARM.Collect$$_printf_percent$$00000000  c_w.l(_printf_percent.o)
    0x08000244   0x00000006   Code   RO         7735    .ARM.Collect$$_printf_percent$$00000009  c_w.l(_printf_d.o)
    0x0800024a   0x00000004   Code   RO         7750    .ARM.Collect$$_printf_percent$$00000017  c_w.l(_printf_percent_end.o)
    0x0800024e   0x00000002   Code   RO         7785    .ARM.Collect$$libinit$$00000000  c_w.l(libinit.o)
    0x08000250   0x00000004   Code   RO         7791    .ARM.Collect$$libinit$$00000001  c_w.l(libinit2.o)
    0x08000254   0x00000000   Code   RO         7794    .ARM.Collect$$libinit$$00000004  c_w.l(libinit2.o)
    0x08000254   0x00000000   Code   RO         7797    .ARM.Collect$$libinit$$0000000A  c_w.l(libinit2.o)
    0x08000254   0x00000000   Code   RO         7799    .ARM.Collect$$libinit$$0000000C  c_w.l(libinit2.o)
    0x08000254   0x00000000   Code   RO         7801    .ARM.Collect$$libinit$$0000000E  c_w.l(libinit2.o)
    0x08000254   0x00000000   Code   RO         7804    .ARM.Collect$$libinit$$00000011  c_w.l(libinit2.o)
    0x08000254   0x00000000   Code   RO         7806    .ARM.Collect$$libinit$$00000013  c_w.l(libinit2.o)
    0x08000254   0x00000000   Code   RO         7808    .ARM.Collect$$libinit$$00000015  c_w.l(libinit2.o)
    0x08000254   0x00000000   Code   RO         7810    .ARM.Collect$$libinit$$00000017  c_w.l(libinit2.o)
    0x08000254   0x00000000   Code   RO         7812    .ARM.Collect$$libinit$$00000019  c_w.l(libinit2.o)
    0x08000254   0x00000000   Code   RO         7814    .ARM.Collect$$libinit$$0000001B  c_w.l(libinit2.o)
    0x08000254   0x00000000   Code   RO         7816    .ARM.Collect$$libinit$$0000001D  c_w.l(libinit2.o)
    0x08000254   0x00000000   Code   RO         7818    .ARM.Collect$$libinit$$0000001F  c_w.l(libinit2.o)
    0x08000254   0x00000000   Code   RO         7820    .ARM.Collect$$libinit$$00000021  c_w.l(libinit2.o)
    0x08000254   0x00000000   Code   RO         7822    .ARM.Collect$$libinit$$00000023  c_w.l(libinit2.o)
    0x08000254   0x00000000   Code   RO         7824    .ARM.Collect$$libinit$$00000025  c_w.l(libinit2.o)
    0x08000254   0x00000000   Code   RO         7828    .ARM.Collect$$libinit$$0000002C  c_w.l(libinit2.o)
    0x08000254   0x00000000   Code   RO         7830    .ARM.Collect$$libinit$$0000002E  c_w.l(libinit2.o)
    0x08000254   0x00000000   Code   RO         7832    .ARM.Collect$$libinit$$00000030  c_w.l(libinit2.o)
    0x08000254   0x00000000   Code   RO         7834    .ARM.Collect$$libinit$$00000032  c_w.l(libinit2.o)
    0x08000254   0x00000002   Code   RO         7835    .ARM.Collect$$libinit$$00000033  c_w.l(libinit2.o)
    0x08000256   0x00000002   Code   RO         7853    .ARM.Collect$$libshutdown$$00000000  c_w.l(libshutdown.o)
    0x08000258   0x00000000   Code   RO         7863    .ARM.Collect$$libshutdown$$00000002  c_w.l(libshutdown2.o)
    0x08000258   0x00000000   Code   RO         7865    .ARM.Collect$$libshutdown$$00000004  c_w.l(libshutdown2.o)
    0x08000258   0x00000000   Code   RO         7868    .ARM.Collect$$libshutdown$$00000007  c_w.l(libshutdown2.o)
    0x08000258   0x00000000   Code   RO         7871    .ARM.Collect$$libshutdown$$0000000A  c_w.l(libshutdown2.o)
    0x08000258   0x00000000   Code   RO         7873    .ARM.Collect$$libshutdown$$0000000C  c_w.l(libshutdown2.o)
    0x08000258   0x00000000   Code   RO         7876    .ARM.Collect$$libshutdown$$0000000F  c_w.l(libshutdown2.o)
    0x08000258   0x00000002   Code   RO         7877    .ARM.Collect$$libshutdown$$00000010  c_w.l(libshutdown2.o)
    0x0800025a   0x00000000   Code   RO         7745    .ARM.Collect$$rtentry$$00000000  c_w.l(__rtentry.o)
    0x0800025a   0x00000000   Code   RO         7754    .ARM.Collect$$rtentry$$00000002  c_w.l(__rtentry2.o)
    0x0800025a   0x00000006   Code   RO         7766    .ARM.Collect$$rtentry$$00000004  c_w.l(__rtentry4.o)
    0x08000260   0x00000000   Code   RO         7756    .ARM.Collect$$rtentry$$00000009  c_w.l(__rtentry2.o)
    0x08000260   0x00000004   Code   RO         7757    .ARM.Collect$$rtentry$$0000000A  c_w.l(__rtentry2.o)
    0x08000264   0x00000000   Code   RO         7759    .ARM.Collect$$rtentry$$0000000C  c_w.l(__rtentry2.o)
    0x08000264   0x00000008   Code   RO         7760    .ARM.Collect$$rtentry$$0000000D  c_w.l(__rtentry2.o)
    0x0800026c   0x00000002   Code   RO         7789    .ARM.Collect$$rtexit$$00000000  c_w.l(rtexit.o)
    0x0800026e   0x00000000   Code   RO         7837    .ARM.Collect$$rtexit$$00000002  c_w.l(rtexit2.o)
    0x0800026e   0x00000004   Code   RO         7838    .ARM.Collect$$rtexit$$00000003  c_w.l(rtexit2.o)
    0x08000272   0x00000006   Code   RO         7839    .ARM.Collect$$rtexit$$00000004  c_w.l(rtexit2.o)
    0x08000278   0x00000040   Code   RO          253    .text               startup_stm32f40_41xxx.o
    0x080002b8   0x000000c8   Code   RO         7017    .text               os_cpu_a.o
    0x08000380   0x00000002   Code   RO         7705    .text               c_w.l(use_no_semi_2.o)
    0x08000382   0x00000002   PAD
    0x08000384   0x00000018   Code   RO         7709    .text               c_w.l(noretval__2printf.o)
    0x0800039c   0x00000068   Code   RO         7711    .text               c_w.l(__printf.o)
    0x08000404   0x00000078   Code   RO         7713    .text               c_w.l(_printf_dec.o)
    0x0800047c   0x00000006   Code   RO         7739    .text               c_w.l(heapauxi.o)
    0x08000482   0x00000002   Code   RO         7743    .text               c_w.l(use_no_semi.o)
    0x08000484   0x000000b2   Code   RO         7746    .text               c_w.l(_printf_intcommon.o)
    0x08000536   0x00000002   PAD
    0x08000538   0x00000024   Code   RO         7748    .text               c_w.l(_printf_char_file.o)
    0x0800055c   0x00000030   Code   RO         7768    .text               c_w.l(_printf_char_common.o)
    0x0800058c   0x00000008   Code   RO         7770    .text               c_w.l(ferror.o)
    0x08000594   0x0000004a   Code   RO         7774    .text               c_w.l(sys_stackheap_outer.o)
    0x080005de   0x00000012   Code   RO         7778    .text               c_w.l(exit.o)
    0x080005f0   0x00000008   Code   RO         7786    .text               c_w.l(libspace.o)
    0x080005f8   0x00000004   Code   RO            4    i.BusFault_Handler  stm32f4xx_it.o
    0x080005fc   0x0000004a   Code   RO         5708    i.DCD_EP_Close      usb_dcd.o
    0x08000646   0x00000048   Code   RO         5709    i.DCD_EP_ClrStall   usb_dcd.o
    0x0800068e   0x00000068   Code   RO         5711    i.DCD_EP_Open       usb_dcd.o
    0x080006f6   0x00000052   Code   RO         5712    i.DCD_EP_PrepareRx  usb_dcd.o
    0x08000748   0x0000001c   Code   RO         5713    i.DCD_EP_SetAddress  usb_dcd.o
    0x08000764   0x00000048   Code   RO         5714    i.DCD_EP_Stall      usb_dcd.o
    0x080007ac   0x0000004e   Code   RO         5715    i.DCD_EP_Tx         usb_dcd.o
    0x080007fa   0x00000002   PAD
    0x080007fc   0x00000198   Code   RO         5802    i.DCD_HandleEnumDone_ISR  usb_dcd_int.o
    0x08000994   0x00000128   Code   RO         5803    i.DCD_HandleInEP_ISR  usb_dcd_int.o
    0x08000abc   0x00000100   Code   RO         5804    i.DCD_HandleOutEP_ISR  usb_dcd_int.o
    0x08000bbc   0x0000006c   Code   RO         5805    i.DCD_HandleResume_ISR  usb_dcd_int.o
    0x08000c28   0x000000b0   Code   RO         5806    i.DCD_HandleRxStatusQueueLevel_ISR  usb_dcd_int.o
    0x08000cd8   0x0000002c   Code   RO         5807    i.DCD_HandleSof_ISR  usb_dcd_int.o
    0x08000d04   0x000000a8   Code   RO         5808    i.DCD_HandleUSBSuspend_ISR  usb_dcd_int.o
    0x08000dac   0x00000104   Code   RO         5809    i.DCD_HandleUsbReset_ISR  usb_dcd_int.o
    0x08000eb0   0x0000009c   Code   RO         5717    i.DCD_Init          usb_dcd.o
    0x08000f4c   0x0000002c   Code   RO         5810    i.DCD_IsoINIncomplete_ISR  usb_dcd_int.o
    0x08000f78   0x0000002c   Code   RO         5811    i.DCD_IsoOUTIncomplete_ISR  usb_dcd_int.o
    0x08000fa4   0x00000028   Code   RO         5812    i.DCD_ReadDevInEP   usb_dcd_int.o
    0x08000fcc   0x000000ac   Code   RO         5813    i.DCD_WriteEmptyTxFifo  usb_dcd_int.o
    0x08001078   0x00000002   Code   RO            5    i.DebugMon_Handler  stm32f4xx_it.o
    0x0800107a   0x00000090   Code   RO         2000    i.GPIO_Init         stm32f4xx_gpio.o
    0x0800110a   0x00000046   Code   RO         2001    i.GPIO_PinAFConfig  stm32f4xx_gpio.o
    0x08001150   0x00000012   Code   RO         2006    i.GPIO_ReadOutputDataBit  stm32f4xx_gpio.o
    0x08001162   0x00000004   Code   RO         2007    i.GPIO_ResetBits    stm32f4xx_gpio.o
    0x08001166   0x00000004   Code   RO         2008    i.GPIO_SetBits      stm32f4xx_gpio.o
    0x0800116a   0x00000012   Code   RO         2009    i.GPIO_StructInit   stm32f4xx_gpio.o
    0x0800117c   0x0000000a   Code   RO         2012    i.GPIO_WriteBit     stm32f4xx_gpio.o
    0x08001186   0x00000018   Code   RO         7365    i.GPIOx_Init        gpio.o
    0x0800119e   0x00000052   Code   RO         7368    i.GPIOx_Write       gpio.o
    0x080011f0   0x00000034   Code   RO         5997    i.Get_SerialNum     usbd_desc.o
    0x08001224   0x000000dc   Code   RO         5130    i.Handle_USBAsynchXfer  usbd_cdc_core.o
    0x08001300   0x00000004   Code   RO            6    i.HardFault_Handler  stm32f4xx_it.o
    0x08001304   0x0000003e   Code   RO         5998    i.IntToUnicode      usbd_desc.o
    0x08001342   0x00000002   PAD
    0x08001344   0x00000034   Code   RO         7498    i.LED_Init          led.o
    0x08001378   0x00000010   Code   RO         7499    i.LED_Out           led.o
    0x08001388   0x00000004   Code   RO            7    i.MemManage_Handler  stm32f4xx_it.o
    0x0800138c   0x00000002   Code   RO            8    i.NMI_Handler       stm32f4xx_it.o
    0x0800138e   0x00000002   PAD
    0x08001390   0x00000078   Code   RO          260    i.NVIC_Init         misc.o
    0x08001408   0x00000014   Code   RO          261    i.NVIC_PriorityGroupConfig  misc.o
    0x0800141c   0x00000030   Code   RO         6152    i.OSInit            os_core.o
    0x0800144c   0x0000000c   Code   RO         7023    i.OSInitHookBegin   os_cpu_c.o
    0x08001458   0x00000002   Code   RO         7024    i.OSInitHookEnd     os_cpu_c.o
    0x0800145a   0x00000002   PAD
    0x0800145c   0x00000024   Code   RO         6153    i.OSIntEnter        os_core.o
    0x08001480   0x00000090   Code   RO         6154    i.OSIntExit         os_core.o
    0x08001510   0x00000040   Code   RO         6155    i.OSSchedLock       os_core.o
    0x08001550   0x00000060   Code   RO         6156    i.OSSchedUnlock     os_core.o
    0x080015b0   0x0000004c   Code   RO         6697    i.OSSemCreate       os_sem.o
    0x080015fc   0x000000ec   Code   RO         6699    i.OSSemPend         os_sem.o
    0x080016e8   0x00000058   Code   RO         6701    i.OSSemPost         os_sem.o
    0x08001740   0x00000048   Code   RO         6157    i.OSStart           os_core.o
    0x08001788   0x00000002   Code   RO         7025    i.OSTCBInitHook     os_cpu_c.o
    0x0800178a   0x00000002   PAD
    0x0800178c   0x000000a0   Code   RO         6763    i.OSTaskCreate      os_task.o
    0x0800182c   0x000000b8   Code   RO         6764    i.OSTaskCreateExt   os_task.o
    0x080018e4   0x00000002   Code   RO         7026    i.OSTaskCreateHook  os_cpu_c.o
    0x080018e6   0x00000002   PAD
    0x080018e8   0x00000154   Code   RO         6765    i.OSTaskDel         os_task.o
    0x08001a3c   0x00000002   Code   RO         7027    i.OSTaskDelHook     os_cpu_c.o
    0x08001a3e   0x00000002   Code   RO         7028    i.OSTaskIdleHook    os_cpu_c.o
    0x08001a40   0x00000070   Code   RO         6768    i.OSTaskNameSet     os_task.o
    0x08001ab0   0x00000002   Code   RO         7029    i.OSTaskReturnHook  os_cpu_c.o
    0x08001ab2   0x00000002   Code   RO         7030    i.OSTaskStatHook    os_cpu_c.o
    0x08001ab4   0x0000008c   Code   RO         6773    i.OSTaskStkChk      os_task.o
    0x08001b40   0x000001b0   Code   RO         7031    i.OSTaskStkInit     os_cpu_c.o
    0x08001cf0   0x000000a8   Code   RO         6774    i.OSTaskSuspend     os_task.o
    0x08001d98   0x00000002   Code   RO         7032    i.OSTaskSwHook      os_cpu_c.o
    0x08001d9a   0x00000002   PAD
    0x08001d9c   0x00000078   Code   RO         6870    i.OSTimeDly         os_time.o
    0x08001e14   0x00000060   Code   RO         6871    i.OSTimeDlyHMSM     os_time.o
    0x08001e74   0x0000001c   Code   RO         6873    i.OSTimeGet         os_time.o
    0x08001e90   0x000000ec   Code   RO         6159    i.OSTimeTick        os_core.o
    0x08001f7c   0x00000024   Code   RO         7033    i.OSTimeTickHook    os_cpu_c.o
    0x08001fa0   0x00000014   Code   RO         6922    i.OSTmrSignal       os_tmr.o
    0x08001fb4   0x000000b8   Code   RO         6928    i.OSTmr_Init        os_tmr.o
    0x0800206c   0x00000050   Code   RO         6929    i.OSTmr_InitTask    os_tmr.o
    0x080020bc   0x0000006c   Code   RO         6930    i.OSTmr_Link        os_tmr.o
    0x08002128   0x00000080   Code   RO         6931    i.OSTmr_Task        os_tmr.o
    0x080021a8   0x00000044   Code   RO         6932    i.OSTmr_Unlink      os_tmr.o
    0x080021ec   0x00000002   Code   RO         6161    i.OS_Dummy          os_core.o
    0x080021ee   0x00000002   PAD
    0x080021f0   0x00000084   Code   RO         6162    i.OS_EventTaskRdy   os_core.o
    0x08002274   0x0000002a   Code   RO         6163    i.OS_EventTaskRemove  os_core.o
    0x0800229e   0x00000002   PAD
    0x080022a0   0x0000007c   Code   RO         6164    i.OS_EventTaskWait  os_core.o
    0x0800231c   0x0000001c   Code   RO         6165    i.OS_EventWaitListInit  os_core.o
    0x08002338   0x00000058   Code   RO         6381    i.OS_FlagInit       os_flag.o
    0x08002390   0x00000024   Code   RO         6383    i.OS_FlagUnlink     os_flag.o
    0x080023b4   0x00000054   Code   RO         6166    i.OS_InitEventList  os_core.o
    0x08002408   0x00000054   Code   RO         6167    i.OS_InitMisc       os_core.o
    0x0800245c   0x00000044   Code   RO         6168    i.OS_InitRdyList    os_core.o
    0x080024a0   0x00000080   Code   RO         6169    i.OS_InitTCBList    os_core.o
    0x08002520   0x00000050   Code   RO         6170    i.OS_InitTaskIdle   os_core.o
    0x08002570   0x00000050   Code   RO         6171    i.OS_InitTaskStat   os_core.o
    0x080025c0   0x00000012   Code   RO         6172    i.OS_MemClr         os_core.o
    0x080025d2   0x00000002   PAD
    0x080025d4   0x00000050   Code   RO         6622    i.OS_QInit          os_q.o
    0x08002624   0x00000074   Code   RO         6174    i.OS_Sched          os_core.o
    0x08002698   0x0000002c   Code   RO         6175    i.OS_SchedNew       os_core.o
    0x080026c4   0x00000134   Code   RO         6177    i.OS_TCBInit        os_core.o
    0x080027f8   0x00000028   Code   RO         6178    i.OS_TaskIdle       os_core.o
    0x08002820   0x00000018   Code   RO         6775    i.OS_TaskReturn     os_task.o
    0x08002838   0x00000088   Code   RO         6179    i.OS_TaskStat       os_core.o
    0x080028c0   0x0000003c   Code   RO         6180    i.OS_TaskStatStkChk  os_core.o
    0x080028fc   0x0000001a   Code   RO         6776    i.OS_TaskStkClr     os_task.o
    0x08002916   0x00000002   PAD
    0x08002918   0x00000010   Code   RO            9    i.OTG_FS_IRQHandler  stm32f4xx_it.o
    0x08002928   0x00000020   Code   RO         2926    i.RCC_AHB1PeriphClockCmd  stm32f4xx_rcc.o
    0x08002948   0x00000020   Code   RO         2929    i.RCC_AHB2PeriphClockCmd  stm32f4xx_rcc.o
    0x08002968   0x00000020   Code   RO         2935    i.RCC_APB1PeriphClockCmd  stm32f4xx_rcc.o
    0x08002988   0x00000020   Code   RO         2937    i.RCC_APB1PeriphResetCmd  stm32f4xx_rcc.o
    0x080029a8   0x00000020   Code   RO         2938    i.RCC_APB2PeriphClockCmd  stm32f4xx_rcc.o
    0x080029c8   0x000000e8   Code   RO         2947    i.RCC_GetClocksFreq  stm32f4xx_rcc.o
    0x08002ab0   0x00000010   Code   RO         7617    i.SOUNCE_Init       souce.o
    0x08002ac0   0x00000002   Code   RO           10    i.SVC_Handler       stm32f4xx_it.o
    0x08002ac2   0x00000002   PAD
    0x08002ac4   0x000000ec   Code   RO          212    i.SetSysClock       system_stm32f4xx.o
    0x08002bb0   0x00000034   Code   RO         7236    i.SysTick_Handler   times.o
    0x08002be4   0x00000068   Code   RO          214    i.SystemInit        system_stm32f4xx.o
    0x08002c4c   0x000000c6   Code   RO         7295    i.UARTx_Init        uart.o
    0x08002d12   0x00000012   Code   RO         4872    i.USART_ClearFlag   stm32f4xx_usart.o
    0x08002d24   0x00000018   Code   RO         4876    i.USART_Cmd         stm32f4xx_usart.o
    0x08002d3c   0x0000001a   Code   RO         4879    i.USART_GetFlagStatus  stm32f4xx_usart.o
    0x08002d56   0x0000004a   Code   RO         4882    i.USART_ITConfig    stm32f4xx_usart.o
    0x08002da0   0x000000d4   Code   RO         4883    i.USART_Init        stm32f4xx_usart.o
    0x08002e74   0x0000000a   Code   RO         4890    i.USART_ReceiveData  stm32f4xx_usart.o
    0x08002e7e   0x00000008   Code   RO         4893    i.USART_SendData    stm32f4xx_usart.o
    0x08002e86   0x00000016   Code   RO         5215    i.USBD_ClrCfg       usbd_core.o
    0x08002e9c   0x00000048   Code   RO         5376    i.USBD_ClrFeature   usbd_req.o
    0x08002ee4   0x0000001e   Code   RO         5316    i.USBD_CtlContinueRx  usbd_ioreq.o
    0x08002f02   0x0000001e   Code   RO         5317    i.USBD_CtlContinueSendData  usbd_ioreq.o
    0x08002f20   0x0000001e   Code   RO         5377    i.USBD_CtlError     usbd_req.o
    0x08002f3e   0x0000002e   Code   RO         5318    i.USBD_CtlPrepareRx  usbd_ioreq.o
    0x08002f6c   0x00000024   Code   RO         5319    i.USBD_CtlReceiveStatus  usbd_ioreq.o
    0x08002f90   0x0000002e   Code   RO         5320    i.USBD_CtlSendData  usbd_ioreq.o
    0x08002fbe   0x00000024   Code   RO         5321    i.USBD_CtlSendStatus  usbd_ioreq.o
    0x08002fe2   0x000000e8   Code   RO         5216    i.USBD_DataInStage  usbd_core.o
    0x080030ca   0x00000096   Code   RO         5217    i.USBD_DataOutStage  usbd_core.o
    0x08003160   0x00000006   Code   RO         5218    i.USBD_DeInit       usbd_core.o
    0x08003166   0x00000002   PAD
    0x08003168   0x00000054   Code   RO         5378    i.USBD_GetConfig    usbd_req.o
    0x080031bc   0x00000112   Code   RO         5379    i.USBD_GetDescriptor  usbd_req.o
    0x080032ce   0x00000014   Code   RO         5380    i.USBD_GetLen       usbd_req.o
    0x080032e2   0x00000002   PAD
    0x080032e4   0x00000050   Code   RO         5381    i.USBD_GetStatus    usbd_req.o
    0x08003334   0x00000052   Code   RO         5382    i.USBD_GetString    usbd_req.o
    0x08003386   0x00000042   Code   RO         5219    i.USBD_Init         usbd_core.o
    0x080033c8   0x00000012   Code   RO         5220    i.USBD_IsoINIncomplete  usbd_core.o
    0x080033da   0x00000012   Code   RO         5221    i.USBD_IsoOUTIncomplete  usbd_core.o
    0x080033ec   0x000000e0   Code   RO         5814    i.USBD_OTG_ISR_Handler  usb_dcd_int.o
    0x080034cc   0x00000048   Code   RO         5383    i.USBD_ParseSetupRequest  usbd_req.o
    0x08003514   0x00000032   Code   RO         5222    i.USBD_Reset        usbd_core.o
    0x08003546   0x0000001e   Code   RO         5223    i.USBD_Resume       usbd_core.o
    0x08003564   0x00000014   Code   RO         5224    i.USBD_RunTestMode  usbd_core.o
    0x08003578   0x0000001a   Code   RO         5225    i.USBD_SOF          usbd_core.o
    0x08003592   0x0000005c   Code   RO         5384    i.USBD_SetAddress   usbd_req.o
    0x080035ee   0x0000001e   Code   RO         5226    i.USBD_SetCfg       usbd_core.o
    0x0800360c   0x000000d0   Code   RO         5385    i.USBD_SetConfig    usbd_req.o
    0x080036dc   0x000000b0   Code   RO         5386    i.USBD_SetFeature   usbd_req.o
    0x0800378c   0x00000054   Code   RO         5227    i.USBD_SetupStage   usbd_core.o
    0x080037e0   0x00000072   Code   RO         5387    i.USBD_StdDevReq    usbd_req.o
    0x08003852   0x00000002   PAD
    0x08003854   0x00000178   Code   RO         5388    i.USBD_StdEPReq     usbd_req.o
    0x080039cc   0x0000004c   Code   RO         5389    i.USBD_StdItfReq    usbd_req.o
    0x08003a18   0x00000020   Code   RO         5228    i.USBD_Suspend      usbd_core.o
    0x08003a38   0x00000034   Code   RO         5999    i.USBD_USR_ConfigStrDescriptor  usbd_desc.o
    0x08003a6c   0x0000000c   Code   RO         6075    i.USBD_USR_DeviceConfigured  usbd_usr.o
    0x08003a78   0x0000000c   Code   RO         6076    i.USBD_USR_DeviceConnected  usbd_usr.o
    0x08003a84   0x00000010   Code   RO         6000    i.USBD_USR_DeviceDescriptor  usbd_desc.o
    0x08003a94   0x0000000c   Code   RO         6077    i.USBD_USR_DeviceDisconnected  usbd_usr.o
    0x08003aa0   0x00000012   Code   RO         6078    i.USBD_USR_DeviceReset  usbd_usr.o
    0x08003ab2   0x00000002   Code   RO         6079    i.USBD_USR_DeviceResumed  usbd_usr.o
    0x08003ab4   0x0000000c   Code   RO         6080    i.USBD_USR_DeviceSuspended  usbd_usr.o
    0x08003ac0   0x00000002   Code   RO         6081    i.USBD_USR_Init     usbd_usr.o
    0x08003ac2   0x00000002   PAD
    0x08003ac4   0x00000038   Code   RO         6001    i.USBD_USR_InterfaceStrDescriptor  usbd_desc.o
    0x08003afc   0x00000010   Code   RO         6002    i.USBD_USR_LangIDStrDescriptor  usbd_desc.o
    0x08003b0c   0x0000002c   Code   RO         6003    i.USBD_USR_ManufacturerStrDescriptor  usbd_desc.o
    0x08003b38   0x00000070   Code   RO         6004    i.USBD_USR_ProductStrDescriptor  usbd_desc.o
    0x08003ba8   0x00000018   Code   RO         6005    i.USBD_USR_SerialStrDescriptor  usbd_desc.o
    0x08003bc0   0x00000010   Code   RO         5131    i.USBD_cdc_GetCfgDesc  usbd_cdc_core.o
    0x08003bd0   0x0000002c   Code   RO         5890    i.USB_OTG_BSP_EnableInterrupt  usb_bsp.o
    0x08003bfc   0x0000005c   Code   RO         5891    i.USB_OTG_BSP_Init  usb_bsp.o
    0x08003c58   0x00000012   Code   RO         5892    i.USB_OTG_BSP_mDelay  usb_bsp.o
    0x08003c6a   0x0000001e   Code   RO         5893    i.USB_OTG_BSP_uDelay  usb_bsp.o
    0x08003c88   0x00000126   Code   RO         5475    i.USB_OTG_CoreInit  usb_core.o
    0x08003dae   0x0000020e   Code   RO         5476    i.USB_OTG_CoreInitDev  usb_core.o
    0x08003fbc   0x00000070   Code   RO         5477    i.USB_OTG_CoreReset  usb_core.o
    0x0800402c   0x00000022   Code   RO         5478    i.USB_OTG_DisableGlobalInt  usb_core.o
    0x0800404e   0x00000074   Code   RO         5479    i.USB_OTG_EP0Activate  usb_core.o
    0x080040c2   0x00000156   Code   RO         5480    i.USB_OTG_EP0StartXfer  usb_core.o
    0x08004218   0x00000062   Code   RO         5481    i.USB_OTG_EP0_OutStart  usb_core.o
    0x0800427a   0x00000098   Code   RO         5482    i.USB_OTG_EPActivate  usb_core.o
    0x08004312   0x00000050   Code   RO         5483    i.USB_OTG_EPClearStall  usb_core.o
    0x08004362   0x0000005e   Code   RO         5484    i.USB_OTG_EPDeactivate  usb_core.o
    0x080043c0   0x00000064   Code   RO         5485    i.USB_OTG_EPSetStall  usb_core.o
    0x08004424   0x000001fe   Code   RO         5486    i.USB_OTG_EPStartXfer  usb_core.o
    0x08004622   0x00000034   Code   RO         5487    i.USB_OTG_EnableCommonInt  usb_core.o
    0x08004656   0x0000009a   Code   RO         5488    i.USB_OTG_EnableDevInt  usb_core.o
    0x080046f0   0x00000022   Code   RO         5489    i.USB_OTG_EnableGlobalInt  usb_core.o
    0x08004712   0x00000002   PAD
    0x08004714   0x0000004c   Code   RO         5490    i.USB_OTG_FlushRxFifo  usb_core.o
    0x08004760   0x00000054   Code   RO         5491    i.USB_OTG_FlushTxFifo  usb_core.o
    0x080047b4   0x00000038   Code   RO         5492    i.USB_OTG_GetDeviceSpeed  usb_core.o
    0x080047ec   0x0000000c   Code   RO         5494    i.USB_OTG_GetMode   usb_core.o
    0x080047f8   0x00000018   Code   RO         5495    i.USB_OTG_InitDevSpeed  usb_core.o
    0x08004810   0x00000016   Code   RO         5496    i.USB_OTG_IsDeviceMode  usb_core.o
    0x08004826   0x00000010   Code   RO         5498    i.USB_OTG_ReadCoreItr  usb_core.o
    0x08004836   0x00000010   Code   RO         5499    i.USB_OTG_ReadDevAllInEPItr  usb_core.o
    0x08004846   0x00000010   Code   RO         5500    i.USB_OTG_ReadDevAllOutEp_itr  usb_core.o
    0x08004856   0x00000014   Code   RO         5501    i.USB_OTG_ReadDevOutEP_itr  usb_core.o
    0x0800486a   0x00000028   Code   RO         5503    i.USB_OTG_ReadPacket  usb_core.o
    0x08004892   0x00000002   PAD
    0x08004894   0x000000d0   Code   RO         5504    i.USB_OTG_SelectCore  usb_core.o
    0x08004964   0x0000004e   Code   RO         5505    i.USB_OTG_SetCurrentMode  usb_core.o
    0x080049b2   0x00000040   Code   RO         5509    i.USB_OTG_WritePacket  usb_core.o
    0x080049f2   0x00000004   Code   RO           11    i.UsageFault_Handler  stm32f4xx_it.o
    0x080049f6   0x00000002   PAD
    0x080049f8   0x000000fc   Code   RO         5933    i.VCP_COMConfig     usbd_cdc_vcp.o
    0x08004af4   0x000000a8   Code   RO         5934    i.VCP_Ctrl          usbd_cdc_vcp.o
    0x08004b9c   0x00000030   Code   RO         5935    i.VCP_DataRx        usbd_cdc_vcp.o
    0x08004bcc   0x00000060   Code   RO         5936    i.VCP_DataTx        usbd_cdc_vcp.o
    0x08004c2c   0x00000004   Code   RO         5937    i.VCP_DeInit        usbd_cdc_vcp.o
    0x08004c30   0x00000004   Code   RO         5938    i.VCP_Init          usbd_cdc_vcp.o
    0x08004c34   0x00000006   Code   RO         7299    i._sys_exit         uart.o
    0x08004c3a   0x00000002   PAD
    0x08004c3c   0x0000001c   Code   RO         7300    i.fputc             uart.o
    0x08004c58   0x00000040   Code   RO         7652    i.led_task          main.o
    0x08004c98   0x000000b0   Code   RO         7653    i.main              main.o
    0x08004d48   0x00000030   Code   RO         7654    i.start_task        main.o
    0x08004d78   0x0000003c   Code   RO         7240    i.time_tick         times.o
    0x08004db4   0x000000e0   Code   RO         7241    i.times_Flag        times.o
    0x08004e94   0x000000b0   Code   RO         5132    i.usbd_cdc_DataIn   usbd_cdc_core.o
    0x08004f44   0x00000038   Code   RO         5133    i.usbd_cdc_DataOut  usbd_cdc_core.o
    0x08004f7c   0x0000002c   Code   RO         5134    i.usbd_cdc_DeInit   usbd_cdc_core.o
    0x08004fa8   0x00000038   Code   RO         5135    i.usbd_cdc_EP0_RxReady  usbd_cdc_core.o
    0x08004fe0   0x00000058   Code   RO         5136    i.usbd_cdc_Init     usbd_cdc_core.o
    0x08005038   0x00000028   Code   RO         5137    i.usbd_cdc_SOF      usbd_cdc_core.o
    0x08005060   0x000000c4   Code   RO         5138    i.usbd_cdc_Setup    usbd_cdc_core.o
    0x08005124   0x0000000a   Code   RO         7845    x$fpl$fpinit        fz_wm.l(fpinit.o)
    0x0800512e   0x00000100   Data   RO         6182    .constdata          os_core.o
    0x0800522e   0x00000002   PAD
    0x08005230   0x00000020   Data   RO         7909    Region$$Table       anon$$obj.o


    Execution Region RW_IRAM1 (Base: 0x20000000, Size: 0x000031f0, Max: 0x00020000, ABSOLUTE, COMPRESSED[0x00000364])

    Base Addr    Size         Type   Attr      Idx    E Section Name        Object

    0x20000000   0x00000014   Data   RW          215    .data               system_stm32f4xx.o
    0x20000014   0x00000010   Data   RW         2979    .data               stm32f4xx_rcc.o
    0x20000024   0x00000098   Data   RW         5140    .data               usbd_cdc_core.o
    0x200000bc   0x00000034   Data   RW         5229    .data               usbd_core.o
    0x200000f0   0x0000000d   Data   RW         5390    .data               usbd_req.o
    0x200000fd   0x00000003   PAD
    0x20000100   0x0000001c   Data   RW         5940    .data               usbd_cdc_vcp.o
    0x2000011c   0x00000056   Data   RW         6007    .data               usbd_desc.o
    0x20000172   0x00000002   PAD
    0x20000174   0x00000020   Data   RW         6083    .data               usbd_usr.o
    0x20000194   0x0000005c   Data   RW         6183    .data               os_core.o
    0x200001f0   0x00000006   Data   RW         7034    .data               os_cpu_c.o
    0x200001f6   0x00000002   PAD
    0x200001f8   0x00000014   Data   RW         7243    .data               times.o
    0x2000020c   0x0000019c   Data   RW         7301    .data               uart.o
    0x200003a8   0x00000454   Data   RW         7500    .data               led.o
    0x200007fc   0x00000454   Data   RW         7619    .data               souce.o
    0x20000c50   0x00000454   Data   RW         7656    .data               main.o
    0x200010a4   0x00000283   Zero   RW         5139    .bss                usbd_cdc_core.o
    0x20001327   0x00000001   PAD
    0x20001328   0x00000010   Zero   RW         5939    .bss                usbd_cdc_vcp.o
    0x20001338   0x000000ff   Zero   RW         6006    .bss                usbd_desc.o
    0x20001437   0x00000001   PAD
    0x20001438   0x00000f40   Zero   RW         6181    .bss                os_core.o
    0x20002378   0x00000024   Zero   RW         7242    .bss                times.o
    0x2000239c   0x000007f4   Zero   RW         7655    .bss                main.o
    0x20002b90   0x00000060   Zero   RW         7787    .bss                c_w.l(libspace.o)
    0x20002bf0   0x00000200   Zero   RW          251    HEAP                startup_stm32f40_41xxx.o
    0x20002df0   0x00000400   Zero   RW          250    STACK               startup_stm32f40_41xxx.o


==============================================================================

Image component sizes


      Code (inc. data)   RO Data    RW Data    ZI Data      Debug   Object Name

         0          0          0          0          0       2732   fm25v.o
       106          0          0          0          0       1899   gpio.o
         0          0          0          0          0        956   iic.o
        68         16          0       1108          0       2061   led.o
       288         66          0       1108       2036      29076   main.o
       140         24          0          0          0       1719   misc.o
      2270        412        256         92       3904      24012   os_core.o
       200         32          0          0          0        316   os_cpu_a.o
       496         16          0          6          0      14999   os_cpu_c.o
       124         14          0          0          0       9406   os_flag.o
        80          8          0          0          0        583   os_q.o
       400         22          0          0          0       2474   os_sem.o
      1154        116          0          0          0       6908   os_task.o
       244         34          0          0          0       1980   os_time.o
       588         98          0          0          0       3939   os_tmr.o
        16          4          0       1108          0       1270   souce.o
        64         26        392          0       1536        872   startup_stm32f40_41xxx.o
       268          0          0          0          0       5074   stm32f4xx_gpio.o
        38          6          0          0          0     325809   stm32f4xx_it.o
       392         48          0         16          0       6209   stm32f4xx_rcc.o
       372          8          0          0          0       5683   stm32f4xx_usart.o
       340         32          0         20          0       1877   system_stm32f4xx.o
       336         34          0         20         36       2587   times.o
       232          6          0        412          0       4423   uart.o
       184          6          0          0          0       2803   usb_bsp.o
      3430         18          0          0          0      22040   usb_core.o
       666          0          0          0          0       6236   usb_dcd.o
      2240         98          0          0          0      10115   usb_dcd_int.o
       892        110          0        152        643       9518   usbd_cdc_core.o
       572         40          0         28         16       5024   usbd_cdc_vcp.o
       784          6          0         52          0      10972   usbd_core.o
       434        170          0         86        255       7415   usbd_desc.o
       224          0          0          0          0       4752   usbd_ioreq.o
      1756         56          0         13          0      11062   usbd_req.o
        70         16          0         32          0       3842   usbd_usr.o

    ----------------------------------------------------------------------
     19508       1542        682       4260       8428     550643   Object Totals
         0          0         32          0          0          0   (incl. Generated)
        40          0          2          7          2          0   (incl. Padding)

    ----------------------------------------------------------------------

      Code (inc. data)   RO Data    RW Data    ZI Data      Debug   Library Member Name

       100          0          0          0          0          0   __dclz77c.o
         8          0          0          0          0         68   __main.o
       104          0          0          0          0         84   __printf.o
         0          0          0          0          0          0   __rtentry.o
        12          0          0          0          0          0   __rtentry2.o
         6          0          0          0          0          0   __rtentry4.o
        52          8          0          0          0          0   __scatter.o
        28          0          0          0          0          0   __scatter_zi.o
        48          6          0          0          0         96   _printf_char_common.o
        36          4          0          0          0         80   _printf_char_file.o
         6          0          0          0          0          0   _printf_d.o
       120         16          0          0          0         92   _printf_dec.o
       178          0          0          0          0         88   _printf_intcommon.o
         0          0          0          0          0          0   _printf_percent.o
         4          0          0          0          0          0   _printf_percent_end.o
        18          0          0          0          0         80   exit.o
         8          0          0          0          0         68   ferror.o
         6          0          0          0          0        152   heapauxi.o
         2          0          0          0          0          0   libinit.o
         6          0          0          0          0          0   libinit2.o
         2          0          0          0          0          0   libshutdown.o
         2          0          0          0          0          0   libshutdown2.o
         8          4          0          0         96         68   libspace.o
        24          4          0          0          0         84   noretval__2printf.o
         2          0          0          0          0          0   rtexit.o
        10          0          0          0          0          0   rtexit2.o
        74          0          0          0          0         80   sys_stackheap_outer.o
         2          0          0          0          0         68   use_no_semi.o
         2          0          0          0          0         68   use_no_semi_2.o
        10          0          0          0          0        116   fpinit.o

    ----------------------------------------------------------------------
       882         42          0          0         96       1292   Library Totals
         4          0          0          0          0          0   (incl. Padding)

    ----------------------------------------------------------------------

      Code (inc. data)   RO Data    RW Data    ZI Data      Debug   Library Name

       868         42          0          0         96       1176   c_w.l
        10          0          0          0          0        116   fz_wm.l

    ----------------------------------------------------------------------
       882         42          0          0         96       1292   Library Totals

    ----------------------------------------------------------------------

==============================================================================


      Code (inc. data)   RO Data    RW Data    ZI Data      Debug   

     20390       1584        682       4260       8524     529615   Grand Totals
     20390       1584        682        868       8524     529615   ELF Image Totals (compressed)
     20390       1584        682        868          0          0   ROM Totals

==============================================================================

    Total RO  Size (Code + RO Data)                21072 (  20.58kB)
    Total RW  Size (RW Data + ZI Data)             12784 (  12.48kB)
    Total ROM Size (Code + RO Data + RW Data)      21940 (  21.43kB)

==============================================================================

