<!doctype html public "-//w3c//dtd html 4.0 transitional//en">
<html><head>
<title>Static Call Graph - [.\Objects\FM-Base.axf]</title></head>
<body><HR>
<H1>Static Call Graph for image .\Objects\FM-Base.axf</H1><HR>
<BR><P>#&#060CALLGRAPH&#062# ARM Linker, 5060422: Last Updated: Wed Jul 18 18:07:15 2018
<BR><P>
<H3>Maximum Stack Usage =       2612 bytes + Unknown(Functions without stacksize, Cycles, Untraceable Function Pointers)</H3><H3>
Call chain for Maximum Stack Depth:</H3>
rtcm_task &rArr; qxwz_tick &rArr; qxwz_ntrip_tick &rArr; qxwz_ntrip_connect &rArr; qxwz_ntrip_send_header &rArr; ntrip_auth_sign &rArr; qxwz_api_sign &rArr; qxwz_sign_sha384 &rArr; isc_hmacsha384_init &rArr; isc_sha384_final &rArr; isc_sha512_last &rArr; isc_sha512_transform
<P>
<H3>
Functions with no stack information
</H3><UL>
 <LI><a href="#[d2]">__user_initial_stackheap</a>
 <LI><a href="#[11d]">OS_CPU_SR_Save</a>
 <LI><a href="#[120]">OS_CPU_SR_Restore</a>
 <LI><a href="#[12c]">OSStartHighRdy</a>
 <LI><a href="#[141]">OSCtxSw</a>
 <LI><a href="#[11f]">OSIntCtxSw</a>
 <LI><a href="#[2b]">PendSV_Handler</a>
</UL>
</UL>
<P>
<H3>
Mutually Recursive functions
</H3> <LI><a href="#[3f]">ADC_IRQHandler</a>&nbsp;&nbsp;&nbsp;&rArr;&nbsp;&nbsp;&nbsp;<a href="#[3f]">ADC_IRQHandler</a><BR>
 <LI><a href="#[1f2]">gsm_ack_exception</a>&nbsp;&nbsp;&nbsp;&rArr;&nbsp;&nbsp;&nbsp;<a href="#[1f3]">qxwz_soc_error</a><BR>
</UL>
<P>
<H3>
Function Pointers
</H3><UL>
 <LI><a href="#[3f]">ADC_IRQHandler</a> from startup_stm32f427x.o(.text) referenced from startup_stm32f427x.o(RESET)
 <LI><a href="#[27]">BusFault_Handler</a> from stm32f4xx_it.o(i.BusFault_Handler) referenced from startup_stm32f427x.o(RESET)
 <LI><a href="#[41]">CAN1_RX0_IRQHandler</a> from startup_stm32f427x.o(.text) referenced from startup_stm32f427x.o(RESET)
 <LI><a href="#[42]">CAN1_RX1_IRQHandler</a> from startup_stm32f427x.o(.text) referenced from startup_stm32f427x.o(RESET)
 <LI><a href="#[43]">CAN1_SCE_IRQHandler</a> from startup_stm32f427x.o(.text) referenced from startup_stm32f427x.o(RESET)
 <LI><a href="#[40]">CAN1_TX_IRQHandler</a> from startup_stm32f427x.o(.text) referenced from startup_stm32f427x.o(RESET)
 <LI><a href="#[6d]">CAN2_RX0_IRQHandler</a> from startup_stm32f427x.o(.text) referenced from startup_stm32f427x.o(RESET)
 <LI><a href="#[6e]">CAN2_RX1_IRQHandler</a> from startup_stm32f427x.o(.text) referenced from startup_stm32f427x.o(RESET)
 <LI><a href="#[6f]">CAN2_SCE_IRQHandler</a> from startup_stm32f427x.o(.text) referenced from startup_stm32f427x.o(RESET)
 <LI><a href="#[6c]">CAN2_TX_IRQHandler</a> from startup_stm32f427x.o(.text) referenced from startup_stm32f427x.o(RESET)
 <LI><a href="#[7c]">CRYP_IRQHandler</a> from startup_stm32f427x.o(.text) referenced from startup_stm32f427x.o(RESET)
 <LI><a href="#[7b]">DCMI_IRQHandler</a> from startup_stm32f427x.o(.text) referenced from startup_stm32f427x.o(RESET)
 <LI><a href="#[38]">DMA1_Stream0_IRQHandler</a> from iic.o(i.DMA1_Stream0_IRQHandler) referenced from startup_stm32f427x.o(RESET)
 <LI><a href="#[39]">DMA1_Stream1_IRQHandler</a> from startup_stm32f427x.o(.text) referenced from startup_stm32f427x.o(RESET)
 <LI><a href="#[3a]">DMA1_Stream2_IRQHandler</a> from startup_stm32f427x.o(.text) referenced from startup_stm32f427x.o(RESET)
 <LI><a href="#[3b]">DMA1_Stream3_IRQHandler</a> from startup_stm32f427x.o(.text) referenced from startup_stm32f427x.o(RESET)
 <LI><a href="#[3c]">DMA1_Stream4_IRQHandler</a> from startup_stm32f427x.o(.text) referenced from startup_stm32f427x.o(RESET)
 <LI><a href="#[3d]">DMA1_Stream5_IRQHandler</a> from startup_stm32f427x.o(.text) referenced from startup_stm32f427x.o(RESET)
 <LI><a href="#[3e]">DMA1_Stream6_IRQHandler</a> from iic.o(i.DMA1_Stream6_IRQHandler) referenced from startup_stm32f427x.o(RESET)
 <LI><a href="#[5c]">DMA1_Stream7_IRQHandler</a> from startup_stm32f427x.o(.text) referenced from startup_stm32f427x.o(RESET)
 <LI><a href="#[85]">DMA2D_IRQHandler</a> from startup_stm32f427x.o(.text) referenced from startup_stm32f427x.o(RESET)
 <LI><a href="#[65]">DMA2_Stream0_IRQHandler</a> from startup_stm32f427x.o(.text) referenced from startup_stm32f427x.o(RESET)
 <LI><a href="#[66]">DMA2_Stream1_IRQHandler</a> from startup_stm32f427x.o(.text) referenced from startup_stm32f427x.o(RESET)
 <LI><a href="#[67]">DMA2_Stream2_IRQHandler</a> from startup_stm32f427x.o(.text) referenced from startup_stm32f427x.o(RESET)
 <LI><a href="#[68]">DMA2_Stream3_IRQHandler</a> from startup_stm32f427x.o(.text) referenced from startup_stm32f427x.o(RESET)
 <LI><a href="#[69]">DMA2_Stream4_IRQHandler</a> from startup_stm32f427x.o(.text) referenced from startup_stm32f427x.o(RESET)
 <LI><a href="#[71]">DMA2_Stream5_IRQHandler</a> from startup_stm32f427x.o(.text) referenced from startup_stm32f427x.o(RESET)
 <LI><a href="#[72]">DMA2_Stream6_IRQHandler</a> from startup_stm32f427x.o(.text) referenced from startup_stm32f427x.o(RESET)
 <LI><a href="#[73]">DMA2_Stream7_IRQHandler</a> from startup_stm32f427x.o(.text) referenced from startup_stm32f427x.o(RESET)
 <LI><a href="#[2a]">DebugMon_Handler</a> from stm32f4xx_it.o(i.DebugMon_Handler) referenced from startup_stm32f427x.o(RESET)
 <LI><a href="#[6a]">ETH_IRQHandler</a> from startup_stm32f427x.o(.text) referenced from startup_stm32f427x.o(RESET)
 <LI><a href="#[6b]">ETH_WKUP_IRQHandler</a> from startup_stm32f427x.o(.text) referenced from startup_stm32f427x.o(RESET)
 <LI><a href="#[33]">EXTI0_IRQHandler</a> from startup_stm32f427x.o(.text) referenced from startup_stm32f427x.o(RESET)
 <LI><a href="#[55]">EXTI15_10_IRQHandler</a> from startup_stm32f427x.o(.text) referenced from startup_stm32f427x.o(RESET)
 <LI><a href="#[34]">EXTI1_IRQHandler</a> from startup_stm32f427x.o(.text) referenced from startup_stm32f427x.o(RESET)
 <LI><a href="#[35]">EXTI2_IRQHandler</a> from startup_stm32f427x.o(.text) referenced from startup_stm32f427x.o(RESET)
 <LI><a href="#[36]">EXTI3_IRQHandler</a> from startup_stm32f427x.o(.text) referenced from startup_stm32f427x.o(RESET)
 <LI><a href="#[37]">EXTI4_IRQHandler</a> from startup_stm32f427x.o(.text) referenced from startup_stm32f427x.o(RESET)
 <LI><a href="#[44]">EXTI9_5_IRQHandler</a> from startup_stm32f427x.o(.text) referenced from startup_stm32f427x.o(RESET)
 <LI><a href="#[31]">FLASH_IRQHandler</a> from startup_stm32f427x.o(.text) referenced from startup_stm32f427x.o(RESET)
 <LI><a href="#[5d]">FMC_IRQHandler</a> from startup_stm32f427x.o(.text) referenced from startup_stm32f427x.o(RESET)
 <LI><a href="#[7e]">FPU_IRQHandler</a> from startup_stm32f427x.o(.text) referenced from startup_stm32f427x.o(RESET)
 <LI><a href="#[7d]">HASH_RNG_IRQHandler</a> from startup_stm32f427x.o(.text) referenced from startup_stm32f427x.o(RESET)
 <LI><a href="#[25]">HardFault_Handler</a> from stm32f4xx_it.o(i.HardFault_Handler) referenced from startup_stm32f427x.o(RESET)
 <LI><a href="#[4d]">I2C1_ER_IRQHandler</a> from startup_stm32f427x.o(.text) referenced from startup_stm32f427x.o(RESET)
 <LI><a href="#[4c]">I2C1_EV_IRQHandler</a> from startup_stm32f427x.o(.text) referenced from startup_stm32f427x.o(RESET)
 <LI><a href="#[4f]">I2C2_ER_IRQHandler</a> from startup_stm32f427x.o(.text) referenced from startup_stm32f427x.o(RESET)
 <LI><a href="#[4e]">I2C2_EV_IRQHandler</a> from startup_stm32f427x.o(.text) referenced from startup_stm32f427x.o(RESET)
 <LI><a href="#[76]">I2C3_ER_IRQHandler</a> from startup_stm32f427x.o(.text) referenced from startup_stm32f427x.o(RESET)
 <LI><a href="#[75]">I2C3_EV_IRQHandler</a> from startup_stm32f427x.o(.text) referenced from startup_stm32f427x.o(RESET)
 <LI><a href="#[26]">MemManage_Handler</a> from stm32f4xx_it.o(i.MemManage_Handler) referenced from startup_stm32f427x.o(RESET)
 <LI><a href="#[24]">NMI_Handler</a> from stm32f4xx_it.o(i.NMI_Handler) referenced from startup_stm32f427x.o(RESET)
 <LI><a href="#[88]">OSTaskSwHook</a> from os_cpu_c.o(i.OSTaskSwHook) referenced from os_cpu_a.o(.text)
 <LI><a href="#[8f]">OSTmr_Task</a> from os_tmr.o(i.OSTmr_Task) referenced from os_tmr.o(i.OSTmr_InitTask)
 <LI><a href="#[90]">OS_TaskIdle</a> from os_core.o(i.OS_TaskIdle) referenced from os_core.o(i.OS_InitTaskIdle)
 <LI><a href="#[8e]">OS_TaskReturn</a> from os_task.o(i.OS_TaskReturn) referenced from os_cpu_c.o(i.OSTaskStkInit)
 <LI><a href="#[91]">OS_TaskStat</a> from os_core.o(i.OS_TaskStat) referenced from os_core.o(i.OS_InitTaskStat)
 <LI><a href="#[70]">OTG_FS_IRQHandler</a> from usbh_usr.o(i.OTG_FS_IRQHandler) referenced from startup_stm32f427x.o(RESET)
 <LI><a href="#[57]">OTG_FS_WKUP_IRQHandler</a> from startup_stm32f427x.o(.text) referenced from startup_stm32f427x.o(RESET)
 <LI><a href="#[78]">OTG_HS_EP1_IN_IRQHandler</a> from startup_stm32f427x.o(.text) referenced from startup_stm32f427x.o(RESET)
 <LI><a href="#[77]">OTG_HS_EP1_OUT_IRQHandler</a> from startup_stm32f427x.o(.text) referenced from startup_stm32f427x.o(RESET)
 <LI><a href="#[7a]">OTG_HS_IRQHandler</a> from startup_stm32f427x.o(.text) referenced from startup_stm32f427x.o(RESET)
 <LI><a href="#[79]">OTG_HS_WKUP_IRQHandler</a> from startup_stm32f427x.o(.text) referenced from startup_stm32f427x.o(RESET)
 <LI><a href="#[2e]">PVD_IRQHandler</a> from startup_stm32f427x.o(.text) referenced from startup_stm32f427x.o(RESET)
 <LI><a href="#[2b]">PendSV_Handler</a> from os_cpu_a.o(.text) referenced from startup_stm32f427x.o(RESET)
 <LI><a href="#[20]">RCC_AHB1PeriphClockCmd</a> from stm32f4xx_rcc.o(i.RCC_AHB1PeriphClockCmd) referenced 668 times from iic.o(.data)
 <LI><a href="#[1f]">RCC_APB1PeriphClockCmd</a> from stm32f4xx_rcc.o(i.RCC_APB1PeriphClockCmd) referenced 176 times from iic.o(.data)
 <LI><a href="#[21]">RCC_APB1PeriphResetCmd</a> from stm32f4xx_rcc.o(i.RCC_APB1PeriphResetCmd) referenced 20 times from iic.o(.data)
 <LI><a href="#[22]">RCC_APB2PeriphClockCmd</a> from stm32f4xx_rcc.o(i.RCC_APB2PeriphClockCmd) referenced 112 times from uart.o(.data)
 <LI><a href="#[32]">RCC_IRQHandler</a> from startup_stm32f427x.o(.text) referenced from startup_stm32f427x.o(RESET)
 <LI><a href="#[56]">RTC_Alarm_IRQHandler</a> from startup_stm32f427x.o(.text) referenced from startup_stm32f427x.o(RESET)
 <LI><a href="#[30]">RTC_WKUP_IRQHandler</a> from startup_stm32f427x.o(.text) referenced from startup_stm32f427x.o(RESET)
 <LI><a href="#[23]">Reset_Handler</a> from startup_stm32f427x.o(.text) referenced from startup_stm32f427x.o(RESET)
 <LI><a href="#[84]">SAI1_IRQHandler</a> from startup_stm32f427x.o(.text) referenced from startup_stm32f427x.o(RESET)
 <LI><a href="#[5e]">SDIO_IRQHandler</a> from startup_stm32f427x.o(.text) referenced from startup_stm32f427x.o(RESET)
 <LI><a href="#[50]">SPI1_IRQHandler</a> from startup_stm32f427x.o(.text) referenced from startup_stm32f427x.o(RESET)
 <LI><a href="#[51]">SPI2_IRQHandler</a> from startup_stm32f427x.o(.text) referenced from startup_stm32f427x.o(RESET)
 <LI><a href="#[60]">SPI3_IRQHandler</a> from startup_stm32f427x.o(.text) referenced from startup_stm32f427x.o(RESET)
 <LI><a href="#[81]">SPI4_IRQHandler</a> from startup_stm32f427x.o(.text) referenced from startup_stm32f427x.o(RESET)
 <LI><a href="#[82]">SPI5_IRQHandler</a> from startup_stm32f427x.o(.text) referenced from startup_stm32f427x.o(RESET)
 <LI><a href="#[83]">SPI6_IRQHandler</a> from startup_stm32f427x.o(.text) referenced from startup_stm32f427x.o(RESET)
 <LI><a href="#[29]">SVC_Handler</a> from stm32f4xx_it.o(i.SVC_Handler) referenced from startup_stm32f427x.o(RESET)
 <LI><a href="#[2c]">SysTick_Handler</a> from times.o(i.SysTick_Handler) referenced from startup_stm32f427x.o(RESET)
 <LI><a href="#[86]">SystemInit</a> from system_stm32f4xx.o(i.SystemInit) referenced from startup_stm32f427x.o(.text)
 <LI><a href="#[2f]">TAMP_STAMP_IRQHandler</a> from startup_stm32f427x.o(.text) referenced from startup_stm32f427x.o(RESET)
 <LI><a href="#[45]">TIM1_BRK_TIM9_IRQHandler</a> from startup_stm32f427x.o(.text) referenced from startup_stm32f427x.o(RESET)
 <LI><a href="#[48]">TIM1_CC_IRQHandler</a> from startup_stm32f427x.o(.text) referenced from startup_stm32f427x.o(RESET)
 <LI><a href="#[47]">TIM1_TRG_COM_TIM11_IRQHandler</a> from startup_stm32f427x.o(.text) referenced from startup_stm32f427x.o(RESET)
 <LI><a href="#[46]">TIM1_UP_TIM10_IRQHandler</a> from startup_stm32f427x.o(.text) referenced from startup_stm32f427x.o(RESET)
 <LI><a href="#[49]">TIM2_IRQHandler</a> from startup_stm32f427x.o(.text) referenced from startup_stm32f427x.o(RESET)
 <LI><a href="#[4a]">TIM3_IRQHandler</a> from startup_stm32f427x.o(.text) referenced from startup_stm32f427x.o(RESET)
 <LI><a href="#[4b]">TIM4_IRQHandler</a> from startup_stm32f427x.o(.text) referenced from startup_stm32f427x.o(RESET)
 <LI><a href="#[5f]">TIM5_IRQHandler</a> from startup_stm32f427x.o(.text) referenced from startup_stm32f427x.o(RESET)
 <LI><a href="#[63]">TIM6_DAC_IRQHandler</a> from startup_stm32f427x.o(.text) referenced from startup_stm32f427x.o(RESET)
 <LI><a href="#[64]">TIM7_IRQHandler</a> from startup_stm32f427x.o(.text) referenced from startup_stm32f427x.o(RESET)
 <LI><a href="#[58]">TIM8_BRK_TIM12_IRQHandler</a> from startup_stm32f427x.o(.text) referenced from startup_stm32f427x.o(RESET)
 <LI><a href="#[5b]">TIM8_CC_IRQHandler</a> from startup_stm32f427x.o(.text) referenced from startup_stm32f427x.o(RESET)
 <LI><a href="#[5a]">TIM8_TRG_COM_TIM14_IRQHandler</a> from startup_stm32f427x.o(.text) referenced from startup_stm32f427x.o(RESET)
 <LI><a href="#[59]">TIM8_UP_TIM13_IRQHandler</a> from startup_stm32f427x.o(.text) referenced from startup_stm32f427x.o(RESET)
 <LI><a href="#[61]">UART4_IRQHandler</a> from esp32.o(i.UART4_IRQHandler) referenced from startup_stm32f427x.o(RESET)
 <LI><a href="#[62]">UART5_IRQHandler</a> from startup_stm32f427x.o(.text) referenced from startup_stm32f427x.o(RESET)
 <LI><a href="#[7f]">UART7_IRQHandler</a> from startup_stm32f427x.o(.text) referenced from startup_stm32f427x.o(RESET)
 <LI><a href="#[80]">UART8_IRQHandler</a> from rtk_base.o(i.UART8_IRQHandler) referenced from startup_stm32f427x.o(RESET)
 <LI><a href="#[52]">USART1_IRQHandler</a> from socket.o(i.USART1_IRQHandler) referenced from startup_stm32f427x.o(RESET)
 <LI><a href="#[53]">USART2_IRQHandler</a> from startup_stm32f427x.o(.text) referenced from startup_stm32f427x.o(RESET)
 <LI><a href="#[54]">USART3_IRQHandler</a> from rtk_base.o(i.USART3_IRQHandler) referenced from startup_stm32f427x.o(RESET)
 <LI><a href="#[74]">USART6_IRQHandler</a> from startup_stm32f427x.o(.text) referenced from startup_stm32f427x.o(RESET)
 <LI><a href="#[1b]">USBH_Connected</a> from usbh_core.o(i.USBH_Connected) referenced 2 times from usbh_core.o(.data)
 <LI><a href="#[1c]">USBH_Disconnected</a> from usbh_core.o(i.USBH_Disconnected) referenced 2 times from usbh_core.o(.data)
 <LI><a href="#[18]">USBH_MSC_ClassRequest</a> from usbh_msc_core.o(i.USBH_MSC_ClassRequest) referenced 2 times from usbh_msc_core.o(.data)
 <LI><a href="#[19]">USBH_MSC_Handle</a> from usbh_msc_core.o(i.USBH_MSC_Handle) referenced 2 times from usbh_msc_core.o(.data)
 <LI><a href="#[17]">USBH_MSC_InterfaceDeInit</a> from usbh_msc_core.o(i.USBH_MSC_InterfaceDeInit) referenced 2 times from usbh_msc_core.o(.data)
 <LI><a href="#[16]">USBH_MSC_InterfaceInit</a> from usbh_msc_core.o(i.USBH_MSC_InterfaceInit) referenced 2 times from usbh_msc_core.o(.data)
 <LI><a href="#[1e]">USBH_PortDisabled</a> from usbh_core.o(i.USBH_PortDisabled) referenced 2 times from usbh_core.o(.data)
 <LI><a href="#[1d]">USBH_PortEnabled</a> from usbh_core.o(i.USBH_PortEnabled) referenced 2 times from usbh_core.o(.data)
 <LI><a href="#[1a]">USBH_SOF</a> from usbh_core.o(i.USBH_SOF) referenced 2 times from usbh_core.o(.data)
 <LI><a href="#[d]">USBH_USR_Configuration_DescAvailable</a> from usbh_usr.o(i.USBH_USR_Configuration_DescAvailable) referenced 2 times from usbh_usr.o(.data)
 <LI><a href="#[5]">USBH_USR_DeInit</a> from usbh_usr.o(i.USBH_USR_DeInit) referenced 2 times from usbh_usr.o(.data)
 <LI><a href="#[c]">USBH_USR_DeviceAddressAssigned</a> from usbh_usr.o(i.USBH_USR_DeviceAddressAssigned) referenced 2 times from usbh_usr.o(.data)
 <LI><a href="#[6]">USBH_USR_DeviceAttached</a> from usbh_usr.o(i.USBH_USR_DeviceAttached) referenced 2 times from usbh_usr.o(.data)
 <LI><a href="#[8]">USBH_USR_DeviceDisconnected</a> from usbh_usr.o(i.USBH_USR_DeviceDisconnected) referenced 2 times from usbh_usr.o(.data)
 <LI><a href="#[14]">USBH_USR_DeviceNotSupported</a> from usbh_usr.o(i.USBH_USR_DeviceNotSupported) referenced 2 times from usbh_usr.o(.data)
 <LI><a href="#[a]">USBH_USR_DeviceSpeedDetected</a> from usbh_usr.o(i.USBH_USR_DeviceSpeedDetected) referenced 2 times from usbh_usr.o(.data)
 <LI><a href="#[b]">USBH_USR_Device_DescAvailable</a> from usbh_usr.o(i.USBH_USR_Device_DescAvailable) referenced 2 times from usbh_usr.o(.data)
 <LI><a href="#[11]">USBH_USR_EnumerationDone</a> from usbh_usr.o(i.USBH_USR_EnumerationDone) referenced 2 times from usbh_usr.o(.data)
 <LI><a href="#[4]">USBH_USR_Init</a> from usbh_usr.o(i.USBH_USR_Init) referenced 2 times from usbh_usr.o(.data)
 <LI><a href="#[13]">USBH_USR_MSC_Application</a> from usbh_usr.o(i.USBH_USR_MSC_Application) referenced 2 times from usbh_usr.o(.data)
 <LI><a href="#[e]">USBH_USR_Manufacturer_String</a> from usbh_usr.o(i.USBH_USR_Manufacturer_String) referenced 2 times from usbh_usr.o(.data)
 <LI><a href="#[9]">USBH_USR_OverCurrentDetected</a> from usbh_usr.o(i.USBH_USR_OverCurrentDetected) referenced 2 times from usbh_usr.o(.data)
 <LI><a href="#[f]">USBH_USR_Product_String</a> from usbh_usr.o(i.USBH_USR_Product_String) referenced 2 times from usbh_usr.o(.data)
 <LI><a href="#[7]">USBH_USR_ResetDevice</a> from usbh_usr.o(i.USBH_USR_ResetDevice) referenced 2 times from usbh_usr.o(.data)
 <LI><a href="#[10]">USBH_USR_SerialNum_String</a> from usbh_usr.o(i.USBH_USR_SerialNum_String) referenced 2 times from usbh_usr.o(.data)
 <LI><a href="#[15]">USBH_USR_UnrecoveredError</a> from usbh_usr.o(i.USBH_USR_UnrecoveredError) referenced 2 times from usbh_usr.o(.data)
 <LI><a href="#[12]">USBH_USR_UserInput</a> from usbh_usr.o(i.USBH_USR_UserInput) referenced 2 times from usbh_usr.o(.data)
 <LI><a href="#[28]">UsageFault_Handler</a> from stm32f4xx_it.o(i.UsageFault_Handler) referenced from startup_stm32f427x.o(RESET)
 <LI><a href="#[2d]">WWDG_IRQHandler</a> from startup_stm32f427x.o(.text) referenced from startup_stm32f427x.o(RESET)
 <LI><a href="#[9b]">__main</a> from __main.o(!!!main) referenced from startup_stm32f427x.o(.text)
 <LI><a href="#[8d]">_get_lc_ctype</a> from lc_ctype_c.o(locale$$code) referenced from rt_ctype_table.o(.text)
 <LI><a href="#[8b]">_printf_input_char</a> from _printf_char_common.o(.text) referenced from _printf_char_common.o(.text)
 <LI><a href="#[8a]">_snputc</a> from _snputc.o(.text) referenced from noretval__2snprintf.o(.text)
 <LI><a href="#[89]">_sputc</a> from _sputc.o(.text) referenced from noretval__2sprintf.o(.text)
 <LI><a href="#[99]">esp_date_task</a> from main.o(i.esp_date_task) referenced from main.o(i.start_task)
 <LI><a href="#[8c]">fputc</a> from uart.o(i.fputc) referenced from _printf_char_file.o(.text)
 <LI><a href="#[96]">key_task</a> from main.o(i.key_task) referenced from main.o(i.start_task)
 <LI><a href="#[95]">led_task</a> from main.o(i.led_task) referenced from main.o(i.start_task)
 <LI><a href="#[97]">oem_rtcm_task</a> from main.o(i.oem_rtcm_task) referenced from main.o(i.start_task)
 <LI><a href="#[93]">qxwz_ntrip_on_data_received</a> from ntrip.o(i.qxwz_ntrip_on_data_received) referenced from ntrip.o(i.qxwz_ntrip_connect)
 <LI><a href="#[9a]">rtcm_task</a> from main.o(i.rtcm_task) referenced from main.o(i.start_task)
 <LI><a href="#[98]">rtk_date_task</a> from main.o(i.rtk_date_task) referenced from main.o(i.start_task)
 <LI><a href="#[92]">start_task</a> from main.o(i.start_task) referenced from main.o(i.main)
 <LI><a href="#[94]">tickit_task</a> from main.o(i.tickit_task) referenced from main.o(i.start_task)
</UL>
<P>
<H3>
Global Symbols
</H3>
<P><STRONG><a name="[9b]"></a>__main</STRONG> (Thumb, 8 bytes, Stack size 0 bytes, __main.o(!!!main))
<BR><BR>[Calls]<UL><LI><a href="#[9c]">&gt;&gt;</a>&nbsp;&nbsp;&nbsp;__scatterload
<LI><a href="#[9d]">&gt;&gt;</a>&nbsp;&nbsp;&nbsp;__rt_entry
</UL>

<P><STRONG><a name="[9c]"></a>__scatterload</STRONG> (Thumb, 0 bytes, Stack size unknown bytes, __scatter.o(!!!scatter))
<BR><BR>[Called By]<UL><LI><a href="#[9b]">&gt;&gt;</a>&nbsp;&nbsp;&nbsp;__main
</UL>

<P><STRONG><a name="[9e]"></a>__scatterload_rt2</STRONG> (Thumb, 44 bytes, Stack size unknown bytes, __scatter.o(!!!scatter), UNUSED)
<BR><BR>[Calls]<UL><LI><a href="#[9d]">&gt;&gt;</a>&nbsp;&nbsp;&nbsp;__rt_entry
</UL>

<P><STRONG><a name="[237]"></a>__scatterload_rt2_thumb_only</STRONG> (Thumb, 0 bytes, Stack size unknown bytes, __scatter.o(!!!scatter), UNUSED)

<P><STRONG><a name="[238]"></a>__scatterload_null</STRONG> (Thumb, 0 bytes, Stack size unknown bytes, __scatter.o(!!!scatter), UNUSED)

<P><STRONG><a name="[239]"></a>__decompress</STRONG> (Thumb, 100 bytes, Stack size unknown bytes, __dclz77c.o(!!dclz77c), UNUSED)

<P><STRONG><a name="[23a]"></a>__decompress2</STRONG> (Thumb, 0 bytes, Stack size unknown bytes, __dclz77c.o(!!dclz77c), UNUSED)

<P><STRONG><a name="[23b]"></a>__scatterload_zeroinit</STRONG> (Thumb, 28 bytes, Stack size unknown bytes, __scatter_zi.o(!!handler_zi), UNUSED)

<P><STRONG><a name="[9f]"></a>_printf_d</STRONG> (Thumb, 0 bytes, Stack size unknown bytes, _printf_d.o(.ARM.Collect$$_printf_percent$$00000009))
<BR><BR>[Stack]<UL><LI>Max Depth = 72 + Unknown Stack Size
<LI>Call Chain = _printf_d &rArr; _printf_int_dec &rArr; _printf_int_common &rArr; _printf_post_padding
</UL>
<BR>[Calls]<UL><LI><a href="#[a0]">&gt;&gt;</a>&nbsp;&nbsp;&nbsp;_printf_int_dec
</UL>

<P><STRONG><a name="[c1]"></a>_printf_percent</STRONG> (Thumb, 0 bytes, Stack size unknown bytes, _printf_percent.o(.ARM.Collect$$_printf_percent$$00000000))
<BR><BR>[Called By]<UL><LI><a href="#[bf]">&gt;&gt;</a>&nbsp;&nbsp;&nbsp;__printf
</UL>

<P><STRONG><a name="[a1]"></a>_printf_u</STRONG> (Thumb, 0 bytes, Stack size unknown bytes, _printf_u.o(.ARM.Collect$$_printf_percent$$0000000A))
<BR><BR>[Stack]<UL><LI>Max Depth = 72 + Unknown Stack Size
<LI>Call Chain = _printf_u &rArr; _printf_int_dec &rArr; _printf_int_common &rArr; _printf_post_padding
</UL>
<BR>[Calls]<UL><LI><a href="#[a0]">&gt;&gt;</a>&nbsp;&nbsp;&nbsp;_printf_int_dec
</UL>

<P><STRONG><a name="[a2]"></a>_printf_x</STRONG> (Thumb, 0 bytes, Stack size unknown bytes, _printf_x.o(.ARM.Collect$$_printf_percent$$0000000C))
<BR><BR>[Stack]<UL><LI>Max Depth = 64 + Unknown Stack Size
<LI>Call Chain = _printf_x &rArr; _printf_int_hex &rArr; _printf_int_common &rArr; _printf_post_padding
</UL>
<BR>[Calls]<UL><LI><a href="#[a3]">&gt;&gt;</a>&nbsp;&nbsp;&nbsp;_printf_int_hex
</UL>

<P><STRONG><a name="[a4]"></a>_printf_s</STRONG> (Thumb, 0 bytes, Stack size unknown bytes, _printf_s.o(.ARM.Collect$$_printf_percent$$00000014))
<BR><BR>[Stack]<UL><LI>Max Depth = 40 + Unknown Stack Size
<LI>Call Chain = _printf_s &rArr; _printf_string &rArr; _printf_cs_common &rArr; _printf_str &rArr; _printf_post_padding
</UL>
<BR>[Calls]<UL><LI><a href="#[a5]">&gt;&gt;</a>&nbsp;&nbsp;&nbsp;_printf_string
</UL>

<P><STRONG><a name="[23c]"></a>_printf_percent_end</STRONG> (Thumb, 0 bytes, Stack size unknown bytes, _printf_percent_end.o(.ARM.Collect$$_printf_percent$$00000017))

<P><STRONG><a name="[ae]"></a>__rt_lib_init</STRONG> (Thumb, 0 bytes, Stack size unknown bytes, libinit.o(.ARM.Collect$$libinit$$00000000))
<BR><BR>[Called By]<UL><LI><a href="#[ad]">&gt;&gt;</a>&nbsp;&nbsp;&nbsp;__rt_entry_li
</UL>

<P><STRONG><a name="[a6]"></a>__rt_lib_init_fp_1</STRONG> (Thumb, 0 bytes, Stack size unknown bytes, libinit2.o(.ARM.Collect$$libinit$$00000001))
<BR><BR>[Calls]<UL><LI><a href="#[a7]">&gt;&gt;</a>&nbsp;&nbsp;&nbsp;_fp_init
</UL>

<P><STRONG><a name="[23d]"></a>__rt_lib_init_heap_1</STRONG> (Thumb, 0 bytes, Stack size unknown bytes, libinit2.o(.ARM.Collect$$libinit$$0000000A))

<P><STRONG><a name="[a8]"></a>__rt_lib_init_lc_common</STRONG> (Thumb, 0 bytes, Stack size unknown bytes, libinit2.o(.ARM.Collect$$libinit$$0000000F))
<BR><BR>[Calls]<UL><LI><a href="#[a9]">&gt;&gt;</a>&nbsp;&nbsp;&nbsp;__rt_locale
</UL>

<P><STRONG><a name="[23e]"></a>__rt_lib_init_preinit_1</STRONG> (Thumb, 0 bytes, Stack size unknown bytes, libinit2.o(.ARM.Collect$$libinit$$00000004))

<P><STRONG><a name="[23f]"></a>__rt_lib_init_rand_1</STRONG> (Thumb, 0 bytes, Stack size unknown bytes, libinit2.o(.ARM.Collect$$libinit$$0000000E))

<P><STRONG><a name="[240]"></a>__rt_lib_init_user_alloc_1</STRONG> (Thumb, 0 bytes, Stack size unknown bytes, libinit2.o(.ARM.Collect$$libinit$$0000000C))

<P><STRONG><a name="[241]"></a>__rt_lib_init_lc_collate_1</STRONG> (Thumb, 0 bytes, Stack size unknown bytes, libinit2.o(.ARM.Collect$$libinit$$00000011))

<P><STRONG><a name="[aa]"></a>__rt_lib_init_lc_ctype_2</STRONG> (Thumb, 0 bytes, Stack size unknown bytes, libinit2.o(.ARM.Collect$$libinit$$00000012))
<BR><BR>[Stack]<UL><LI>Max Depth = 8 + Unknown Stack Size
<LI>Call Chain = __rt_lib_init_lc_ctype_2 &rArr; _get_lc_ctype
</UL>
<BR>[Calls]<UL><LI><a href="#[8d]">&gt;&gt;</a>&nbsp;&nbsp;&nbsp;_get_lc_ctype
</UL>

<P><STRONG><a name="[242]"></a>__rt_lib_init_alloca_1</STRONG> (Thumb, 0 bytes, Stack size unknown bytes, libinit2.o(.ARM.Collect$$libinit$$0000002E))

<P><STRONG><a name="[243]"></a>__rt_lib_init_argv_1</STRONG> (Thumb, 0 bytes, Stack size unknown bytes, libinit2.o(.ARM.Collect$$libinit$$0000002C))

<P><STRONG><a name="[244]"></a>__rt_lib_init_atexit_1</STRONG> (Thumb, 0 bytes, Stack size unknown bytes, libinit2.o(.ARM.Collect$$libinit$$0000001B))

<P><STRONG><a name="[245]"></a>__rt_lib_init_clock_1</STRONG> (Thumb, 0 bytes, Stack size unknown bytes, libinit2.o(.ARM.Collect$$libinit$$00000021))

<P><STRONG><a name="[246]"></a>__rt_lib_init_cpp_1</STRONG> (Thumb, 0 bytes, Stack size unknown bytes, libinit2.o(.ARM.Collect$$libinit$$00000032))

<P><STRONG><a name="[247]"></a>__rt_lib_init_exceptions_1</STRONG> (Thumb, 0 bytes, Stack size unknown bytes, libinit2.o(.ARM.Collect$$libinit$$00000030))

<P><STRONG><a name="[248]"></a>__rt_lib_init_fp_trap_1</STRONG> (Thumb, 0 bytes, Stack size unknown bytes, libinit2.o(.ARM.Collect$$libinit$$0000001F))

<P><STRONG><a name="[249]"></a>__rt_lib_init_getenv_1</STRONG> (Thumb, 0 bytes, Stack size unknown bytes, libinit2.o(.ARM.Collect$$libinit$$00000023))

<P><STRONG><a name="[24a]"></a>__rt_lib_init_lc_ctype_1</STRONG> (Thumb, 0 bytes, Stack size unknown bytes, libinit2.o(.ARM.Collect$$libinit$$00000013))

<P><STRONG><a name="[24b]"></a>__rt_lib_init_lc_monetary_1</STRONG> (Thumb, 0 bytes, Stack size unknown bytes, libinit2.o(.ARM.Collect$$libinit$$00000015))

<P><STRONG><a name="[24c]"></a>__rt_lib_init_lc_numeric_1</STRONG> (Thumb, 0 bytes, Stack size unknown bytes, libinit2.o(.ARM.Collect$$libinit$$00000017))

<P><STRONG><a name="[24d]"></a>__rt_lib_init_lc_time_1</STRONG> (Thumb, 0 bytes, Stack size unknown bytes, libinit2.o(.ARM.Collect$$libinit$$00000019))

<P><STRONG><a name="[24e]"></a>__rt_lib_init_return</STRONG> (Thumb, 0 bytes, Stack size unknown bytes, libinit2.o(.ARM.Collect$$libinit$$00000033))

<P><STRONG><a name="[24f]"></a>__rt_lib_init_signal_1</STRONG> (Thumb, 0 bytes, Stack size unknown bytes, libinit2.o(.ARM.Collect$$libinit$$0000001D))

<P><STRONG><a name="[250]"></a>__rt_lib_init_stdio_1</STRONG> (Thumb, 0 bytes, Stack size unknown bytes, libinit2.o(.ARM.Collect$$libinit$$00000025))

<P><STRONG><a name="[b3]"></a>__rt_lib_shutdown</STRONG> (Thumb, 0 bytes, Stack size unknown bytes, libshutdown.o(.ARM.Collect$$libshutdown$$00000000))
<BR><BR>[Called By]<UL><LI><a href="#[b2]">&gt;&gt;</a>&nbsp;&nbsp;&nbsp;__rt_exit_ls
</UL>

<P><STRONG><a name="[251]"></a>__rt_lib_shutdown_cpp_1</STRONG> (Thumb, 0 bytes, Stack size unknown bytes, libshutdown2.o(.ARM.Collect$$libshutdown$$00000002))

<P><STRONG><a name="[252]"></a>__rt_lib_shutdown_fp_trap_1</STRONG> (Thumb, 0 bytes, Stack size unknown bytes, libshutdown2.o(.ARM.Collect$$libshutdown$$00000007))

<P><STRONG><a name="[253]"></a>__rt_lib_shutdown_heap_1</STRONG> (Thumb, 0 bytes, Stack size unknown bytes, libshutdown2.o(.ARM.Collect$$libshutdown$$0000000F))

<P><STRONG><a name="[254]"></a>__rt_lib_shutdown_return</STRONG> (Thumb, 0 bytes, Stack size unknown bytes, libshutdown2.o(.ARM.Collect$$libshutdown$$00000010))

<P><STRONG><a name="[255]"></a>__rt_lib_shutdown_signal_1</STRONG> (Thumb, 0 bytes, Stack size unknown bytes, libshutdown2.o(.ARM.Collect$$libshutdown$$0000000A))

<P><STRONG><a name="[256]"></a>__rt_lib_shutdown_stdio_1</STRONG> (Thumb, 0 bytes, Stack size unknown bytes, libshutdown2.o(.ARM.Collect$$libshutdown$$00000004))

<P><STRONG><a name="[257]"></a>__rt_lib_shutdown_user_alloc_1</STRONG> (Thumb, 0 bytes, Stack size unknown bytes, libshutdown2.o(.ARM.Collect$$libshutdown$$0000000C))

<P><STRONG><a name="[9d]"></a>__rt_entry</STRONG> (Thumb, 0 bytes, Stack size unknown bytes, __rtentry.o(.ARM.Collect$$rtentry$$00000000))
<BR><BR>[Called By]<UL><LI><a href="#[9e]">&gt;&gt;</a>&nbsp;&nbsp;&nbsp;__scatterload_rt2
<LI><a href="#[9b]">&gt;&gt;</a>&nbsp;&nbsp;&nbsp;__main
</UL>

<P><STRONG><a name="[258]"></a>__rt_entry_presh_1</STRONG> (Thumb, 0 bytes, Stack size unknown bytes, __rtentry2.o(.ARM.Collect$$rtentry$$00000002))

<P><STRONG><a name="[ab]"></a>__rt_entry_sh</STRONG> (Thumb, 0 bytes, Stack size unknown bytes, __rtentry4.o(.ARM.Collect$$rtentry$$00000004))
<BR><BR>[Stack]<UL><LI>Max Depth = 8 + Unknown Stack Size
<LI>Call Chain = __rt_entry_sh &rArr; __user_setup_stackheap
</UL>
<BR>[Calls]<UL><LI><a href="#[ac]">&gt;&gt;</a>&nbsp;&nbsp;&nbsp;__user_setup_stackheap
</UL>

<P><STRONG><a name="[ad]"></a>__rt_entry_li</STRONG> (Thumb, 0 bytes, Stack size unknown bytes, __rtentry2.o(.ARM.Collect$$rtentry$$0000000A))
<BR><BR>[Calls]<UL><LI><a href="#[ae]">&gt;&gt;</a>&nbsp;&nbsp;&nbsp;__rt_lib_init
</UL>

<P><STRONG><a name="[259]"></a>__rt_entry_postsh_1</STRONG> (Thumb, 0 bytes, Stack size unknown bytes, __rtentry2.o(.ARM.Collect$$rtentry$$00000009))

<P><STRONG><a name="[af]"></a>__rt_entry_main</STRONG> (Thumb, 0 bytes, Stack size unknown bytes, __rtentry2.o(.ARM.Collect$$rtentry$$0000000D))
<BR><BR>[Stack]<UL><LI>Max Depth = 396 + Unknown Stack Size
<LI>Call Chain = __rt_entry_main &rArr; main &rArr; f_mount &rArr; find_volume &rArr; check_fs &rArr; move_window &rArr; sync_window &rArr; disk_write &rArr; USBH_UDISK_Write &rArr; USBH_MSC_HandleBOTXfer &rArr; USBH_BulkSendData &rArr; HCD_SubmitRequest &rArr; USB_OTG_HC_StartXfer &rArr; USB_OTG_WritePacket
</UL>
<BR>[Calls]<UL><LI><a href="#[b1]">&gt;&gt;</a>&nbsp;&nbsp;&nbsp;exit
<LI><a href="#[b0]">&gt;&gt;</a>&nbsp;&nbsp;&nbsp;main
</UL>

<P><STRONG><a name="[25a]"></a>__rt_entry_postli_1</STRONG> (Thumb, 0 bytes, Stack size unknown bytes, __rtentry2.o(.ARM.Collect$$rtentry$$0000000C))

<P><STRONG><a name="[d3]"></a>__rt_exit</STRONG> (Thumb, 0 bytes, Stack size unknown bytes, rtexit.o(.ARM.Collect$$rtexit$$00000000))
<BR><BR>[Called By]<UL><LI><a href="#[b1]">&gt;&gt;</a>&nbsp;&nbsp;&nbsp;exit
</UL>

<P><STRONG><a name="[b2]"></a>__rt_exit_ls</STRONG> (Thumb, 0 bytes, Stack size unknown bytes, rtexit2.o(.ARM.Collect$$rtexit$$00000003))
<BR><BR>[Calls]<UL><LI><a href="#[b3]">&gt;&gt;</a>&nbsp;&nbsp;&nbsp;__rt_lib_shutdown
</UL>

<P><STRONG><a name="[25b]"></a>__rt_exit_prels_1</STRONG> (Thumb, 0 bytes, Stack size unknown bytes, rtexit2.o(.ARM.Collect$$rtexit$$00000002))

<P><STRONG><a name="[b4]"></a>__rt_exit_exit</STRONG> (Thumb, 0 bytes, Stack size unknown bytes, rtexit2.o(.ARM.Collect$$rtexit$$00000004))
<BR><BR>[Calls]<UL><LI><a href="#[b5]">&gt;&gt;</a>&nbsp;&nbsp;&nbsp;_sys_exit
</UL>

<P><STRONG><a name="[23]"></a>Reset_Handler</STRONG> (Thumb, 8 bytes, Stack size 0 bytes, startup_stm32f427x.o(.text))
<BR>[Address Reference Count : 1]<UL><LI> startup_stm32f427x.o(RESET)
</UL>
<P><STRONG><a name="[3f]"></a>ADC_IRQHandler</STRONG> (Thumb, 0 bytes, Stack size 0 bytes, startup_stm32f427x.o(.text))
<BR><BR>[Calls]<UL><LI><a href="#[3f]">&gt;&gt;</a>&nbsp;&nbsp;&nbsp;ADC_IRQHandler
</UL>
<BR>[Called By]<UL><LI><a href="#[3f]">&gt;&gt;</a>&nbsp;&nbsp;&nbsp;ADC_IRQHandler
</UL>
<BR>[Address Reference Count : 1]<UL><LI> startup_stm32f427x.o(RESET)
</UL>
<P><STRONG><a name="[41]"></a>CAN1_RX0_IRQHandler</STRONG> (Thumb, 0 bytes, Stack size 0 bytes, startup_stm32f427x.o(.text))
<BR>[Address Reference Count : 1]<UL><LI> startup_stm32f427x.o(RESET)
</UL>
<P><STRONG><a name="[42]"></a>CAN1_RX1_IRQHandler</STRONG> (Thumb, 0 bytes, Stack size 0 bytes, startup_stm32f427x.o(.text))
<BR>[Address Reference Count : 1]<UL><LI> startup_stm32f427x.o(RESET)
</UL>
<P><STRONG><a name="[43]"></a>CAN1_SCE_IRQHandler</STRONG> (Thumb, 0 bytes, Stack size 0 bytes, startup_stm32f427x.o(.text))
<BR>[Address Reference Count : 1]<UL><LI> startup_stm32f427x.o(RESET)
</UL>
<P><STRONG><a name="[40]"></a>CAN1_TX_IRQHandler</STRONG> (Thumb, 0 bytes, Stack size 0 bytes, startup_stm32f427x.o(.text))
<BR>[Address Reference Count : 1]<UL><LI> startup_stm32f427x.o(RESET)
</UL>
<P><STRONG><a name="[6d]"></a>CAN2_RX0_IRQHandler</STRONG> (Thumb, 0 bytes, Stack size 0 bytes, startup_stm32f427x.o(.text))
<BR>[Address Reference Count : 1]<UL><LI> startup_stm32f427x.o(RESET)
</UL>
<P><STRONG><a name="[6e]"></a>CAN2_RX1_IRQHandler</STRONG> (Thumb, 0 bytes, Stack size 0 bytes, startup_stm32f427x.o(.text))
<BR>[Address Reference Count : 1]<UL><LI> startup_stm32f427x.o(RESET)
</UL>
<P><STRONG><a name="[6f]"></a>CAN2_SCE_IRQHandler</STRONG> (Thumb, 0 bytes, Stack size 0 bytes, startup_stm32f427x.o(.text))
<BR>[Address Reference Count : 1]<UL><LI> startup_stm32f427x.o(RESET)
</UL>
<P><STRONG><a name="[6c]"></a>CAN2_TX_IRQHandler</STRONG> (Thumb, 0 bytes, Stack size 0 bytes, startup_stm32f427x.o(.text))
<BR>[Address Reference Count : 1]<UL><LI> startup_stm32f427x.o(RESET)
</UL>
<P><STRONG><a name="[7c]"></a>CRYP_IRQHandler</STRONG> (Thumb, 0 bytes, Stack size 0 bytes, startup_stm32f427x.o(.text))
<BR>[Address Reference Count : 1]<UL><LI> startup_stm32f427x.o(RESET)
</UL>
<P><STRONG><a name="[7b]"></a>DCMI_IRQHandler</STRONG> (Thumb, 0 bytes, Stack size 0 bytes, startup_stm32f427x.o(.text))
<BR>[Address Reference Count : 1]<UL><LI> startup_stm32f427x.o(RESET)
</UL>
<P><STRONG><a name="[39]"></a>DMA1_Stream1_IRQHandler</STRONG> (Thumb, 0 bytes, Stack size 0 bytes, startup_stm32f427x.o(.text))
<BR>[Address Reference Count : 1]<UL><LI> startup_stm32f427x.o(RESET)
</UL>
<P><STRONG><a name="[3a]"></a>DMA1_Stream2_IRQHandler</STRONG> (Thumb, 0 bytes, Stack size 0 bytes, startup_stm32f427x.o(.text))
<BR>[Address Reference Count : 1]<UL><LI> startup_stm32f427x.o(RESET)
</UL>
<P><STRONG><a name="[3b]"></a>DMA1_Stream3_IRQHandler</STRONG> (Thumb, 0 bytes, Stack size 0 bytes, startup_stm32f427x.o(.text))
<BR>[Address Reference Count : 1]<UL><LI> startup_stm32f427x.o(RESET)
</UL>
<P><STRONG><a name="[3c]"></a>DMA1_Stream4_IRQHandler</STRONG> (Thumb, 0 bytes, Stack size 0 bytes, startup_stm32f427x.o(.text))
<BR>[Address Reference Count : 1]<UL><LI> startup_stm32f427x.o(RESET)
</UL>
<P><STRONG><a name="[3d]"></a>DMA1_Stream5_IRQHandler</STRONG> (Thumb, 0 bytes, Stack size 0 bytes, startup_stm32f427x.o(.text))
<BR>[Address Reference Count : 1]<UL><LI> startup_stm32f427x.o(RESET)
</UL>
<P><STRONG><a name="[5c]"></a>DMA1_Stream7_IRQHandler</STRONG> (Thumb, 0 bytes, Stack size 0 bytes, startup_stm32f427x.o(.text))
<BR>[Address Reference Count : 1]<UL><LI> startup_stm32f427x.o(RESET)
</UL>
<P><STRONG><a name="[85]"></a>DMA2D_IRQHandler</STRONG> (Thumb, 0 bytes, Stack size 0 bytes, startup_stm32f427x.o(.text))
<BR>[Address Reference Count : 1]<UL><LI> startup_stm32f427x.o(RESET)
</UL>
<P><STRONG><a name="[65]"></a>DMA2_Stream0_IRQHandler</STRONG> (Thumb, 0 bytes, Stack size 0 bytes, startup_stm32f427x.o(.text))
<BR>[Address Reference Count : 1]<UL><LI> startup_stm32f427x.o(RESET)
</UL>
<P><STRONG><a name="[66]"></a>DMA2_Stream1_IRQHandler</STRONG> (Thumb, 0 bytes, Stack size 0 bytes, startup_stm32f427x.o(.text))
<BR>[Address Reference Count : 1]<UL><LI> startup_stm32f427x.o(RESET)
</UL>
<P><STRONG><a name="[67]"></a>DMA2_Stream2_IRQHandler</STRONG> (Thumb, 0 bytes, Stack size 0 bytes, startup_stm32f427x.o(.text))
<BR>[Address Reference Count : 1]<UL><LI> startup_stm32f427x.o(RESET)
</UL>
<P><STRONG><a name="[68]"></a>DMA2_Stream3_IRQHandler</STRONG> (Thumb, 0 bytes, Stack size 0 bytes, startup_stm32f427x.o(.text))
<BR>[Address Reference Count : 1]<UL><LI> startup_stm32f427x.o(RESET)
</UL>
<P><STRONG><a name="[69]"></a>DMA2_Stream4_IRQHandler</STRONG> (Thumb, 0 bytes, Stack size 0 bytes, startup_stm32f427x.o(.text))
<BR>[Address Reference Count : 1]<UL><LI> startup_stm32f427x.o(RESET)
</UL>
<P><STRONG><a name="[71]"></a>DMA2_Stream5_IRQHandler</STRONG> (Thumb, 0 bytes, Stack size 0 bytes, startup_stm32f427x.o(.text))
<BR>[Address Reference Count : 1]<UL><LI> startup_stm32f427x.o(RESET)
</UL>
<P><STRONG><a name="[72]"></a>DMA2_Stream6_IRQHandler</STRONG> (Thumb, 0 bytes, Stack size 0 bytes, startup_stm32f427x.o(.text))
<BR>[Address Reference Count : 1]<UL><LI> startup_stm32f427x.o(RESET)
</UL>
<P><STRONG><a name="[73]"></a>DMA2_Stream7_IRQHandler</STRONG> (Thumb, 0 bytes, Stack size 0 bytes, startup_stm32f427x.o(.text))
<BR>[Address Reference Count : 1]<UL><LI> startup_stm32f427x.o(RESET)
</UL>
<P><STRONG><a name="[6a]"></a>ETH_IRQHandler</STRONG> (Thumb, 0 bytes, Stack size 0 bytes, startup_stm32f427x.o(.text))
<BR>[Address Reference Count : 1]<UL><LI> startup_stm32f427x.o(RESET)
</UL>
<P><STRONG><a name="[6b]"></a>ETH_WKUP_IRQHandler</STRONG> (Thumb, 0 bytes, Stack size 0 bytes, startup_stm32f427x.o(.text))
<BR>[Address Reference Count : 1]<UL><LI> startup_stm32f427x.o(RESET)
</UL>
<P><STRONG><a name="[33]"></a>EXTI0_IRQHandler</STRONG> (Thumb, 0 bytes, Stack size 0 bytes, startup_stm32f427x.o(.text))
<BR>[Address Reference Count : 1]<UL><LI> startup_stm32f427x.o(RESET)
</UL>
<P><STRONG><a name="[55]"></a>EXTI15_10_IRQHandler</STRONG> (Thumb, 0 bytes, Stack size 0 bytes, startup_stm32f427x.o(.text))
<BR>[Address Reference Count : 1]<UL><LI> startup_stm32f427x.o(RESET)
</UL>
<P><STRONG><a name="[34]"></a>EXTI1_IRQHandler</STRONG> (Thumb, 0 bytes, Stack size 0 bytes, startup_stm32f427x.o(.text))
<BR>[Address Reference Count : 1]<UL><LI> startup_stm32f427x.o(RESET)
</UL>
<P><STRONG><a name="[35]"></a>EXTI2_IRQHandler</STRONG> (Thumb, 0 bytes, Stack size 0 bytes, startup_stm32f427x.o(.text))
<BR>[Address Reference Count : 1]<UL><LI> startup_stm32f427x.o(RESET)
</UL>
<P><STRONG><a name="[36]"></a>EXTI3_IRQHandler</STRONG> (Thumb, 0 bytes, Stack size 0 bytes, startup_stm32f427x.o(.text))
<BR>[Address Reference Count : 1]<UL><LI> startup_stm32f427x.o(RESET)
</UL>
<P><STRONG><a name="[37]"></a>EXTI4_IRQHandler</STRONG> (Thumb, 0 bytes, Stack size 0 bytes, startup_stm32f427x.o(.text))
<BR>[Address Reference Count : 1]<UL><LI> startup_stm32f427x.o(RESET)
</UL>
<P><STRONG><a name="[44]"></a>EXTI9_5_IRQHandler</STRONG> (Thumb, 0 bytes, Stack size 0 bytes, startup_stm32f427x.o(.text))
<BR>[Address Reference Count : 1]<UL><LI> startup_stm32f427x.o(RESET)
</UL>
<P><STRONG><a name="[31]"></a>FLASH_IRQHandler</STRONG> (Thumb, 0 bytes, Stack size 0 bytes, startup_stm32f427x.o(.text))
<BR>[Address Reference Count : 1]<UL><LI> startup_stm32f427x.o(RESET)
</UL>
<P><STRONG><a name="[5d]"></a>FMC_IRQHandler</STRONG> (Thumb, 0 bytes, Stack size 0 bytes, startup_stm32f427x.o(.text))
<BR>[Address Reference Count : 1]<UL><LI> startup_stm32f427x.o(RESET)
</UL>
<P><STRONG><a name="[7e]"></a>FPU_IRQHandler</STRONG> (Thumb, 0 bytes, Stack size 0 bytes, startup_stm32f427x.o(.text))
<BR>[Address Reference Count : 1]<UL><LI> startup_stm32f427x.o(RESET)
</UL>
<P><STRONG><a name="[7d]"></a>HASH_RNG_IRQHandler</STRONG> (Thumb, 0 bytes, Stack size 0 bytes, startup_stm32f427x.o(.text))
<BR>[Address Reference Count : 1]<UL><LI> startup_stm32f427x.o(RESET)
</UL>
<P><STRONG><a name="[4d]"></a>I2C1_ER_IRQHandler</STRONG> (Thumb, 0 bytes, Stack size 0 bytes, startup_stm32f427x.o(.text))
<BR>[Address Reference Count : 1]<UL><LI> startup_stm32f427x.o(RESET)
</UL>
<P><STRONG><a name="[4c]"></a>I2C1_EV_IRQHandler</STRONG> (Thumb, 0 bytes, Stack size 0 bytes, startup_stm32f427x.o(.text))
<BR>[Address Reference Count : 1]<UL><LI> startup_stm32f427x.o(RESET)
</UL>
<P><STRONG><a name="[4f]"></a>I2C2_ER_IRQHandler</STRONG> (Thumb, 0 bytes, Stack size 0 bytes, startup_stm32f427x.o(.text))
<BR>[Address Reference Count : 1]<UL><LI> startup_stm32f427x.o(RESET)
</UL>
<P><STRONG><a name="[4e]"></a>I2C2_EV_IRQHandler</STRONG> (Thumb, 0 bytes, Stack size 0 bytes, startup_stm32f427x.o(.text))
<BR>[Address Reference Count : 1]<UL><LI> startup_stm32f427x.o(RESET)
</UL>
<P><STRONG><a name="[76]"></a>I2C3_ER_IRQHandler</STRONG> (Thumb, 0 bytes, Stack size 0 bytes, startup_stm32f427x.o(.text))
<BR>[Address Reference Count : 1]<UL><LI> startup_stm32f427x.o(RESET)
</UL>
<P><STRONG><a name="[75]"></a>I2C3_EV_IRQHandler</STRONG> (Thumb, 0 bytes, Stack size 0 bytes, startup_stm32f427x.o(.text))
<BR>[Address Reference Count : 1]<UL><LI> startup_stm32f427x.o(RESET)
</UL>
<P><STRONG><a name="[57]"></a>OTG_FS_WKUP_IRQHandler</STRONG> (Thumb, 0 bytes, Stack size 0 bytes, startup_stm32f427x.o(.text))
<BR>[Address Reference Count : 1]<UL><LI> startup_stm32f427x.o(RESET)
</UL>
<P><STRONG><a name="[78]"></a>OTG_HS_EP1_IN_IRQHandler</STRONG> (Thumb, 0 bytes, Stack size 0 bytes, startup_stm32f427x.o(.text))
<BR>[Address Reference Count : 1]<UL><LI> startup_stm32f427x.o(RESET)
</UL>
<P><STRONG><a name="[77]"></a>OTG_HS_EP1_OUT_IRQHandler</STRONG> (Thumb, 0 bytes, Stack size 0 bytes, startup_stm32f427x.o(.text))
<BR>[Address Reference Count : 1]<UL><LI> startup_stm32f427x.o(RESET)
</UL>
<P><STRONG><a name="[7a]"></a>OTG_HS_IRQHandler</STRONG> (Thumb, 0 bytes, Stack size 0 bytes, startup_stm32f427x.o(.text))
<BR>[Address Reference Count : 1]<UL><LI> startup_stm32f427x.o(RESET)
</UL>
<P><STRONG><a name="[79]"></a>OTG_HS_WKUP_IRQHandler</STRONG> (Thumb, 0 bytes, Stack size 0 bytes, startup_stm32f427x.o(.text))
<BR>[Address Reference Count : 1]<UL><LI> startup_stm32f427x.o(RESET)
</UL>
<P><STRONG><a name="[2e]"></a>PVD_IRQHandler</STRONG> (Thumb, 0 bytes, Stack size 0 bytes, startup_stm32f427x.o(.text))
<BR>[Address Reference Count : 1]<UL><LI> startup_stm32f427x.o(RESET)
</UL>
<P><STRONG><a name="[32]"></a>RCC_IRQHandler</STRONG> (Thumb, 0 bytes, Stack size 0 bytes, startup_stm32f427x.o(.text))
<BR>[Address Reference Count : 1]<UL><LI> startup_stm32f427x.o(RESET)
</UL>
<P><STRONG><a name="[56]"></a>RTC_Alarm_IRQHandler</STRONG> (Thumb, 0 bytes, Stack size 0 bytes, startup_stm32f427x.o(.text))
<BR>[Address Reference Count : 1]<UL><LI> startup_stm32f427x.o(RESET)
</UL>
<P><STRONG><a name="[30]"></a>RTC_WKUP_IRQHandler</STRONG> (Thumb, 0 bytes, Stack size 0 bytes, startup_stm32f427x.o(.text))
<BR>[Address Reference Count : 1]<UL><LI> startup_stm32f427x.o(RESET)
</UL>
<P><STRONG><a name="[84]"></a>SAI1_IRQHandler</STRONG> (Thumb, 0 bytes, Stack size 0 bytes, startup_stm32f427x.o(.text))
<BR>[Address Reference Count : 1]<UL><LI> startup_stm32f427x.o(RESET)
</UL>
<P><STRONG><a name="[5e]"></a>SDIO_IRQHandler</STRONG> (Thumb, 0 bytes, Stack size 0 bytes, startup_stm32f427x.o(.text))
<BR>[Address Reference Count : 1]<UL><LI> startup_stm32f427x.o(RESET)
</UL>
<P><STRONG><a name="[50]"></a>SPI1_IRQHandler</STRONG> (Thumb, 0 bytes, Stack size 0 bytes, startup_stm32f427x.o(.text))
<BR>[Address Reference Count : 1]<UL><LI> startup_stm32f427x.o(RESET)
</UL>
<P><STRONG><a name="[51]"></a>SPI2_IRQHandler</STRONG> (Thumb, 0 bytes, Stack size 0 bytes, startup_stm32f427x.o(.text))
<BR>[Address Reference Count : 1]<UL><LI> startup_stm32f427x.o(RESET)
</UL>
<P><STRONG><a name="[60]"></a>SPI3_IRQHandler</STRONG> (Thumb, 0 bytes, Stack size 0 bytes, startup_stm32f427x.o(.text))
<BR>[Address Reference Count : 1]<UL><LI> startup_stm32f427x.o(RESET)
</UL>
<P><STRONG><a name="[81]"></a>SPI4_IRQHandler</STRONG> (Thumb, 0 bytes, Stack size 0 bytes, startup_stm32f427x.o(.text))
<BR>[Address Reference Count : 1]<UL><LI> startup_stm32f427x.o(RESET)
</UL>
<P><STRONG><a name="[82]"></a>SPI5_IRQHandler</STRONG> (Thumb, 0 bytes, Stack size 0 bytes, startup_stm32f427x.o(.text))
<BR>[Address Reference Count : 1]<UL><LI> startup_stm32f427x.o(RESET)
</UL>
<P><STRONG><a name="[83]"></a>SPI6_IRQHandler</STRONG> (Thumb, 0 bytes, Stack size 0 bytes, startup_stm32f427x.o(.text))
<BR>[Address Reference Count : 1]<UL><LI> startup_stm32f427x.o(RESET)
</UL>
<P><STRONG><a name="[2f]"></a>TAMP_STAMP_IRQHandler</STRONG> (Thumb, 0 bytes, Stack size 0 bytes, startup_stm32f427x.o(.text))
<BR>[Address Reference Count : 1]<UL><LI> startup_stm32f427x.o(RESET)
</UL>
<P><STRONG><a name="[45]"></a>TIM1_BRK_TIM9_IRQHandler</STRONG> (Thumb, 0 bytes, Stack size 0 bytes, startup_stm32f427x.o(.text))
<BR>[Address Reference Count : 1]<UL><LI> startup_stm32f427x.o(RESET)
</UL>
<P><STRONG><a name="[48]"></a>TIM1_CC_IRQHandler</STRONG> (Thumb, 0 bytes, Stack size 0 bytes, startup_stm32f427x.o(.text))
<BR>[Address Reference Count : 1]<UL><LI> startup_stm32f427x.o(RESET)
</UL>
<P><STRONG><a name="[47]"></a>TIM1_TRG_COM_TIM11_IRQHandler</STRONG> (Thumb, 0 bytes, Stack size 0 bytes, startup_stm32f427x.o(.text))
<BR>[Address Reference Count : 1]<UL><LI> startup_stm32f427x.o(RESET)
</UL>
<P><STRONG><a name="[46]"></a>TIM1_UP_TIM10_IRQHandler</STRONG> (Thumb, 0 bytes, Stack size 0 bytes, startup_stm32f427x.o(.text))
<BR>[Address Reference Count : 1]<UL><LI> startup_stm32f427x.o(RESET)
</UL>
<P><STRONG><a name="[49]"></a>TIM2_IRQHandler</STRONG> (Thumb, 0 bytes, Stack size 0 bytes, startup_stm32f427x.o(.text))
<BR>[Address Reference Count : 1]<UL><LI> startup_stm32f427x.o(RESET)
</UL>
<P><STRONG><a name="[4a]"></a>TIM3_IRQHandler</STRONG> (Thumb, 0 bytes, Stack size 0 bytes, startup_stm32f427x.o(.text))
<BR>[Address Reference Count : 1]<UL><LI> startup_stm32f427x.o(RESET)
</UL>
<P><STRONG><a name="[4b]"></a>TIM4_IRQHandler</STRONG> (Thumb, 0 bytes, Stack size 0 bytes, startup_stm32f427x.o(.text))
<BR>[Address Reference Count : 1]<UL><LI> startup_stm32f427x.o(RESET)
</UL>
<P><STRONG><a name="[5f]"></a>TIM5_IRQHandler</STRONG> (Thumb, 0 bytes, Stack size 0 bytes, startup_stm32f427x.o(.text))
<BR>[Address Reference Count : 1]<UL><LI> startup_stm32f427x.o(RESET)
</UL>
<P><STRONG><a name="[63]"></a>TIM6_DAC_IRQHandler</STRONG> (Thumb, 0 bytes, Stack size 0 bytes, startup_stm32f427x.o(.text))
<BR>[Address Reference Count : 1]<UL><LI> startup_stm32f427x.o(RESET)
</UL>
<P><STRONG><a name="[64]"></a>TIM7_IRQHandler</STRONG> (Thumb, 0 bytes, Stack size 0 bytes, startup_stm32f427x.o(.text))
<BR>[Address Reference Count : 1]<UL><LI> startup_stm32f427x.o(RESET)
</UL>
<P><STRONG><a name="[58]"></a>TIM8_BRK_TIM12_IRQHandler</STRONG> (Thumb, 0 bytes, Stack size 0 bytes, startup_stm32f427x.o(.text))
<BR>[Address Reference Count : 1]<UL><LI> startup_stm32f427x.o(RESET)
</UL>
<P><STRONG><a name="[5b]"></a>TIM8_CC_IRQHandler</STRONG> (Thumb, 0 bytes, Stack size 0 bytes, startup_stm32f427x.o(.text))
<BR>[Address Reference Count : 1]<UL><LI> startup_stm32f427x.o(RESET)
</UL>
<P><STRONG><a name="[5a]"></a>TIM8_TRG_COM_TIM14_IRQHandler</STRONG> (Thumb, 0 bytes, Stack size 0 bytes, startup_stm32f427x.o(.text))
<BR>[Address Reference Count : 1]<UL><LI> startup_stm32f427x.o(RESET)
</UL>
<P><STRONG><a name="[59]"></a>TIM8_UP_TIM13_IRQHandler</STRONG> (Thumb, 0 bytes, Stack size 0 bytes, startup_stm32f427x.o(.text))
<BR>[Address Reference Count : 1]<UL><LI> startup_stm32f427x.o(RESET)
</UL>
<P><STRONG><a name="[62]"></a>UART5_IRQHandler</STRONG> (Thumb, 0 bytes, Stack size 0 bytes, startup_stm32f427x.o(.text))
<BR>[Address Reference Count : 1]<UL><LI> startup_stm32f427x.o(RESET)
</UL>
<P><STRONG><a name="[7f]"></a>UART7_IRQHandler</STRONG> (Thumb, 0 bytes, Stack size 0 bytes, startup_stm32f427x.o(.text))
<BR>[Address Reference Count : 1]<UL><LI> startup_stm32f427x.o(RESET)
</UL>
<P><STRONG><a name="[53]"></a>USART2_IRQHandler</STRONG> (Thumb, 0 bytes, Stack size 0 bytes, startup_stm32f427x.o(.text))
<BR>[Address Reference Count : 1]<UL><LI> startup_stm32f427x.o(RESET)
</UL>
<P><STRONG><a name="[74]"></a>USART6_IRQHandler</STRONG> (Thumb, 0 bytes, Stack size 0 bytes, startup_stm32f427x.o(.text))
<BR>[Address Reference Count : 1]<UL><LI> startup_stm32f427x.o(RESET)
</UL>
<P><STRONG><a name="[2d]"></a>WWDG_IRQHandler</STRONG> (Thumb, 0 bytes, Stack size 0 bytes, startup_stm32f427x.o(.text))
<BR>[Address Reference Count : 1]<UL><LI> startup_stm32f427x.o(RESET)
</UL>
<P><STRONG><a name="[d2]"></a>__user_initial_stackheap</STRONG> (Thumb, 0 bytes, Stack size unknown bytes, startup_stm32f427x.o(.text))
<BR><BR>[Called By]<UL><LI><a href="#[ac]">&gt;&gt;</a>&nbsp;&nbsp;&nbsp;__user_setup_stackheap
</UL>

<P><STRONG><a name="[11d]"></a>OS_CPU_SR_Save</STRONG> (Thumb, 0 bytes, Stack size unknown bytes, os_cpu_a.o(.text))
<BR><BR>[Called By]<UL><LI><a href="#[132]">&gt;&gt;</a>&nbsp;&nbsp;&nbsp;OSTaskDel
<LI><a href="#[12d]">&gt;&gt;</a>&nbsp;&nbsp;&nbsp;OSTaskCreate
<LI><a href="#[129]">&gt;&gt;</a>&nbsp;&nbsp;&nbsp;OSSemPost
<LI><a href="#[126]">&gt;&gt;</a>&nbsp;&nbsp;&nbsp;OSSemPend
<LI><a href="#[124]">&gt;&gt;</a>&nbsp;&nbsp;&nbsp;OSSemCreate
<LI><a href="#[139]">&gt;&gt;</a>&nbsp;&nbsp;&nbsp;OSTimeDly
<LI><a href="#[138]">&gt;&gt;</a>&nbsp;&nbsp;&nbsp;OSTaskSuspend
<LI><a href="#[137]">&gt;&gt;</a>&nbsp;&nbsp;&nbsp;OSTaskStkChk
<LI><a href="#[136]">&gt;&gt;</a>&nbsp;&nbsp;&nbsp;OSTaskNameSet
<LI><a href="#[130]">&gt;&gt;</a>&nbsp;&nbsp;&nbsp;OSTaskCreateExt
<LI><a href="#[91]">&gt;&gt;</a>&nbsp;&nbsp;&nbsp;OS_TaskStat
<LI><a href="#[90]">&gt;&gt;</a>&nbsp;&nbsp;&nbsp;OS_TaskIdle
<LI><a href="#[12f]">&gt;&gt;</a>&nbsp;&nbsp;&nbsp;OS_TCBInit
<LI><a href="#[123]">&gt;&gt;</a>&nbsp;&nbsp;&nbsp;OS_Sched
<LI><a href="#[13a]">&gt;&gt;</a>&nbsp;&nbsp;&nbsp;OSTimeTick
<LI><a href="#[122]">&gt;&gt;</a>&nbsp;&nbsp;&nbsp;OSSchedUnlock
<LI><a href="#[121]">&gt;&gt;</a>&nbsp;&nbsp;&nbsp;OSSchedLock
<LI><a href="#[11c]">&gt;&gt;</a>&nbsp;&nbsp;&nbsp;OSIntExit
<LI><a href="#[92]">&gt;&gt;</a>&nbsp;&nbsp;&nbsp;start_task
</UL>

<P><STRONG><a name="[120]"></a>OS_CPU_SR_Restore</STRONG> (Thumb, 0 bytes, Stack size unknown bytes, os_cpu_a.o(.text))
<BR><BR>[Called By]<UL><LI><a href="#[132]">&gt;&gt;</a>&nbsp;&nbsp;&nbsp;OSTaskDel
<LI><a href="#[12d]">&gt;&gt;</a>&nbsp;&nbsp;&nbsp;OSTaskCreate
<LI><a href="#[129]">&gt;&gt;</a>&nbsp;&nbsp;&nbsp;OSSemPost
<LI><a href="#[126]">&gt;&gt;</a>&nbsp;&nbsp;&nbsp;OSSemPend
<LI><a href="#[124]">&gt;&gt;</a>&nbsp;&nbsp;&nbsp;OSSemCreate
<LI><a href="#[139]">&gt;&gt;</a>&nbsp;&nbsp;&nbsp;OSTimeDly
<LI><a href="#[138]">&gt;&gt;</a>&nbsp;&nbsp;&nbsp;OSTaskSuspend
<LI><a href="#[137]">&gt;&gt;</a>&nbsp;&nbsp;&nbsp;OSTaskStkChk
<LI><a href="#[136]">&gt;&gt;</a>&nbsp;&nbsp;&nbsp;OSTaskNameSet
<LI><a href="#[130]">&gt;&gt;</a>&nbsp;&nbsp;&nbsp;OSTaskCreateExt
<LI><a href="#[91]">&gt;&gt;</a>&nbsp;&nbsp;&nbsp;OS_TaskStat
<LI><a href="#[90]">&gt;&gt;</a>&nbsp;&nbsp;&nbsp;OS_TaskIdle
<LI><a href="#[12f]">&gt;&gt;</a>&nbsp;&nbsp;&nbsp;OS_TCBInit
<LI><a href="#[123]">&gt;&gt;</a>&nbsp;&nbsp;&nbsp;OS_Sched
<LI><a href="#[13a]">&gt;&gt;</a>&nbsp;&nbsp;&nbsp;OSTimeTick
<LI><a href="#[122]">&gt;&gt;</a>&nbsp;&nbsp;&nbsp;OSSchedUnlock
<LI><a href="#[121]">&gt;&gt;</a>&nbsp;&nbsp;&nbsp;OSSchedLock
<LI><a href="#[11c]">&gt;&gt;</a>&nbsp;&nbsp;&nbsp;OSIntExit
<LI><a href="#[92]">&gt;&gt;</a>&nbsp;&nbsp;&nbsp;start_task
</UL>

<P><STRONG><a name="[12c]"></a>OSStartHighRdy</STRONG> (Thumb, 0 bytes, Stack size unknown bytes, os_cpu_a.o(.text))
<BR><BR>[Called By]<UL><LI><a href="#[12b]">&gt;&gt;</a>&nbsp;&nbsp;&nbsp;OSStart
</UL>

<P><STRONG><a name="[141]"></a>OSCtxSw</STRONG> (Thumb, 0 bytes, Stack size unknown bytes, os_cpu_a.o(.text))
<BR><BR>[Called By]<UL><LI><a href="#[123]">&gt;&gt;</a>&nbsp;&nbsp;&nbsp;OS_Sched
</UL>

<P><STRONG><a name="[11f]"></a>OSIntCtxSw</STRONG> (Thumb, 0 bytes, Stack size unknown bytes, os_cpu_a.o(.text))
<BR><BR>[Called By]<UL><LI><a href="#[11c]">&gt;&gt;</a>&nbsp;&nbsp;&nbsp;OSIntExit
</UL>

<P><STRONG><a name="[2b]"></a>PendSV_Handler</STRONG> (Thumb, 0 bytes, Stack size unknown bytes, os_cpu_a.o(.text))
<BR>[Address Reference Count : 1]<UL><LI> startup_stm32f427x.o(RESET)
</UL>
<P><STRONG><a name="[25c]"></a>__use_no_semihosting</STRONG> (Thumb, 2 bytes, Stack size 0 bytes, use_no_semi_2.o(.text), UNUSED)

<P><STRONG><a name="[201]"></a>__aeabi_uldivmod</STRONG> (Thumb, 0 bytes, Stack size 48 bytes, lludivv7m.o(.text))
<BR><BR>[Stack]<UL><LI>Max Depth = 48<LI>Call Chain = __aeabi_uldivmod
</UL>
<BR>[Called By]<UL><LI><a href="#[200]">&gt;&gt;</a>&nbsp;&nbsp;&nbsp;isc_sha512_update
<LI><a href="#[1ff]">&gt;&gt;</a>&nbsp;&nbsp;&nbsp;isc_sha512_last
</UL>

<P><STRONG><a name="[25d]"></a>_ll_udiv</STRONG> (Thumb, 238 bytes, Stack size 48 bytes, lludivv7m.o(.text), UNUSED)

<P><STRONG><a name="[b6]"></a>__2printf</STRONG> (Thumb, 20 bytes, Stack size 24 bytes, noretval__2printf.o(.text))
<BR><BR>[Stack]<UL><LI>Max Depth = 144 + Unknown Stack Size
<LI>Call Chain = __2printf &rArr; _printf_char_file &rArr; _printf_char_common &rArr; __printf
</UL>
<BR>[Calls]<UL><LI><a href="#[b7]">&gt;&gt;</a>&nbsp;&nbsp;&nbsp;_printf_char_file
</UL>
<BR>[Called By]<UL><LI><a href="#[12]">&gt;&gt;</a>&nbsp;&nbsp;&nbsp;USBH_USR_UserInput
<LI><a href="#[15]">&gt;&gt;</a>&nbsp;&nbsp;&nbsp;USBH_USR_UnrecoveredError
<LI><a href="#[10]">&gt;&gt;</a>&nbsp;&nbsp;&nbsp;USBH_USR_SerialNum_String
<LI><a href="#[7]">&gt;&gt;</a>&nbsp;&nbsp;&nbsp;USBH_USR_ResetDevice
<LI><a href="#[f]">&gt;&gt;</a>&nbsp;&nbsp;&nbsp;USBH_USR_Product_String
<LI><a href="#[9]">&gt;&gt;</a>&nbsp;&nbsp;&nbsp;USBH_USR_OverCurrentDetected
<LI><a href="#[e]">&gt;&gt;</a>&nbsp;&nbsp;&nbsp;USBH_USR_Manufacturer_String
<LI><a href="#[13]">&gt;&gt;</a>&nbsp;&nbsp;&nbsp;USBH_USR_MSC_Application
<LI><a href="#[4]">&gt;&gt;</a>&nbsp;&nbsp;&nbsp;USBH_USR_Init
<LI><a href="#[11]">&gt;&gt;</a>&nbsp;&nbsp;&nbsp;USBH_USR_EnumerationDone
<LI><a href="#[b]">&gt;&gt;</a>&nbsp;&nbsp;&nbsp;USBH_USR_Device_DescAvailable
<LI><a href="#[a]">&gt;&gt;</a>&nbsp;&nbsp;&nbsp;USBH_USR_DeviceSpeedDetected
<LI><a href="#[14]">&gt;&gt;</a>&nbsp;&nbsp;&nbsp;USBH_USR_DeviceNotSupported
<LI><a href="#[8]">&gt;&gt;</a>&nbsp;&nbsp;&nbsp;USBH_USR_DeviceDisconnected
<LI><a href="#[6]">&gt;&gt;</a>&nbsp;&nbsp;&nbsp;USBH_USR_DeviceAttached
<LI><a href="#[c]">&gt;&gt;</a>&nbsp;&nbsp;&nbsp;USBH_USR_DeviceAddressAssigned
<LI><a href="#[d]">&gt;&gt;</a>&nbsp;&nbsp;&nbsp;USBH_USR_Configuration_DescAvailable
<LI><a href="#[209]">&gt;&gt;</a>&nbsp;&nbsp;&nbsp;wifi_soc_send
<LI><a href="#[1eb]">&gt;&gt;</a>&nbsp;&nbsp;&nbsp;wifi_reg
<LI><a href="#[e6]">&gt;&gt;</a>&nbsp;&nbsp;&nbsp;ESP_uart_buff
<LI><a href="#[10f]">&gt;&gt;</a>&nbsp;&nbsp;&nbsp;OEM_RTK_BASE
<LI><a href="#[10c]">&gt;&gt;</a>&nbsp;&nbsp;&nbsp;OEM_Init_output
<LI><a href="#[1e1]">&gt;&gt;</a>&nbsp;&nbsp;&nbsp;qxwz_soc_send_complete
<LI><a href="#[1f3]">&gt;&gt;</a>&nbsp;&nbsp;&nbsp;qxwz_soc_error
<LI><a href="#[1e0]">&gt;&gt;</a>&nbsp;&nbsp;&nbsp;qxwz_soc_connect_complete
<LI><a href="#[180]">&gt;&gt;</a>&nbsp;&nbsp;&nbsp;qxwz_on_soc_data_received
<LI><a href="#[1f6]">&gt;&gt;</a>&nbsp;&nbsp;&nbsp;wait_creg
<LI><a href="#[220]">&gt;&gt;</a>&nbsp;&nbsp;&nbsp;qxwz_soc_send
<LI><a href="#[213]">&gt;&gt;</a>&nbsp;&nbsp;&nbsp;qxwz_soc_create
<LI><a href="#[223]">&gt;&gt;</a>&nbsp;&nbsp;&nbsp;qxwz_soc_connect
<LI><a href="#[21a]">&gt;&gt;</a>&nbsp;&nbsp;&nbsp;qxwz_soc_close
<LI><a href="#[226]">&gt;&gt;</a>&nbsp;&nbsp;&nbsp;qxwz_soc_init
<LI><a href="#[181]">&gt;&gt;</a>&nbsp;&nbsp;&nbsp;query_uart_buf
<LI><a href="#[1f4]">&gt;&gt;</a>&nbsp;&nbsp;&nbsp;init_gsm_gprs
<LI><a href="#[1f2]">&gt;&gt;</a>&nbsp;&nbsp;&nbsp;gsm_ack_exception
<LI><a href="#[93]">&gt;&gt;</a>&nbsp;&nbsp;&nbsp;qxwz_ntrip_on_data_received
<LI><a href="#[217]">&gt;&gt;</a>&nbsp;&nbsp;&nbsp;qxwz_ntrip_send_header
<LI><a href="#[21b]">&gt;&gt;</a>&nbsp;&nbsp;&nbsp;qxwz_ntrip_handle_data
<LI><a href="#[20e]">&gt;&gt;</a>&nbsp;&nbsp;&nbsp;qxwz_ntrip_connect
<LI><a href="#[205]">&gt;&gt;</a>&nbsp;&nbsp;&nbsp;ntrip_auth_sign
<LI><a href="#[230]">&gt;&gt;</a>&nbsp;&nbsp;&nbsp;socket_getcallback
<LI><a href="#[22d]">&gt;&gt;</a>&nbsp;&nbsp;&nbsp;socket_tick
<LI><a href="#[222]">&gt;&gt;</a>&nbsp;&nbsp;&nbsp;qxwz_ntrip_tick
</UL>

<P><STRONG><a name="[b8]"></a>__2sprintf</STRONG> (Thumb, 34 bytes, Stack size 32 bytes, noretval__2sprintf.o(.text))
<BR><BR>[Stack]<UL><LI>Max Depth = 136 + Unknown Stack Size
<LI>Call Chain = __2sprintf &rArr; _printf_char_common &rArr; __printf
</UL>
<BR>[Calls]<UL><LI><a href="#[89]">&gt;&gt;</a>&nbsp;&nbsp;&nbsp;_sputc
<LI><a href="#[b9]">&gt;&gt;</a>&nbsp;&nbsp;&nbsp;_printf_char_common
</UL>
<BR>[Called By]<UL><LI><a href="#[209]">&gt;&gt;</a>&nbsp;&nbsp;&nbsp;wifi_soc_send
<LI><a href="#[220]">&gt;&gt;</a>&nbsp;&nbsp;&nbsp;qxwz_soc_send
<LI><a href="#[223]">&gt;&gt;</a>&nbsp;&nbsp;&nbsp;qxwz_soc_connect
<LI><a href="#[20d]">&gt;&gt;</a>&nbsp;&nbsp;&nbsp;qxwz_sign_sha384
<LI><a href="#[206]">&gt;&gt;</a>&nbsp;&nbsp;&nbsp;qxwz_api_sign
<LI><a href="#[217]">&gt;&gt;</a>&nbsp;&nbsp;&nbsp;qxwz_ntrip_send_header
</UL>

<P><STRONG><a name="[ba]"></a>__2snprintf</STRONG> (Thumb, 48 bytes, Stack size 32 bytes, noretval__2snprintf.o(.text))
<BR><BR>[Stack]<UL><LI>Max Depth = 136 + Unknown Stack Size
<LI>Call Chain = __2snprintf &rArr; _printf_char_common &rArr; __printf
</UL>
<BR>[Calls]<UL><LI><a href="#[89]">&gt;&gt;</a>&nbsp;&nbsp;&nbsp;_sputc
<LI><a href="#[b9]">&gt;&gt;</a>&nbsp;&nbsp;&nbsp;_printf_char_common
</UL>
<BR>[Called By]<UL><LI><a href="#[217]">&gt;&gt;</a>&nbsp;&nbsp;&nbsp;qxwz_ntrip_send_header
</UL>

<P><STRONG><a name="[bc]"></a>_printf_pre_padding</STRONG> (Thumb, 44 bytes, Stack size 16 bytes, _printf_pad.o(.text))
<BR><BR>[Stack]<UL><LI>Max Depth = 16<LI>Call Chain = _printf_pre_padding
</UL>
<BR>[Called By]<UL><LI><a href="#[be]">&gt;&gt;</a>&nbsp;&nbsp;&nbsp;_printf_int_common
<LI><a href="#[bb]">&gt;&gt;</a>&nbsp;&nbsp;&nbsp;_printf_str
</UL>

<P><STRONG><a name="[bd]"></a>_printf_post_padding</STRONG> (Thumb, 34 bytes, Stack size 16 bytes, _printf_pad.o(.text))
<BR><BR>[Stack]<UL><LI>Max Depth = 16<LI>Call Chain = _printf_post_padding
</UL>
<BR>[Called By]<UL><LI><a href="#[be]">&gt;&gt;</a>&nbsp;&nbsp;&nbsp;_printf_int_common
<LI><a href="#[bb]">&gt;&gt;</a>&nbsp;&nbsp;&nbsp;_printf_str
</UL>

<P><STRONG><a name="[bb]"></a>_printf_str</STRONG> (Thumb, 82 bytes, Stack size 16 bytes, _printf_str.o(.text))
<BR><BR>[Stack]<UL><LI>Max Depth = 32<LI>Call Chain = _printf_str &rArr; _printf_post_padding
</UL>
<BR>[Calls]<UL><LI><a href="#[bd]">&gt;&gt;</a>&nbsp;&nbsp;&nbsp;_printf_post_padding
<LI><a href="#[bc]">&gt;&gt;</a>&nbsp;&nbsp;&nbsp;_printf_pre_padding
</UL>
<BR>[Called By]<UL><LI><a href="#[cb]">&gt;&gt;</a>&nbsp;&nbsp;&nbsp;_printf_cs_common
</UL>

<P><STRONG><a name="[a0]"></a>_printf_int_dec</STRONG> (Thumb, 104 bytes, Stack size 24 bytes, _printf_dec.o(.text))
<BR><BR>[Stack]<UL><LI>Max Depth = 72<LI>Call Chain = _printf_int_dec &rArr; _printf_int_common &rArr; _printf_post_padding
</UL>
<BR>[Calls]<UL><LI><a href="#[be]">&gt;&gt;</a>&nbsp;&nbsp;&nbsp;_printf_int_common
</UL>
<BR>[Called By]<UL><LI><a href="#[a1]">&gt;&gt;</a>&nbsp;&nbsp;&nbsp;_printf_u
<LI><a href="#[9f]">&gt;&gt;</a>&nbsp;&nbsp;&nbsp;_printf_d
</UL>

<P><STRONG><a name="[a3]"></a>_printf_int_hex</STRONG> (Thumb, 84 bytes, Stack size 16 bytes, _printf_hex_int.o(.text))
<BR><BR>[Stack]<UL><LI>Max Depth = 64<LI>Call Chain = _printf_int_hex &rArr; _printf_int_common &rArr; _printf_post_padding
</UL>
<BR>[Calls]<UL><LI><a href="#[be]">&gt;&gt;</a>&nbsp;&nbsp;&nbsp;_printf_int_common
</UL>
<BR>[Called By]<UL><LI><a href="#[a2]">&gt;&gt;</a>&nbsp;&nbsp;&nbsp;_printf_x
</UL>

<P><STRONG><a name="[25e]"></a>_printf_longlong_hex</STRONG> (Thumb, 0 bytes, Stack size 16 bytes, _printf_hex_int.o(.text), UNUSED)

<P><STRONG><a name="[bf]"></a>__printf</STRONG> (Thumb, 388 bytes, Stack size 40 bytes, __printf_flags_ss_wp.o(.text))
<BR><BR>[Stack]<UL><LI>Max Depth = 40 + Unknown Stack Size
<LI>Call Chain = __printf
</UL>
<BR>[Calls]<UL><LI><a href="#[c1]">&gt;&gt;</a>&nbsp;&nbsp;&nbsp;_printf_percent
<LI><a href="#[c0]">&gt;&gt;</a>&nbsp;&nbsp;&nbsp;_is_digit
</UL>
<BR>[Called By]<UL><LI><a href="#[b9]">&gt;&gt;</a>&nbsp;&nbsp;&nbsp;_printf_char_common
</UL>

<P><STRONG><a name="[c2]"></a>atoi</STRONG> (Thumb, 26 bytes, Stack size 16 bytes, atoi.o(.text))
<BR><BR>[Stack]<UL><LI>Max Depth = 88<LI>Call Chain = atoi &rArr; strtol &rArr; _strtoul
</UL>
<BR>[Calls]<UL><LI><a href="#[c4]">&gt;&gt;</a>&nbsp;&nbsp;&nbsp;strtol
<LI><a href="#[c3]">&gt;&gt;</a>&nbsp;&nbsp;&nbsp;__aeabi_errno_addr
</UL>
<BR>[Called By]<UL><LI><a href="#[e6]">&gt;&gt;</a>&nbsp;&nbsp;&nbsp;ESP_uart_buff
<LI><a href="#[181]">&gt;&gt;</a>&nbsp;&nbsp;&nbsp;query_uart_buf
</UL>

<P><STRONG><a name="[e7]"></a>strstr</STRONG> (Thumb, 36 bytes, Stack size 12 bytes, strstr.o(.text))
<BR><BR>[Stack]<UL><LI>Max Depth = 12<LI>Call Chain = strstr
</UL>
<BR>[Called By]<UL><LI><a href="#[236]">&gt;&gt;</a>&nbsp;&nbsp;&nbsp;wifi_send_comd
<LI><a href="#[1ec]">&gt;&gt;</a>&nbsp;&nbsp;&nbsp;esp_find_string
<LI><a href="#[e6]">&gt;&gt;</a>&nbsp;&nbsp;&nbsp;ESP_uart_buff
<LI><a href="#[14c]">&gt;&gt;</a>&nbsp;&nbsp;&nbsp;RTK_find_string
<LI><a href="#[181]">&gt;&gt;</a>&nbsp;&nbsp;&nbsp;query_uart_buf
<LI><a href="#[1f0]">&gt;&gt;</a>&nbsp;&nbsp;&nbsp;find_string
<LI><a href="#[21b]">&gt;&gt;</a>&nbsp;&nbsp;&nbsp;qxwz_ntrip_handle_data
<LI><a href="#[99]">&gt;&gt;</a>&nbsp;&nbsp;&nbsp;esp_date_task
</UL>

<P><STRONG><a name="[207]"></a>strrchr</STRONG> (Thumb, 22 bytes, Stack size 0 bytes, strrchr.o(.text))
<BR><BR>[Called By]<UL><LI><a href="#[1e1]">&gt;&gt;</a>&nbsp;&nbsp;&nbsp;qxwz_soc_send_complete
<LI><a href="#[1f3]">&gt;&gt;</a>&nbsp;&nbsp;&nbsp;qxwz_soc_error
<LI><a href="#[1e0]">&gt;&gt;</a>&nbsp;&nbsp;&nbsp;qxwz_soc_connect_complete
<LI><a href="#[180]">&gt;&gt;</a>&nbsp;&nbsp;&nbsp;qxwz_on_soc_data_received
<LI><a href="#[93]">&gt;&gt;</a>&nbsp;&nbsp;&nbsp;qxwz_ntrip_on_data_received
<LI><a href="#[217]">&gt;&gt;</a>&nbsp;&nbsp;&nbsp;qxwz_ntrip_send_header
<LI><a href="#[21b]">&gt;&gt;</a>&nbsp;&nbsp;&nbsp;qxwz_ntrip_handle_data
<LI><a href="#[20e]">&gt;&gt;</a>&nbsp;&nbsp;&nbsp;qxwz_ntrip_connect
<LI><a href="#[205]">&gt;&gt;</a>&nbsp;&nbsp;&nbsp;ntrip_auth_sign
<LI><a href="#[230]">&gt;&gt;</a>&nbsp;&nbsp;&nbsp;socket_getcallback
<LI><a href="#[22d]">&gt;&gt;</a>&nbsp;&nbsp;&nbsp;socket_tick
<LI><a href="#[222]">&gt;&gt;</a>&nbsp;&nbsp;&nbsp;qxwz_ntrip_tick
</UL>

<P><STRONG><a name="[20c]"></a>strlen</STRONG> (Thumb, 62 bytes, Stack size 8 bytes, strlen.o(.text))
<BR><BR>[Stack]<UL><LI>Max Depth = 8<LI>Call Chain = strlen
</UL>
<BR>[Called By]<UL><LI><a href="#[1e0]">&gt;&gt;</a>&nbsp;&nbsp;&nbsp;qxwz_soc_connect_complete
<LI><a href="#[20d]">&gt;&gt;</a>&nbsp;&nbsp;&nbsp;qxwz_sign_sha384
<LI><a href="#[206]">&gt;&gt;</a>&nbsp;&nbsp;&nbsp;qxwz_api_sign
<LI><a href="#[217]">&gt;&gt;</a>&nbsp;&nbsp;&nbsp;qxwz_ntrip_send_header
</UL>

<P><STRONG><a name="[20b]"></a>strcat</STRONG> (Thumb, 24 bytes, Stack size 0 bytes, strcat.o(.text))
<BR><BR>[Called By]<UL><LI><a href="#[206]">&gt;&gt;</a>&nbsp;&nbsp;&nbsp;qxwz_api_sign
</UL>

<P><STRONG><a name="[1fc]"></a>__aeabi_memcpy</STRONG> (Thumb, 0 bytes, Stack size 0 bytes, rt_memcpy_v6.o(.text))
<BR><BR>[Called By]<UL><LI><a href="#[180]">&gt;&gt;</a>&nbsp;&nbsp;&nbsp;qxwz_on_soc_data_received
<LI><a href="#[217]">&gt;&gt;</a>&nbsp;&nbsp;&nbsp;qxwz_ntrip_send_header
<LI><a href="#[205]">&gt;&gt;</a>&nbsp;&nbsp;&nbsp;ntrip_auth_sign
<LI><a href="#[200]">&gt;&gt;</a>&nbsp;&nbsp;&nbsp;isc_sha512_update
<LI><a href="#[1fd]">&gt;&gt;</a>&nbsp;&nbsp;&nbsp;isc_hmacsha384_sign
<LI><a href="#[1f8]">&gt;&gt;</a>&nbsp;&nbsp;&nbsp;isc_hmacsha384_init
</UL>

<P><STRONG><a name="[c5]"></a>__rt_memcpy</STRONG> (Thumb, 138 bytes, Stack size 0 bytes, rt_memcpy_v6.o(.text), UNUSED)
<BR><BR>[Calls]<UL><LI><a href="#[c6]">&gt;&gt;</a>&nbsp;&nbsp;&nbsp;__aeabi_memcpy4
</UL>

<P><STRONG><a name="[25f]"></a>_memcpy_lastbytes</STRONG> (Thumb, 0 bytes, Stack size unknown bytes, rt_memcpy_v6.o(.text), UNUSED)

<P><STRONG><a name="[c6]"></a>__aeabi_memcpy4</STRONG> (Thumb, 0 bytes, Stack size 8 bytes, rt_memcpy_w.o(.text))
<BR><BR>[Stack]<UL><LI>Max Depth = 8<LI>Call Chain = __aeabi_memcpy4
</UL>
<BR>[Called By]<UL><LI><a href="#[c5]">&gt;&gt;</a>&nbsp;&nbsp;&nbsp;__rt_memcpy
<LI><a href="#[1f9]">&gt;&gt;</a>&nbsp;&nbsp;&nbsp;isc_sha384_init
</UL>

<P><STRONG><a name="[260]"></a>__aeabi_memcpy8</STRONG> (Thumb, 0 bytes, Stack size 8 bytes, rt_memcpy_w.o(.text), UNUSED)

<P><STRONG><a name="[261]"></a>__rt_memcpy_w</STRONG> (Thumb, 100 bytes, Stack size 8 bytes, rt_memcpy_w.o(.text), UNUSED)

<P><STRONG><a name="[262]"></a>_memcpy_lastbytes_aligned</STRONG> (Thumb, 0 bytes, Stack size unknown bytes, rt_memcpy_w.o(.text), UNUSED)

<P><STRONG><a name="[c7]"></a>__aeabi_memset</STRONG> (Thumb, 16 bytes, Stack size 0 bytes, aeabi_memset.o(.text))
<BR><BR>[Calls]<UL><LI><a href="#[c8]">&gt;&gt;</a>&nbsp;&nbsp;&nbsp;_memset
</UL>
<BR>[Called By]<UL><LI><a href="#[1fd]">&gt;&gt;</a>&nbsp;&nbsp;&nbsp;isc_hmacsha384_sign
<LI><a href="#[1f8]">&gt;&gt;</a>&nbsp;&nbsp;&nbsp;isc_hmacsha384_init
</UL>

<P><STRONG><a name="[d5]"></a>__aeabi_memclr</STRONG> (Thumb, 0 bytes, Stack size 0 bytes, rt_memclr.o(.text))
<BR><BR>[Called By]<UL><LI><a href="#[1dd]">&gt;&gt;</a>&nbsp;&nbsp;&nbsp;Wifi_Esp_Init
<LI><a href="#[d4]">&gt;&gt;</a>&nbsp;&nbsp;&nbsp;Clean_ESP_date
<LI><a href="#[d6]">&gt;&gt;</a>&nbsp;&nbsp;&nbsp;Clear_cmd_buff
<LI><a href="#[149]">&gt;&gt;</a>&nbsp;&nbsp;&nbsp;RTK_BASE_Init
<LI><a href="#[1f3]">&gt;&gt;</a>&nbsp;&nbsp;&nbsp;qxwz_soc_error
<LI><a href="#[1e5]">&gt;&gt;</a>&nbsp;&nbsp;&nbsp;clear_buf
<LI><a href="#[217]">&gt;&gt;</a>&nbsp;&nbsp;&nbsp;qxwz_ntrip_send_header
<LI><a href="#[22d]">&gt;&gt;</a>&nbsp;&nbsp;&nbsp;socket_tick
<LI><a href="#[98]">&gt;&gt;</a>&nbsp;&nbsp;&nbsp;rtk_date_task
<LI><a href="#[1ff]">&gt;&gt;</a>&nbsp;&nbsp;&nbsp;isc_sha512_last
</UL>

<P><STRONG><a name="[c9]"></a>__rt_memclr</STRONG> (Thumb, 68 bytes, Stack size 0 bytes, rt_memclr.o(.text), UNUSED)
<BR><BR>[Calls]<UL><LI><a href="#[ca]">&gt;&gt;</a>&nbsp;&nbsp;&nbsp;_memset_w
</UL>

<P><STRONG><a name="[c8]"></a>_memset</STRONG> (Thumb, 0 bytes, Stack size unknown bytes, rt_memclr.o(.text))
<BR><BR>[Called By]<UL><LI><a href="#[c7]">&gt;&gt;</a>&nbsp;&nbsp;&nbsp;__aeabi_memset
</UL>

<P><STRONG><a name="[14b]"></a>__aeabi_memclr4</STRONG> (Thumb, 0 bytes, Stack size 4 bytes, rt_memclr_w.o(.text))
<BR><BR>[Stack]<UL><LI>Max Depth = 4<LI>Call Chain = __aeabi_memclr4
</UL>
<BR>[Called By]<UL><LI><a href="#[209]">&gt;&gt;</a>&nbsp;&nbsp;&nbsp;wifi_soc_send
<LI><a href="#[149]">&gt;&gt;</a>&nbsp;&nbsp;&nbsp;RTK_BASE_Init
<LI><a href="#[10e]">&gt;&gt;</a>&nbsp;&nbsp;&nbsp;RTK_send_cmd
<LI><a href="#[220]">&gt;&gt;</a>&nbsp;&nbsp;&nbsp;qxwz_soc_send
<LI><a href="#[223]">&gt;&gt;</a>&nbsp;&nbsp;&nbsp;qxwz_soc_connect
<LI><a href="#[20d]">&gt;&gt;</a>&nbsp;&nbsp;&nbsp;qxwz_sign_sha384
<LI><a href="#[206]">&gt;&gt;</a>&nbsp;&nbsp;&nbsp;qxwz_api_sign
<LI><a href="#[217]">&gt;&gt;</a>&nbsp;&nbsp;&nbsp;qxwz_ntrip_send_header
<LI><a href="#[205]">&gt;&gt;</a>&nbsp;&nbsp;&nbsp;ntrip_auth_sign
<LI><a href="#[1ff]">&gt;&gt;</a>&nbsp;&nbsp;&nbsp;isc_sha512_last
<LI><a href="#[1f9]">&gt;&gt;</a>&nbsp;&nbsp;&nbsp;isc_sha384_init
<LI><a href="#[1fb]">&gt;&gt;</a>&nbsp;&nbsp;&nbsp;isc_sha384_final
<LI><a href="#[1fd]">&gt;&gt;</a>&nbsp;&nbsp;&nbsp;isc_hmacsha384_sign
<LI><a href="#[1f8]">&gt;&gt;</a>&nbsp;&nbsp;&nbsp;isc_hmacsha384_init
</UL>

<P><STRONG><a name="[263]"></a>__aeabi_memclr8</STRONG> (Thumb, 0 bytes, Stack size 4 bytes, rt_memclr_w.o(.text), UNUSED)

<P><STRONG><a name="[264]"></a>__rt_memclr_w</STRONG> (Thumb, 78 bytes, Stack size 4 bytes, rt_memclr_w.o(.text), UNUSED)

<P><STRONG><a name="[ca]"></a>_memset_w</STRONG> (Thumb, 0 bytes, Stack size unknown bytes, rt_memclr_w.o(.text), UNUSED)
<BR><BR>[Called By]<UL><LI><a href="#[c9]">&gt;&gt;</a>&nbsp;&nbsp;&nbsp;__rt_memclr
</UL>

<P><STRONG><a name="[20a]"></a>strcmp</STRONG> (Thumb, 128 bytes, Stack size 0 bytes, strcmpv7m.o(.text))
<BR><BR>[Called By]<UL><LI><a href="#[8d]">&gt;&gt;</a>&nbsp;&nbsp;&nbsp;_get_lc_ctype
<LI><a href="#[17f]">&gt;&gt;</a>&nbsp;&nbsp;&nbsp;uart_recv_exception
<LI><a href="#[181]">&gt;&gt;</a>&nbsp;&nbsp;&nbsp;query_uart_buf
<LI><a href="#[206]">&gt;&gt;</a>&nbsp;&nbsp;&nbsp;qxwz_api_sign
</UL>

<P><STRONG><a name="[265]"></a>__use_two_region_memory</STRONG> (Thumb, 2 bytes, Stack size 0 bytes, heapauxi.o(.text), UNUSED)

<P><STRONG><a name="[266]"></a>__rt_heap_escrow$2region</STRONG> (Thumb, 2 bytes, Stack size 0 bytes, heapauxi.o(.text), UNUSED)

<P><STRONG><a name="[267]"></a>__rt_heap_expand$2region</STRONG> (Thumb, 2 bytes, Stack size 0 bytes, heapauxi.o(.text), UNUSED)

<P><STRONG><a name="[268]"></a>__I$use$semihosting</STRONG> (Thumb, 0 bytes, Stack size 0 bytes, use_no_semi.o(.text), UNUSED)

<P><STRONG><a name="[269]"></a>__use_no_semihosting_swi</STRONG> (Thumb, 2 bytes, Stack size 0 bytes, use_no_semi.o(.text), UNUSED)

<P><STRONG><a name="[c3]"></a>__aeabi_errno_addr</STRONG> (Thumb, 8 bytes, Stack size 0 bytes, rt_errno_addr_intlibspace.o(.text))
<BR><BR>[Called By]<UL><LI><a href="#[cf]">&gt;&gt;</a>&nbsp;&nbsp;&nbsp;_strtoul
<LI><a href="#[c4]">&gt;&gt;</a>&nbsp;&nbsp;&nbsp;strtol
<LI><a href="#[c2]">&gt;&gt;</a>&nbsp;&nbsp;&nbsp;atoi
</UL>

<P><STRONG><a name="[26a]"></a>__errno$intlibspace</STRONG> (Thumb, 0 bytes, Stack size 0 bytes, rt_errno_addr_intlibspace.o(.text), UNUSED)

<P><STRONG><a name="[26b]"></a>__rt_errno_addr$intlibspace</STRONG> (Thumb, 0 bytes, Stack size 0 bytes, rt_errno_addr_intlibspace.o(.text), UNUSED)

<P><STRONG><a name="[be]"></a>_printf_int_common</STRONG> (Thumb, 178 bytes, Stack size 32 bytes, _printf_intcommon.o(.text))
<BR><BR>[Stack]<UL><LI>Max Depth = 48<LI>Call Chain = _printf_int_common &rArr; _printf_post_padding
</UL>
<BR>[Calls]<UL><LI><a href="#[bd]">&gt;&gt;</a>&nbsp;&nbsp;&nbsp;_printf_post_padding
<LI><a href="#[bc]">&gt;&gt;</a>&nbsp;&nbsp;&nbsp;_printf_pre_padding
</UL>
<BR>[Called By]<UL><LI><a href="#[a3]">&gt;&gt;</a>&nbsp;&nbsp;&nbsp;_printf_int_hex
<LI><a href="#[a0]">&gt;&gt;</a>&nbsp;&nbsp;&nbsp;_printf_int_dec
</UL>

<P><STRONG><a name="[b9]"></a>_printf_char_common</STRONG> (Thumb, 32 bytes, Stack size 64 bytes, _printf_char_common.o(.text))
<BR><BR>[Stack]<UL><LI>Max Depth = 104 + Unknown Stack Size
<LI>Call Chain = _printf_char_common &rArr; __printf
</UL>
<BR>[Calls]<UL><LI><a href="#[bf]">&gt;&gt;</a>&nbsp;&nbsp;&nbsp;__printf
</UL>
<BR>[Called By]<UL><LI><a href="#[b7]">&gt;&gt;</a>&nbsp;&nbsp;&nbsp;_printf_char_file
<LI><a href="#[ba]">&gt;&gt;</a>&nbsp;&nbsp;&nbsp;__2snprintf
<LI><a href="#[b8]">&gt;&gt;</a>&nbsp;&nbsp;&nbsp;__2sprintf
</UL>

<P><STRONG><a name="[89]"></a>_sputc</STRONG> (Thumb, 10 bytes, Stack size 0 bytes, _sputc.o(.text))
<BR><BR>[Called By]<UL><LI><a href="#[ba]">&gt;&gt;</a>&nbsp;&nbsp;&nbsp;__2snprintf
<LI><a href="#[b8]">&gt;&gt;</a>&nbsp;&nbsp;&nbsp;__2sprintf
</UL>
<BR>[Address Reference Count : 1]<UL><LI> noretval__2sprintf.o(.text)
</UL>
<P><STRONG><a name="[8a]"></a>_snputc</STRONG> (Thumb, 16 bytes, Stack size 0 bytes, _snputc.o(.text))
<BR>[Address Reference Count : 1]<UL><LI> noretval__2snprintf.o(.text)
</UL>
<P><STRONG><a name="[cb]"></a>_printf_cs_common</STRONG> (Thumb, 20 bytes, Stack size 8 bytes, _printf_char.o(.text))
<BR><BR>[Stack]<UL><LI>Max Depth = 40<LI>Call Chain = _printf_cs_common &rArr; _printf_str &rArr; _printf_post_padding
</UL>
<BR>[Calls]<UL><LI><a href="#[bb]">&gt;&gt;</a>&nbsp;&nbsp;&nbsp;_printf_str
</UL>
<BR>[Called By]<UL><LI><a href="#[a5]">&gt;&gt;</a>&nbsp;&nbsp;&nbsp;_printf_string
<LI><a href="#[cc]">&gt;&gt;</a>&nbsp;&nbsp;&nbsp;_printf_char
</UL>

<P><STRONG><a name="[cc]"></a>_printf_char</STRONG> (Thumb, 16 bytes, Stack size 0 bytes, _printf_char.o(.text), UNUSED)
<BR><BR>[Calls]<UL><LI><a href="#[cb]">&gt;&gt;</a>&nbsp;&nbsp;&nbsp;_printf_cs_common
</UL>

<P><STRONG><a name="[a5]"></a>_printf_string</STRONG> (Thumb, 8 bytes, Stack size 0 bytes, _printf_char.o(.text))
<BR><BR>[Stack]<UL><LI>Max Depth = 40<LI>Call Chain = _printf_string &rArr; _printf_cs_common &rArr; _printf_str &rArr; _printf_post_padding
</UL>
<BR>[Calls]<UL><LI><a href="#[cb]">&gt;&gt;</a>&nbsp;&nbsp;&nbsp;_printf_cs_common
</UL>
<BR>[Called By]<UL><LI><a href="#[a4]">&gt;&gt;</a>&nbsp;&nbsp;&nbsp;_printf_s
</UL>

<P><STRONG><a name="[b7]"></a>_printf_char_file</STRONG> (Thumb, 32 bytes, Stack size 16 bytes, _printf_char_file.o(.text))
<BR><BR>[Stack]<UL><LI>Max Depth = 120 + Unknown Stack Size
<LI>Call Chain = _printf_char_file &rArr; _printf_char_common &rArr; __printf
</UL>
<BR>[Calls]<UL><LI><a href="#[cd]">&gt;&gt;</a>&nbsp;&nbsp;&nbsp;ferror
<LI><a href="#[b9]">&gt;&gt;</a>&nbsp;&nbsp;&nbsp;_printf_char_common
</UL>
<BR>[Called By]<UL><LI><a href="#[b6]">&gt;&gt;</a>&nbsp;&nbsp;&nbsp;__2printf
</UL>

<P><STRONG><a name="[c4]"></a>strtol</STRONG> (Thumb, 112 bytes, Stack size 32 bytes, strtol.o(.text))
<BR><BR>[Stack]<UL><LI>Max Depth = 72<LI>Call Chain = strtol &rArr; _strtoul
</UL>
<BR>[Calls]<UL><LI><a href="#[cf]">&gt;&gt;</a>&nbsp;&nbsp;&nbsp;_strtoul
<LI><a href="#[ce]">&gt;&gt;</a>&nbsp;&nbsp;&nbsp;__rt_ctype_table
<LI><a href="#[c3]">&gt;&gt;</a>&nbsp;&nbsp;&nbsp;__aeabi_errno_addr
</UL>
<BR>[Called By]<UL><LI><a href="#[c2]">&gt;&gt;</a>&nbsp;&nbsp;&nbsp;atoi
</UL>

<P><STRONG><a name="[26c]"></a>__user_libspace</STRONG> (Thumb, 8 bytes, Stack size 0 bytes, libspace.o(.text), UNUSED)

<P><STRONG><a name="[d1]"></a>__user_perproc_libspace</STRONG> (Thumb, 0 bytes, Stack size 0 bytes, libspace.o(.text))
<BR><BR>[Called By]<UL><LI><a href="#[ac]">&gt;&gt;</a>&nbsp;&nbsp;&nbsp;__user_setup_stackheap
</UL>

<P><STRONG><a name="[26d]"></a>__user_perthread_libspace</STRONG> (Thumb, 0 bytes, Stack size 0 bytes, libspace.o(.text), UNUSED)

<P><STRONG><a name="[ce]"></a>__rt_ctype_table</STRONG> (Thumb, 16 bytes, Stack size 8 bytes, rt_ctype_table.o(.text))
<BR><BR>[Stack]<UL><LI>Max Depth = 8<LI>Call Chain = __rt_ctype_table
</UL>
<BR>[Calls]<UL><LI><a href="#[a9]">&gt;&gt;</a>&nbsp;&nbsp;&nbsp;__rt_locale
</UL>
<BR>[Called By]<UL><LI><a href="#[c4]">&gt;&gt;</a>&nbsp;&nbsp;&nbsp;strtol
</UL>

<P><STRONG><a name="[cf]"></a>_strtoul</STRONG> (Thumb, 158 bytes, Stack size 40 bytes, _strtoul.o(.text))
<BR><BR>[Stack]<UL><LI>Max Depth = 40<LI>Call Chain = _strtoul
</UL>
<BR>[Calls]<UL><LI><a href="#[d0]">&gt;&gt;</a>&nbsp;&nbsp;&nbsp;_chval
<LI><a href="#[c3]">&gt;&gt;</a>&nbsp;&nbsp;&nbsp;__aeabi_errno_addr
</UL>
<BR>[Called By]<UL><LI><a href="#[c4]">&gt;&gt;</a>&nbsp;&nbsp;&nbsp;strtol
</UL>

<P><STRONG><a name="[cd]"></a>ferror</STRONG> (Thumb, 8 bytes, Stack size 0 bytes, ferror.o(.text))
<BR><BR>[Called By]<UL><LI><a href="#[b7]">&gt;&gt;</a>&nbsp;&nbsp;&nbsp;_printf_char_file
</UL>

<P><STRONG><a name="[ac]"></a>__user_setup_stackheap</STRONG> (Thumb, 74 bytes, Stack size 8 bytes, sys_stackheap_outer.o(.text))
<BR><BR>[Stack]<UL><LI>Max Depth = 8 + Unknown Stack Size
<LI>Call Chain = __user_setup_stackheap
</UL>
<BR>[Calls]<UL><LI><a href="#[d1]">&gt;&gt;</a>&nbsp;&nbsp;&nbsp;__user_perproc_libspace
<LI><a href="#[d2]">&gt;&gt;</a>&nbsp;&nbsp;&nbsp;__user_initial_stackheap
</UL>
<BR>[Called By]<UL><LI><a href="#[ab]">&gt;&gt;</a>&nbsp;&nbsp;&nbsp;__rt_entry_sh
</UL>

<P><STRONG><a name="[a9]"></a>__rt_locale</STRONG> (Thumb, 8 bytes, Stack size 0 bytes, rt_locale_intlibspace.o(.text))
<BR><BR>[Called By]<UL><LI><a href="#[ce]">&gt;&gt;</a>&nbsp;&nbsp;&nbsp;__rt_ctype_table
<LI><a href="#[a8]">&gt;&gt;</a>&nbsp;&nbsp;&nbsp;__rt_lib_init_lc_common
</UL>

<P><STRONG><a name="[d0]"></a>_chval</STRONG> (Thumb, 28 bytes, Stack size 0 bytes, _chval.o(.text))
<BR><BR>[Called By]<UL><LI><a href="#[cf]">&gt;&gt;</a>&nbsp;&nbsp;&nbsp;_strtoul
</UL>

<P><STRONG><a name="[b1]"></a>exit</STRONG> (Thumb, 18 bytes, Stack size 8 bytes, exit.o(.text))
<BR><BR>[Stack]<UL><LI>Max Depth = 8 + Unknown Stack Size
<LI>Call Chain = exit
</UL>
<BR>[Calls]<UL><LI><a href="#[d3]">&gt;&gt;</a>&nbsp;&nbsp;&nbsp;__rt_exit
</UL>
<BR>[Called By]<UL><LI><a href="#[af]">&gt;&gt;</a>&nbsp;&nbsp;&nbsp;__rt_entry_main
</UL>

<P><STRONG><a name="[27]"></a>BusFault_Handler</STRONG> (Thumb, 4 bytes, Stack size 0 bytes, stm32f4xx_it.o(i.BusFault_Handler))
<BR>[Address Reference Count : 1]<UL><LI> startup_stm32f427x.o(RESET)
</UL>
<P><STRONG><a name="[208]"></a>CRC_Octets</STRONG> (Thumb, 54 bytes, Stack size 12 bytes, crc24.o(i.CRC_Octets))
<BR><BR>[Stack]<UL><LI>Max Depth = 12<LI>Call Chain = CRC_Octets
</UL>
<BR>[Called By]<UL><LI><a href="#[97]">&gt;&gt;</a>&nbsp;&nbsp;&nbsp;oem_rtcm_task
</UL>

<P><STRONG><a name="[d4]"></a>Clean_ESP_date</STRONG> (Thumb, 14 bytes, Stack size 8 bytes, esp32.o(i.Clean_ESP_date))
<BR><BR>[Stack]<UL><LI>Max Depth = 8<LI>Call Chain = Clean_ESP_date
</UL>
<BR>[Calls]<UL><LI><a href="#[d5]">&gt;&gt;</a>&nbsp;&nbsp;&nbsp;__aeabi_memclr
</UL>
<BR>[Called By]<UL><LI><a href="#[99]">&gt;&gt;</a>&nbsp;&nbsp;&nbsp;esp_date_task
</UL>

<P><STRONG><a name="[38]"></a>DMA1_Stream0_IRQHandler</STRONG> (Thumb, 44 bytes, Stack size 8 bytes, iic.o(i.DMA1_Stream0_IRQHandler))
<BR><BR>[Stack]<UL><LI>Max Depth = 20<LI>Call Chain = DMA1_Stream0_IRQHandler &rArr; DMA_GetFlagStatus
</UL>
<BR>[Calls]<UL><LI><a href="#[e1]">&gt;&gt;</a>&nbsp;&nbsp;&nbsp;DMA_GetFlagStatus
<LI><a href="#[e3]">&gt;&gt;</a>&nbsp;&nbsp;&nbsp;DMA_Cmd
<LI><a href="#[e4]">&gt;&gt;</a>&nbsp;&nbsp;&nbsp;DMA_ClearFlag
<LI><a href="#[e2]">&gt;&gt;</a>&nbsp;&nbsp;&nbsp;I2C_GenerateSTOP
</UL>
<BR>[Address Reference Count : 1]<UL><LI> startup_stm32f427x.o(RESET)
</UL>
<P><STRONG><a name="[3e]"></a>DMA1_Stream6_IRQHandler</STRONG> (Thumb, 72 bytes, Stack size 8 bytes, iic.o(i.DMA1_Stream6_IRQHandler))
<BR><BR>[Stack]<UL><LI>Max Depth = 20<LI>Call Chain = DMA1_Stream6_IRQHandler &rArr; DMA_GetFlagStatus
</UL>
<BR>[Calls]<UL><LI><a href="#[e1]">&gt;&gt;</a>&nbsp;&nbsp;&nbsp;DMA_GetFlagStatus
<LI><a href="#[e3]">&gt;&gt;</a>&nbsp;&nbsp;&nbsp;DMA_Cmd
<LI><a href="#[e4]">&gt;&gt;</a>&nbsp;&nbsp;&nbsp;DMA_ClearFlag
<LI><a href="#[e5]">&gt;&gt;</a>&nbsp;&nbsp;&nbsp;I2C_GetFlagStatus
<LI><a href="#[e2]">&gt;&gt;</a>&nbsp;&nbsp;&nbsp;I2C_GenerateSTOP
</UL>
<BR>[Address Reference Count : 1]<UL><LI> startup_stm32f427x.o(RESET)
</UL>
<P><STRONG><a name="[e4]"></a>DMA_ClearFlag</STRONG> (Thumb, 38 bytes, Stack size 0 bytes, stm32f4xx_dma.o(i.DMA_ClearFlag))
<BR><BR>[Called By]<UL><LI><a href="#[163]">&gt;&gt;</a>&nbsp;&nbsp;&nbsp;SD_LowLevel_DMA_TxConfig
<LI><a href="#[15e]">&gt;&gt;</a>&nbsp;&nbsp;&nbsp;SD_LowLevel_DMA_RxConfig
<LI><a href="#[3e]">&gt;&gt;</a>&nbsp;&nbsp;&nbsp;DMA1_Stream6_IRQHandler
<LI><a href="#[38]">&gt;&gt;</a>&nbsp;&nbsp;&nbsp;DMA1_Stream0_IRQHandler
</UL>

<P><STRONG><a name="[e3]"></a>DMA_Cmd</STRONG> (Thumb, 22 bytes, Stack size 0 bytes, stm32f4xx_dma.o(i.DMA_Cmd))
<BR><BR>[Called By]<UL><LI><a href="#[163]">&gt;&gt;</a>&nbsp;&nbsp;&nbsp;SD_LowLevel_DMA_TxConfig
<LI><a href="#[15e]">&gt;&gt;</a>&nbsp;&nbsp;&nbsp;SD_LowLevel_DMA_RxConfig
<LI><a href="#[3e]">&gt;&gt;</a>&nbsp;&nbsp;&nbsp;DMA1_Stream6_IRQHandler
<LI><a href="#[38]">&gt;&gt;</a>&nbsp;&nbsp;&nbsp;DMA1_Stream0_IRQHandler
</UL>

<P><STRONG><a name="[15f]"></a>DMA_DeInit</STRONG> (Thumb, 324 bytes, Stack size 0 bytes, stm32f4xx_dma.o(i.DMA_DeInit))
<BR><BR>[Called By]<UL><LI><a href="#[163]">&gt;&gt;</a>&nbsp;&nbsp;&nbsp;SD_LowLevel_DMA_TxConfig
<LI><a href="#[15e]">&gt;&gt;</a>&nbsp;&nbsp;&nbsp;SD_LowLevel_DMA_RxConfig
</UL>

<P><STRONG><a name="[162]"></a>DMA_FlowControllerConfig</STRONG> (Thumb, 22 bytes, Stack size 0 bytes, stm32f4xx_dma.o(i.DMA_FlowControllerConfig))
<BR><BR>[Called By]<UL><LI><a href="#[163]">&gt;&gt;</a>&nbsp;&nbsp;&nbsp;SD_LowLevel_DMA_TxConfig
<LI><a href="#[15e]">&gt;&gt;</a>&nbsp;&nbsp;&nbsp;SD_LowLevel_DMA_RxConfig
</UL>

<P><STRONG><a name="[e1]"></a>DMA_GetFlagStatus</STRONG> (Thumb, 54 bytes, Stack size 12 bytes, stm32f4xx_dma.o(i.DMA_GetFlagStatus))
[...]
</UL>

<P><STRONG><a name="[de]"></a>CmdResp3Error</STRONG> (Thumb, 52 bytes, Stack size 16 bytes, stm32_eval_sdio_sd.o(i.CmdResp3Error))
<BR><BR>[Stack]<UL><LI>Max Depth = 16<LI>Call Chain = CmdResp3Error
</UL>
<BR>[Calls]<UL><LI><a href="#[d9]">&gt;&gt;</a>&nbsp;&nbsp;&nbsp;SDIO_ClearFlag
</UL>
<BR>[Called By]<UL><LI><a href="#[159]">&gt;&gt;</a>&nbsp;&nbsp;&nbsp;SD_PowerON
</UL>

<P><STRONG><a name="[df]"></a>CmdResp6Error</STRONG> (Thumb, 152 bytes, Stack size 24 bytes, stm32_eval_sdio_sd.o(i.CmdResp6Error))
<BR><BR>[Stack]<UL><LI>Max Depth = 32<LI>Call Chain = CmdResp6Error &rArr; SDIO_GetResponse
</UL>
<BR>[Calls]<UL><LI><a href="#[dc]">&gt;&gt;</a>&nbsp;&nbsp;&nbsp;SDIO_GetResponse
<LI><a href="#[db]">&gt;&gt;</a>&nbsp;&nbsp;&nbsp;SDIO_GetCommandResponse
<LI><a href="#[d9]">&gt;&gt;</a>&nbsp;&nbsp;&nbsp;SDIO_ClearFlag
</UL>
<BR>[Called By]<UL><LI><a href="#[15a]">&gt;&gt;</a>&nbsp;&nbsp;&nbsp;SD_InitializeCards
</UL>

<P><STRONG><a name="[e0]"></a>CmdResp7Error</STRONG> (Thumb, 72 bytes, Stack size 16 bytes, stm32_eval_sdio_sd.o(i.CmdResp7Error))
<BR><BR>[Stack]<UL><LI>Max Depth = 16<LI>Call Chain = CmdResp7Error
</UL>
<BR>[Calls]<UL><LI><a href="#[d9]">&gt;&gt;</a>&nbsp;&nbsp;&nbsp;SDIO_ClearFlag
</UL>
<BR>[Called By]<UL><LI><a href="#[159]">&gt;&gt;</a>&nbsp;&nbsp;&nbsp;SD_PowerON
</UL>

<P><STRONG><a name="[e8]"></a>FindSCR</STRONG> (Thumb, 386 bytes, Stack size 32 bytes, stm32_eval_sdio_sd.o(i.FindSCR))
<BR><BR>[Stack]<UL><LI>Max Depth = 64<LI>Call Chain = FindSCR &rArr; CmdResp1Error &rArr; SDIO_GetResponse
</UL>
<BR>[Calls]<UL><LI><a href="#[e9]">&gt;&gt;</a>&nbsp;&nbsp;&nbsp;SDIO_SendCommand
<LI><a href="#[eb]">&gt;&gt;</a>&nbsp;&nbsp;&nbsp;SDIO_ReadData
<LI><a href="#[d8]">&gt;&gt;</a>&nbsp;&nbsp;&nbsp;SDIO_GetFlagStatus
<LI><a href="#[ea]">&gt;&gt;</a>&nbsp;&nbsp;&nbsp;SDIO_DataConfig
<LI><a href="#[d9]">&gt;&gt;</a>&nbsp;&nbsp;&nbsp;SDIO_ClearFlag
<LI><a href="#[da]">&gt;&gt;</a>&nbsp;&nbsp;&nbsp;CmdResp1Error
</UL>
<BR>[Called By]<UL><LI><a href="#[14e]">&gt;&gt;</a>&nbsp;&nbsp;&nbsp;SDEnWideBus
</UL>

<P><STRONG><a name="[14e]"></a>SDEnWideBus</STRONG> (Thumb, 274 bytes, Stack size 24 bytes, stm32_eval_sdio_sd.o(i.SDEnWideBus))
<BR><BR>[Stack]<UL><LI>Max Depth = 88<LI>Call Chain = SDEnWideBus &rArr; FindSCR &rArr; CmdResp1Error &rArr; SDIO_GetResponse
</UL>
<BR>[Calls]<UL><LI><a href="#[e9]">&gt;&gt;</a>&nbsp;&nbsp;&nbsp;SDIO_SendCommand
<LI><a href="#[dc]">&gt;&gt;</a>&nbsp;&nbsp;&nbsp;SDIO_GetResponse
<LI><a href="#[e8]">&gt;&gt;</a>&nbsp;&nbsp;&nbsp;FindSCR
<LI><a href="#[da]">&gt;&gt;</a>&nbsp;&nbsp;&nbsp;CmdResp1Error
</UL>
<BR>[Called By]<UL><LI><a href="#[152]">&gt;&gt;</a>&nbsp;&nbsp;&nbsp;SD_EnableWideBusOperation
</UL>

<P><STRONG><a name="[14c]"></a>RTK_find_string</STRONG> (Thumb, 28 bytes, Stack size 8 bytes, rtk_base.o(i.RTK_find_string))
<BR><BR>[Stack]<UL><LI>Max Depth = 20<LI>Call Chain = RTK_find_string &rArr; strstr
</UL>
<BR>[Calls]<UL><LI><a href="#[e7]">&gt;&gt;</a>&nbsp;&nbsp;&nbsp;strstr
</UL>
<BR>[Called By]<UL><LI><a href="#[10e]">&gt;&gt;</a>&nbsp;&nbsp;&nbsp;RTK_send_cmd
</UL>

<P><STRONG><a name="[10e]"></a>RTK_send_cmd</STRONG> (Thumb, 136 bytes, Stack size 24 bytes, rtk_base.o(i.RTK_send_cmd))
<BR><BR>[Stack]<UL><LI>Max Depth = 44<LI>Call Chain = RTK_send_cmd &rArr; RTK_find_string &rArr; strstr
</UL>
<BR>[Calls]<UL><LI><a href="#[14d]">&gt;&gt;</a>&nbsp;&nbsp;&nbsp;UART_SendString
<LI><a href="#[14c]">&gt;&gt;</a>&nbsp;&nbsp;&nbsp;RTK_find_string
<LI><a href="#[14b]">&gt;&gt;</a>&nbsp;&nbsp;&nbsp;__aeabi_memclr4
</UL>
<BR>[Called By]<UL><LI><a href="#[10f]">&gt;&gt;</a>&nbsp;&nbsp;&nbsp;OEM_RTK_BASE
<LI><a href="#[10c]">&gt;&gt;</a>&nbsp;&nbsp;&nbsp;OEM_Init_output
</UL>

<P><STRONG><a name="[d6]"></a>Clear_cmd_buff</STRONG> (Thumb, 18 bytes, Stack size 8 bytes, esp32.o(i.Clear_cmd_buff))
<BR><BR>[Stack]<UL><LI>Max Depth = 8<LI>Call Chain = Clear_cmd_buff
</UL>
<BR>[Calls]<UL><LI><a href="#[d5]">&gt;&gt;</a>&nbsp;&nbsp;&nbsp;__aeabi_memclr
</UL>
<BR>[Called By]<UL><LI><a href="#[236]">&gt;&gt;</a>&nbsp;&nbsp;&nbsp;wifi_send_comd
<LI><a href="#[e6]">&gt;&gt;</a>&nbsp;&nbsp;&nbsp;ESP_uart_buff
</UL>

<P><STRONG><a name="[e6]"></a>ESP_uart_buff</STRONG> (Thumb, 306 bytes, Stack size 16 bytes, esp32.o(i.ESP_uart_buff))
<BR><BR>[Stack]<UL><LI>Max Depth = 160 + Unknown Stack Size
<LI>Call Chain = ESP_uart_buff &rArr; __2printf &rArr; _printf_char_file &rArr; _printf_char_common &rArr; __printf
</UL>
<BR>[Calls]<UL><LI><a href="#[d6]">&gt;&gt;</a>&nbsp;&nbsp;&nbsp;Clear_cmd_buff
<LI><a href="#[e7]">&gt;&gt;</a>&nbsp;&nbsp;&nbsp;strstr
<LI><a href="#[c2]">&gt;&gt;</a>&nbsp;&nbsp;&nbsp;atoi
<LI><a href="#[b6]">&gt;&gt;</a>&nbsp;&nbsp;&nbsp;__2printf
</UL>
<BR>[Called By]<UL><LI><a href="#[61]">&gt;&gt;</a>&nbsp;&nbsp;&nbsp;UART4_IRQHandler
</UL>

<P><STRONG><a name="[1ec]"></a>esp_find_string</STRONG> (Thumb, 28 bytes, Stack size 8 bytes, esp32.o(i.esp_find_string))
<BR><BR>[Stack]<UL><LI>Max Depth = 20<LI>Call Chain = esp_find_string &rArr; strstr
</UL>
<BR>[Calls]<UL><LI><a href="#[e7]">&gt;&gt;</a>&nbsp;&nbsp;&nbsp;strstr
</UL>
<BR>[Called By]<UL><LI><a href="#[236]">&gt;&gt;</a>&nbsp;&nbsp;&nbsp;wifi_send_comd
</UL>

<P><STRONG><a name="[1e5]"></a>clear_buf</STRONG> (Thumb, 18 bytes, Stack size 8 bytes, socket.o(i.clear_buf))
<BR><BR>[Stack]<UL><LI>Max Depth = 8<LI>Call Chain = clear_buf
</UL>
<BR>[Calls]<UL><LI><a href="#[d5]">&gt;&gt;</a>&nbsp;&nbsp;&nbsp;__aeabi_memclr
</UL>
<BR>[Called By]<UL><LI><a href="#[1f6]">&gt;&gt;</a>&nbsp;&nbsp;&nbsp;wait_creg
<LI><a href="#[1f5]">&gt;&gt;</a>&nbsp;&nbsp;&nbsp;send_at_command
<LI><a href="#[181]">&gt;&gt;</a>&nbsp;&nbsp;&nbsp;query_uart_buf
</UL>

<P><STRONG><a name="[1f0]"></a>find_string</STRONG> (Thumb, 28 bytes, Stack size 8 bytes, socket.o(i.find_string))
<BR><BR>[Stack]<UL><LI>Max Depth = 20<LI>Call Chain = find_string &rArr; strstr
</UL>
<BR>[Calls]<UL><LI><a href="#[e7]">&gt;&gt;</a>&nbsp;&nbsp;&nbsp;strstr
</UL>
<BR>[Called By]<UL><LI><a href="#[1f5]">&gt;&gt;</a>&nbsp;&nbsp;&nbsp;send_at_command
<LI><a href="#[1f2]">&gt;&gt;</a>&nbsp;&nbsp;&nbsp;gsm_ack_exception
</UL>

<P><STRONG><a name="[1f2]"></a>gsm_ack_exception</STRONG> (Thumb, 102 bytes, Stack size 8 bytes, socket.o(i.gsm_ack_exception))
<BR><BR>[Stack]<UL><LI>Max Depth = 152 + Unknown Stack Size
 + In Cycle
<LI>Call Chain = gsm_ack_exception &rArr;  qxwz_soc_error (Cycle)
</UL>
<BR>[Calls]<UL><LI><a href="#[1f3]">&gt;&gt;</a>&nbsp;&nbsp;&nbsp;qxwz_soc_error
<LI><a href="#[1f0]">&gt;&gt;</a>&nbsp;&nbsp;&nbsp;find_string
<LI><a href="#[b6]">&gt;&gt;</a>&nbsp;&nbsp;&nbsp;__2printf
</UL>
<BR>[Called By]<UL><LI><a href="#[1f5]">&gt;&gt;</a>&nbsp;&nbsp;&nbsp;send_at_command
</UL>

<P><STRONG><a name="[1f4]"></a>init_gsm_gprs</STRONG> (Thumb, 204 bytes, Stack size 8 bytes, socket.o(i.init_gsm_gprs))
<BR><BR>[Stack]<UL><LI>Max Depth = 192 + Unknown Stack Size
<LI>Call Chain = init_gsm_gprs &rArr; set_ate0 &rArr; send_at_command &rArr; gsm_ack_exception &rArr;  qxwz_soc_error (Cycle)
</UL>
<BR>[Calls]<UL><LI><a href="#[1f6]">&gt;&gt;</a>&nbsp;&nbsp;&nbsp;wait_creg
<LI><a href="#[1f7]">&gt;&gt;</a>&nbsp;&nbsp;&nbsp;set_ate0
<LI><a href="#[1f5]">&gt;&gt;</a>&nbsp;&nbsp;&nbsp;send_at_command
<LI><a href="#[b6]">&gt;&gt;</a>&nbsp;&nbsp;&nbsp;__2printf
</UL>
<BR>[Called By]<UL><LI><a href="#[226]">&gt;&gt;</a>&nbsp;&nbsp;&nbsp;qxwz_soc_init
</UL>

<P><STRONG><a name="[181]"></a>query_uart_buf</STRONG> (Thumb, 174 bytes, Stack size 16 bytes, socket.o(i.query_uart_buf))
<BR><BR>[Stack]<UL><LI>Max Depth = 160 + Unknown Stack Size
<LI>Call Chain = query_uart_buf &rArr; __2printf &rArr; _printf_char_file &rArr; _printf_char_common &rArr; __printf
</UL>
<BR>[Calls]<UL><LI><a href="#[1df]">&gt;&gt;</a>&nbsp;&nbsp;&nbsp;qxwz_prefs_flags_get
<LI><a href="#[1e5]">&gt;&gt;</a>&nbsp;&nbsp;&nbsp;clear_buf
<LI><a href="#[20a]">&gt;&gt;</a>&nbsp;&nbsp;&nbsp;strcmp
<LI><a href="#[e7]">&gt;&gt;</a>&nbsp;&nbsp;&nbsp;strstr
<LI><a href="#[c2]">&gt;&gt;</a>&nbsp;&nbsp;&nbsp;atoi
<LI><a href="#[b6]">&gt;&gt;</a>&nbsp;&nbsp;&nbsp;__2printf
</UL>
<BR>[Called By]<UL><LI><a href="#[52]">&gt;&gt;</a>&nbsp;&nbsp;&nbsp;USART1_IRQHandler
</UL>

<P><STRONG><a name="[226]"></a>qxwz_soc_init</STRONG> (Thumb, 44 bytes, Stack size 8 bytes, socket.o(i.qxwz_soc_init))
<BR><BR>[Stack]<UL><LI>Max Depth = 200 + Unknown Stack Size
<LI>Call Chain = qxwz_soc_init &rArr; init_gsm_gprs &rArr; set_ate0 &rArr; send_at_command &rArr; gsm_ack_exception &rArr;  qxwz_soc_error (Cycle)
</UL>
<BR>[Calls]<UL><LI><a href="#[1f4]">&gt;&gt;</a>&nbsp;&nbsp;&nbsp;init_gsm_gprs
<LI><a href="#[b6]">&gt;&gt;</a>&nbsp;&nbsp;&nbsp;__2printf
</UL>
<BR>[Called By]<UL><LI><a href="#[213]">&gt;&gt;</a>&nbsp;&nbsp;&nbsp;qxwz_soc_create
</UL>

<P><STRONG><a name="[1f5]"></a>send_at_command</STRONG> (Thumb, 150 bytes, Stack size 24 bytes, socket.o(i.send_at_command))
<BR><BR>[Stack]<UL><LI>Max Depth = 176 + Unknown Stack Size
<LI>Call Chain = send_at_command &rArr; gsm_ack_exception &rArr;  qxwz_soc_error (Cycle)
</UL>
<BR>[Calls]<UL><LI><a href="#[177]">&gt;&gt;</a>&nbsp;&nbsp;&nbsp;USART_SendData
<LI><a href="#[178]">&gt;&gt;</a>&nbsp;&nbsp;&nbsp;USART_GetFlagStatus
<LI><a href="#[14d]">&gt;&gt;</a>&nbsp;&nbsp;&nbsp;UART_SendString
<LI><a href="#[22f]">&gt;&gt;</a>&nbsp;&nbsp;&nbsp;start_at_ack_timer
<LI><a href="#[1f2]">&gt;&gt;</a>&nbsp;&nbsp;&nbsp;gsm_ack_exception
<LI><a href="#[1f0]">&gt;&gt;</a>&nbsp;&nbsp;&nbsp;find_string
<LI><a href="#[1e5]">&gt;&gt;</a>&nbsp;&nbsp;&nbsp;clear_buf
</UL>
<BR>[Called By]<UL><LI><a href="#[220]">&gt;&gt;</a>&nbsp;&nbsp;&nbsp;qxwz_soc_send
<LI><a href="#[223]">&gt;&gt;</a>&nbsp;&nbsp;&nbsp;qxwz_soc_connect
<LI><a href="#[21a]">&gt;&gt;</a>&nbsp;&nbsp;&nbsp;qxwz_soc_close
<LI><a href="#[1f7]">&gt;&gt;</a>&nbsp;&nbsp;&nbsp;set_ate0
<LI><a href="#[1f4]">&gt;&gt;</a>&nbsp;&nbsp;&nbsp;init_gsm_gprs
</UL>

<P><STRONG><a name="[1f7]"></a>set_ate0</STRONG> (Thumb, 14 bytes, Stack size 8 bytes, socket.o(i.set_ate0))
<BR><BR>[Stack]<UL><LI>Max Depth = 184 + Unknown Stack Size
<LI>Call Chain = set_ate0 &rArr; send_at_command &rArr; gsm_ack_exception &rArr;  qxwz_soc_error (Cycle)
</UL>
<BR>[Calls]<UL><LI><a href="#[1f5]">&gt;&gt;</a>&nbsp;&nbsp;&nbsp;send_at_command
</UL>
<BR>[Called By]<UL><LI><a href="#[1f4]">&gt;&gt;</a>&nbsp;&nbsp;&nbsp;init_gsm_gprs
</UL>

<P><STRONG><a name="[22f]"></a>start_at_ack_timer</STRONG> (Thumb, 12 bytes, Stack size 0 bytes, socket.o(i.start_at_ack_timer))
<BR><BR>[Called By]<UL><LI><a href="#[1f6]">&gt;&gt;</a>&nbsp;&nbsp;&nbsp;wait_creg
<LI><a href="#[1f5]">&gt;&gt;</a>&nbsp;&nbsp;&nbsp;send_at_command
</UL>

<P><STRONG><a name="[17f]"></a>uart_recv_exception</STRONG> (Thumb, 146 bytes, Stack size 8 bytes, socket.o(i.uart_recv_exception))
<BR><BR>[Stack]<UL><LI>Max Depth = 224 + Unknown Stack Size
<LI>Call Chain = uart_recv_exception &rArr; qxwz_soc_error &rArr; qxwz_ntrip_disconnect &rArr; qxwz_soc_close &rArr; send_at_command &rArr; gsm_ack_exception &rArr;  qxwz_soc_error (Cycle)
</UL>
<BR>[Calls]<UL><LI><a href="#[1f3]">&gt;&gt;</a>&nbsp;&nbsp;&nbsp;qxwz_soc_error
<LI><a href="#[20a]">&gt;&gt;</a>&nbsp;&nbsp;&nbsp;strcmp
</UL>
<BR>[Called By]<UL><LI><a href="#[52]">&gt;&gt;</a>&nbsp;&nbsp;&nbsp;USART1_IRQHandler
</UL>

<P><STRONG><a name="[1e3]"></a>check_fs</STRONG> (Thumb, 140 bytes, Stack size 16 bytes, ff.o(i.check_fs))
<BR><BR>[Stack]<UL><LI>Max Depth = 260<LI>Call Chain = check_fs &rArr; move_window &rArr; sync_window &rArr; disk_write &rArr; USBH_UDISK_Write &rArr; USBH_MSC_HandleBOTXfer &rArr; USBH_BulkSendData &rArr; HCD_SubmitRequest &rArr; USB_OTG_HC_StartXfer &rArr; USB_OTG_WritePacket
</UL>
<BR>[Calls]<UL><LI><a href="#[1e4]">&gt;&gt;</a>&nbsp;&nbsp;&nbsp;move_window
</UL>
<BR>[Called By]<UL><LI><a href="#[1ef]">&gt;&gt;</a>&nbsp;&nbsp;&nbsp;find_volume
</UL>

<P><STRONG><a name="[1ef]"></a>find_volume</STRONG> (Thumb, 900 bytes, Stack size 88 bytes, ff.o(i.find_volume))
<BR><BR>[Stack]<UL><LI>Max Depth = 348<LI>Call Chain = find_volume &rArr; check_fs &rArr; move_window &rArr; sync_window &rArr; disk_write &rArr; USBH_UDISK_Write &rArr; USBH_MSC_HandleBOTXfer &rArr; USBH_BulkSendData &rArr; HCD_SubmitRequest &rArr; USB_OTG_HC_StartXfer &rArr; USB_OTG_WritePacket
</UL>
<BR>[Calls]<UL><LI><a href="#[1e4]">&gt;&gt;</a>&nbsp;&nbsp;&nbsp;move_window
<LI><a href="#[1ee]">&gt;&gt;</a>&nbsp;&nbsp;&nbsp;get_ldnumber
<LI><a href="#[1e3]">&gt;&gt;</a>&nbsp;&nbsp;&nbsp;check_fs
<LI><a href="#[1e9]">&gt;&gt;</a>&nbsp;&nbsp;&nbsp;disk_status
<LI><a href="#[1e7]">&gt;&gt;</a>&nbsp;&nbsp;&nbsp;disk_initialize
</UL>
<BR>[Called By]<UL><LI><a href="#[1ed]">&gt;&gt;</a>&nbsp;&nbsp;&nbsp;f_mount
</UL>

<P><STRONG><a name="[1ee]"></a>get_ldnumber</STRONG> (Thumb, 72 bytes, Stack size 16 bytes, ff.o(i.get_ldnumber))
<BR><BR>[Stack]<UL><LI>Max Depth = 16<LI>Call Chain = get_ldnumber
</UL>
<BR>[Called By]<UL><LI><a href="#[1ed]">&gt;&gt;</a>&nbsp;&nbsp;&nbsp;f_mount
<LI><a href="#[1ef]">&gt;&gt;</a>&nbsp;&nbsp;&nbsp;find_volume
</UL>

<P><STRONG><a name="[1e4]"></a>move_window</STRONG> (Thumb, 52 bytes, Stack size 16 bytes, ff.o(i.move_window))
<BR><BR>[Stack]<UL><LI>Max Depth = 244<LI>Call Chain = move_window &rArr; sync_window &rArr; disk_write &rArr; USBH_UDISK_Write &rArr; USBH_MSC_HandleBOTXfer &rArr; USBH_BulkSendData &rArr; HCD_SubmitRequest &rArr; USB_OTG_HC_StartXfer &rArr; USB_OTG_WritePacket
</UL>
<BR>[Calls]<UL><LI><a href="#[204]">&gt;&gt;</a>&nbsp;&nbsp;&nbsp;sync_window
<LI><a href="#[1e8]">&gt;&gt;</a>&nbsp;&nbsp;&nbsp;disk_read
</UL>
<BR>[Called By]<UL><LI><a href="#[1ef]">&gt;&gt;</a>&nbsp;&nbsp;&nbsp;find_volume
<LI><a href="#[1e3]">&gt;&gt;</a>&nbsp;&nbsp;&nbsp;check_fs
</UL>

<P><STRONG><a name="[204]"></a>sync_window</STRONG> (Thumb, 82 bytes, Stack size 24 bytes, ff.o(i.sync_window))
<BR><BR>[Stack]<UL><LI>Max Depth = 228<LI>Call Chain = sync_window &rArr; disk_write &rArr; USBH_UDISK_Write &rArr; USBH_MSC_HandleBOTXfer &rArr; USBH_BulkSendData &rArr; HCD_SubmitRequest &rArr; USB_OTG_HC_StartXfer &rArr; USB_OTG_WritePacket
</UL>
<BR>[Calls]<UL><LI><a href="#[1ea]">&gt;&gt;</a>&nbsp;&nbsp;&nbsp;disk_write
</UL>
<BR>[Called By]<UL><LI><a href="#[1e4]">&gt;&gt;</a>&nbsp;&nbsp;&nbsp;move_window
</UL>

<P><STRONG><a name="[205]"></a>ntrip_auth_sign</STRONG> (Thumb, 138 bytes, Stack size 144 bytes, ntrip.o(i.ntrip_auth_sign))
<BR><BR>[Stack]<UL><LI>Max Depth = 1740 + Unknown Stack Size
<LI>Call Chain = ntrip_auth_sign &rArr; qxwz_api_sign &rArr; qxwz_sign_sha384 &rArr; isc_hmacsha384_init &rArr; isc_sha384_final &rArr; isc_sha512_last &rArr; isc_sha512_transform
</UL>
<BR>[Calls]<UL><LI><a href="#[206]">&gt;&gt;</a>&nbsp;&nbsp;&nbsp;qxwz_api_sign
<LI><a href="#[14b]">&gt;&gt;</a>&nbsp;&nbsp;&nbsp;__aeabi_memclr4
<LI><a href="#[1fc]">&gt;&gt;</a>&nbsp;&nbsp;&nbsp;__aeabi_memcpy
<LI><a href="#[207]">&gt;&gt;</a>&nbsp;&nbsp;&nbsp;strrchr
<LI><a href="#[b6]">&gt;&gt;</a>&nbsp;&nbsp;&nbsp;__2printf
</UL>
<BR>[Called By]<UL><LI><a href="#[217]">&gt;&gt;</a>&nbsp;&nbsp;&nbsp;qxwz_ntrip_send_header
</UL>

<P><STRONG><a name="[20e]"></a>qxwz_ntrip_connect</STRONG> (Thumb, 534 bytes, Stack size 24 bytes, ntrip.o(i.qxwz_ntrip_connect))
<BR><BR>[Stack]<UL><LI>Max Depth = 2588 + Unknown Stack Size
<LI>Call Chain = qxwz_ntrip_connect &rArr; qxwz_ntrip_send_header &rArr; ntrip_auth_sign &rArr; qxwz_api_sign &rArr; qxwz_sign_sha384 &rArr; isc_hmacsha384_init &rArr; isc_sha384_final &rArr; isc_sha512_last &rArr; isc_sha512_transform
</UL>
<BR>[Calls]<UL><LI><a href="#[1df]">&gt;&gt;</a>&nbsp;&nbsp;&nbsp;qxwz_prefs_flags_get
<LI><a href="#[213]">&gt;&gt;</a>&nbsp;&nbsp;&nbsp;qxwz_soc_create
<LI><a href="#[217]">&gt;&gt;</a>&nbsp;&nbsp;&nbsp;qxwz_ntrip_send_header
<LI><a href="#[211]">&gt;&gt;</a>&nbsp;&nbsp;&nbsp;qxwz_ntrip_report_status
<LI><a href="#[20f]">&gt;&gt;</a>&nbsp;&nbsp;&nbsp;set_httprequest_flag
<LI><a href="#[212]">&gt;&gt;</a>&nbsp;&nbsp;&nbsp;set_ntrip_connecting_flag
<LI><a href="#[218]">&gt;&gt;</a>&nbsp;&nbsp;&nbsp;socket_remove_callback
<LI><a href="#[216]">&gt;&gt;</a>&nbsp;&nbsp;&nbsp;socket_push_callback
<LI><a href="#[214]">&gt;&gt;</a>&nbsp;&nbsp;&nbsp;qxwz_soc_local_connect
<LI><a href="#[215]">&gt;&gt;</a>&nbsp;&nbsp;&nbsp;qxwz_soc_local_close
<LI><a href="#[210]">&gt;&gt;</a>&nbsp;&nbsp;&nbsp;get_soc_close_status
<LI><a href="#[207]">&gt;&gt;</a>&nbsp;&nbsp;&nbsp;strrchr
<LI><a href="#[b6]">&gt;&gt;</a>&nbsp;&nbsp;&nbsp;__2printf
</UL>
<BR>[Called By]<UL><LI><a href="#[222]">&gt;&gt;</a>&nbsp;&nbsp;&nbsp;qxwz_ntrip_tick
</UL>

<P><STRONG><a name="[21b]"></a>qxwz_ntrip_handle_data</STRONG> (Thumb, 482 bytes, Stack size 56 bytes, ntrip.o(i.qxwz_ntrip_handle_data))
<BR><BR>[Stack]<UL><LI>Max Depth = 200 + Unknown Stack Size
<LI>Call Chain = qxwz_ntrip_handle_data &rArr; __2printf &rArr; _printf_char_file &rArr; _printf_char_common &rArr; __printf
</UL>
<BR>[Calls]<UL><LI><a href="#[211]">&gt;&gt;</a>&nbsp;&nbsp;&nbsp;qxwz_ntrip_report_status
<LI><a href="#[21c]">&gt;&gt;</a>&nbsp;&nbsp;&nbsp;qxwz_ntrip_report_diff_data
<LI><a href="#[207]">&gt;&gt;</a>&nbsp;&nbsp;&nbsp;strrchr
<LI><a href="#[e7]">&gt;&gt;</a>&nbsp;&nbsp;&nbsp;strstr
<LI><a href="#[b6]">&gt;&gt;</a>&nbsp;&nbsp;&nbsp;__2printf
</UL>
<BR>[Called By]<UL><LI><a href="#[93]">&gt;&gt;</a>&nbsp;&nbsp;&nbsp;qxwz_ntrip_on_data_received
</UL>

<P><STRONG><a name="[21c]"></a>qxwz_ntrip_report_diff_data</STRONG> (Thumb, 16 bytes, Stack size 16 bytes, ntrip.o(i.qxwz_ntrip_report_diff_data))
<BR><BR>[Stack]<UL><LI>Max Depth = 16<LI>Call Chain = qxwz_ntrip_report_diff_data
</UL>
<BR>[Called By]<UL><LI><a href="#[21b]">&gt;&gt;</a>&nbsp;&nbsp;&nbsp;qxwz_ntrip_handle_data
</UL>

<P><STRONG><a name="[211]"></a>qxwz_ntrip_report_status</STRONG> (Thumb, 16 bytes, Stack size 16 bytes, ntrip.o(i.qxwz_ntrip_report_status))
<BR><BR>[Stack]<UL><LI>Max Depth = 16<LI>Call Chain = qxwz_ntrip_report_status
</UL>
<BR>[Called By]<UL><LI><a href="#[93]">&gt;&gt;</a>&nbsp;&nbsp;&nbsp;qxwz_ntrip_on_data_received
<LI><a href="#[21b]">&gt;&gt;</a>&nbsp;&nbsp;&nbsp;qxwz_ntrip_handle_data
<LI><a href="#[20e]">&gt;&gt;</a>&nbsp;&nbsp;&nbsp;qxwz_ntrip_connect
<LI><a href="#[229]">&gt;&gt;</a>&nbsp;&nbsp;&nbsp;set_ntrip_connect_status
<LI><a href="#[219]">&gt;&gt;</a>&nbsp;&nbsp;&nbsp;qxwz_ntrip_disconnect
</UL>

<P><STRONG><a name="[217]"></a>qxwz_ntrip_send_header</STRONG> (Thumb, 346 bytes, Stack size 824 bytes, ntrip.o(i.qxwz_ntrip_send_header))
<BR><BR>[Stack]<UL><LI>Max Depth = 2564 + Unknown Stack Size
<LI>Call Chain = qxwz_ntrip_send_header &rArr; ntrip_auth_sign &rArr; qxwz_api_sign &rArr; qxwz_sign_sha384 &rArr; isc_hmacsha384_init &rArr; isc_sha384_final &rArr; isc_sha512_last &rArr; isc_sha512_transform
</UL>
<BR>[Calls]<UL><LI><a href="#[1df]">&gt;&gt;</a>&nbsp;&nbsp;&nbsp;qxwz_prefs_flags_get
<LI><a href="#[220]">&gt;&gt;</a>&nbsp;&nbsp;&nbsp;qxwz_soc_send
<LI><a href="#[205]">&gt;&gt;</a>&nbsp;&nbsp;&nbsp;ntrip_auth_sign
<LI><a href="#[21e]">&gt;&gt;</a>&nbsp;&nbsp;&nbsp;makekvpair
<LI><a href="#[221]">&gt;&gt;</a>&nbsp;&nbsp;&nbsp;set_ntrip_header_send_flag
<LI><a href="#[21d]">&gt;&gt;</a>&nbsp;&nbsp;&nbsp;get_sdk_timestamp
<LI><a href="#[21f]">&gt;&gt;</a>&nbsp;&nbsp;&nbsp;get_qxwz_config
<LI><a href="#[14b]">&gt;&gt;</a>&nbsp;&nbsp;&nbsp;__aeabi_memclr4
<LI><a href="#[d5]">&gt;&gt;</a>&nbsp;&nbsp;&nbsp;__aeabi_memclr
<LI><a href="#[1fc]">&gt;&gt;</a>&nbsp;&nbsp;&nbsp;__aeabi_memcpy
<LI><a href="#[20c]">&gt;&gt;</a>&nbsp;&nbsp;&nbsp;strlen
<LI><a href="#[207]">&gt;&gt;</a>&nbsp;&nbsp;&nbsp;strrchr
<LI><a href="#[ba]">&gt;&gt;</a>&nbsp;&nbsp;&nbsp;__2snprintf
<LI><a href="#[b8]">&gt;&gt;</a>&nbsp;&nbsp;&nbsp;__2sprintf
<LI><a href="#[b6]">&gt;&gt;</a>&nbsp;&nbsp;&nbsp;__2printf
</UL>
<BR>[Called By]<UL><LI><a href="#[20e]">&gt;&gt;</a>&nbsp;&nbsp;&nbsp;qxwz_ntrip_connect
</UL>

<P><STRONG><a name="[8b]"></a>_printf_input_char</STRONG> (Thumb, 10 bytes, Stack size 0 bytes, _printf_char_common.o(.text))
<BR>[Address Reference Count : 1]<UL><LI> _printf_char_common.o(.text)
</UL><P>
<H3>
Undefined Global Symbols
</H3><HR></body></html>
